[0.092s] DEBUG:colcon:Command line arguments: ['/usr/bin/colcon', 'build']
[0.093s] DEBUG:colcon:Parsed command line arguments: Namespace(log_base=None, log_level=None, verb_name='build', build_base='build', install_base='install', merge_install=False, symlink_install=False, test_result_base=None, continue_on_error=False, executor='parallel', parallel_workers=8, event_handlers=None, ignore_user_meta=False, metas=['./colcon.meta'], base_paths=['.'], packages_ignore=None, packages_ignore_regex=None, paths=None, packages_up_to=None, packages_up_to_regex=None, packages_above=None, packages_above_and_dependencies=None, packages_above_depth=None, packages_select_by_dep=None, packages_skip_by_dep=None, packages_skip_up_to=None, packages_select_build_failed=False, packages_skip_build_finished=False, packages_select_test_failures=False, packages_skip_test_passed=False, packages_select=None, packages_skip=None, packages_select_regex=None, packages_skip_regex=None, packages_start=None, packages_end=None, allow_overriding=[], cmake_args=None, cmake_target=None, cmake_target_skip_unavailable=False, cmake_clean_cache=False, cmake_clean_first=False, cmake_force_configure=False, ament_cmake_args=None, catkin_cmake_args=None, catkin_skip_building_tests=False, mixin_files=None, mixin=None, verb_parser=<colcon_mixin.mixin.mixin_argument.MixinArgumentDecorator object at 0x74db3e8566e0>, verb_extension=<colcon_core.verb.build.BuildVerb object at 0x74db3e855ff0>, main=<bound method BuildVerb.main of <colcon_core.verb.build.BuildVerb object at 0x74db3e855ff0>>, mixin_verb=('build',))
[0.241s] Level 1:colcon.colcon_core.package_discovery:discover_packages(colcon_meta) check parameters
[0.241s] Level 1:colcon.colcon_core.package_discovery:discover_packages(recursive) check parameters
[0.241s] Level 1:colcon.colcon_core.package_discovery:discover_packages(ignore) check parameters
[0.241s] Level 1:colcon.colcon_core.package_discovery:discover_packages(path) check parameters
[0.241s] Level 1:colcon.colcon_core.package_discovery:discover_packages(colcon_meta) discover
[0.241s] Level 1:colcon.colcon_core.package_discovery:discover_packages(recursive) discover
[0.241s] INFO:colcon.colcon_core.package_discovery:Crawling recursively for packages in '/home/nqh/dt_yolo'
[0.241s] Level 1:colcon.colcon_core.package_identification:_identify(.) by extensions ['ignore', 'ignore_ament_install']
[0.242s] Level 1:colcon.colcon_core.package_identification:_identify(.) by extension 'ignore'
[0.242s] Level 1:colcon.colcon_core.package_identification:_identify(.) by extension 'ignore_ament_install'
[0.242s] Level 1:colcon.colcon_core.package_identification:_identify(.) by extensions ['colcon_pkg']
[0.242s] Level 1:colcon.colcon_core.package_identification:_identify(.) by extension 'colcon_pkg'
[0.242s] Level 1:colcon.colcon_core.package_identification:_identify(.) by extensions ['colcon_meta']
[0.242s] Level 1:colcon.colcon_core.package_identification:_identify(.) by extension 'colcon_meta'
[0.242s] Level 1:colcon.colcon_core.package_identification:_identify(.) by extensions ['ros']
[0.242s] Level 1:colcon.colcon_core.package_identification:_identify(.) by extension 'ros'
[0.251s] Level 1:colcon.colcon_core.package_identification:_identify(.) by extensions ['cmake', 'python']
[0.251s] Level 1:colcon.colcon_core.package_identification:_identify(.) by extension 'cmake'
[0.251s] Level 1:colcon.colcon_core.package_identification:_identify(.) by extension 'python'
[0.251s] Level 1:colcon.colcon_core.package_identification:_identify(.) by extensions ['python_setup_py']
[0.251s] Level 1:colcon.colcon_core.package_identification:_identify(.) by extension 'python_setup_py'
[0.251s] Level 1:colcon.colcon_core.package_identification:_identify(build) by extensions ['ignore', 'ignore_ament_install']
[0.251s] Level 1:colcon.colcon_core.package_identification:_identify(build) by extension 'ignore'
[0.251s] Level 1:colcon.colcon_core.package_identification:_identify(build) ignored
[0.251s] Level 1:colcon.colcon_core.package_identification:_identify(install) by extensions ['ignore', 'ignore_ament_install']
[0.251s] Level 1:colcon.colcon_core.package_identification:_identify(install) by extension 'ignore'
[0.251s] Level 1:colcon.colcon_core.package_identification:_identify(install) ignored
[0.251s] Level 1:colcon.colcon_core.package_identification:_identify(log) by extensions ['ignore', 'ignore_ament_install']
[0.251s] Level 1:colcon.colcon_core.package_identification:_identify(log) by extension 'ignore'
[0.252s] Level 1:colcon.colcon_core.package_identification:_identify(log) ignored
[0.252s] Level 1:colcon.colcon_core.package_identification:_identify(src) by extensions ['ignore', 'ignore_ament_install']
[0.252s] Level 1:colcon.colcon_core.package_identification:_identify(src) by extension 'ignore'
[0.252s] Level 1:colcon.colcon_core.package_identification:_identify(src) by extension 'ignore_ament_install'
[0.252s] Level 1:colcon.colcon_core.package_identification:_identify(src) by extensions ['colcon_pkg']
[0.252s] Level 1:colcon.colcon_core.package_identification:_identify(src) by extension 'colcon_pkg'
[0.252s] Level 1:colcon.colcon_core.package_identification:_identify(src) by extensions ['colcon_meta']
[0.252s] Level 1:colcon.colcon_core.package_identification:_identify(src) by extension 'colcon_meta'
[0.252s] Level 1:colcon.colcon_core.package_identification:_identify(src) by extensions ['ros']
[0.252s] Level 1:colcon.colcon_core.package_identification:_identify(src) by extension 'ros'
[0.252s] Level 1:colcon.colcon_core.package_identification:_identify(src) by extensions ['cmake', 'python']
[0.252s] Level 1:colcon.colcon_core.package_identification:_identify(src) by extension 'cmake'
[0.252s] Level 1:colcon.colcon_core.package_identification:_identify(src) by extension 'python'
[0.252s] Level 1:colcon.colcon_core.package_identification:_identify(src) by extensions ['python_setup_py']
[0.252s] Level 1:colcon.colcon_core.package_identification:_identify(src) by extension 'python_setup_py'
[0.252s] Level 1:colcon.colcon_core.package_identification:_identify(src/yolobot_recognition) by extensions ['ignore', 'ignore_ament_install']
[0.252s] Level 1:colcon.colcon_core.package_identification:_identify(src/yolobot_recognition) by extension 'ignore'
[0.252s] Level 1:colcon.colcon_core.package_identification:_identify(src/yolobot_recognition) by extension 'ignore_ament_install'
[0.252s] Level 1:colcon.colcon_core.package_identification:_identify(src/yolobot_recognition) by extensions ['colcon_pkg']
[0.252s] Level 1:colcon.colcon_core.package_identification:_identify(src/yolobot_recognition) by extension 'colcon_pkg'
[0.252s] Level 1:colcon.colcon_core.package_identification:_identify(src/yolobot_recognition) by extensions ['colcon_meta']
[0.252s] Level 1:colcon.colcon_core.package_identification:_identify(src/yolobot_recognition) by extension 'colcon_meta'
[0.252s] Level 1:colcon.colcon_core.package_identification:_identify(src/yolobot_recognition) by extensions ['ros']
[0.252s] Level 1:colcon.colcon_core.package_identification:_identify(src/yolobot_recognition) by extension 'ros'
[0.254s] DEBUG:colcon.colcon_core.package_identification:Package 'src/yolobot_recognition' with type 'ros.ament_cmake' and name 'yolobot_recognition'
[0.254s] Level 1:colcon.colcon_core.package_identification:_identify(src/yolov8_msgs) by extensions ['ignore', 'ignore_ament_install']
[0.254s] Level 1:colcon.colcon_core.package_identification:_identify(src/yolov8_msgs) by extension 'ignore'
[0.254s] Level 1:colcon.colcon_core.package_identification:_identify(src/yolov8_msgs) by extension 'ignore_ament_install'
[0.255s] Level 1:colcon.colcon_core.package_identification:_identify(src/yolov8_msgs) by extensions ['colcon_pkg']
[0.255s] Level 1:colcon.colcon_core.package_identification:_identify(src/yolov8_msgs) by extension 'colcon_pkg'
[0.255s] Level 1:colcon.colcon_core.package_identification:_identify(src/yolov8_msgs) by extensions ['colcon_meta']
[0.255s] Level 1:colcon.colcon_core.package_identification:_identify(src/yolov8_msgs) by extension 'colcon_meta'
[0.255s] Level 1:colcon.colcon_core.package_identification:_identify(src/yolov8_msgs) by extensions ['ros']
[0.255s] Level 1:colcon.colcon_core.package_identification:_identify(src/yolov8_msgs) by extension 'ros'
[0.255s] DEBUG:colcon.colcon_core.package_identification:Package 'src/yolov8_msgs' with type 'ros.ament_cmake' and name 'yolov8_msgs'
[0.255s] Level 1:colcon.colcon_core.package_identification:_identify(~) by extensions ['ignore', 'ignore_ament_install']
[0.255s] Level 1:colcon.colcon_core.package_identification:_identify(~) by extension 'ignore'
[0.256s] Level 1:colcon.colcon_core.package_identification:_identify(~) by extension 'ignore_ament_install'
[0.256s] Level 1:colcon.colcon_core.package_identification:_identify(~) by extensions ['colcon_pkg']
[0.256s] Level 1:colcon.colcon_core.package_identification:_identify(~) by extension 'colcon_pkg'
[0.256s] Level 1:colcon.colcon_core.package_identification:_identify(~) by extensions ['colcon_meta']
[0.256s] Level 1:colcon.colcon_core.package_identification:_identify(~) by extension 'colcon_meta'
[0.256s] Level 1:colcon.colcon_core.package_identification:_identify(~) by extensions ['ros']
[0.256s] Level 1:colcon.colcon_core.package_identification:_identify(~) by extension 'ros'
[0.256s] Level 1:colcon.colcon_core.package_identification:_identify(~) by extensions ['cmake', 'python']
[0.256s] Level 1:colcon.colcon_core.package_identification:_identify(~) by extension 'cmake'
[0.256s] Level 1:colcon.colcon_core.package_identification:_identify(~) by extension 'python'
[0.256s] Level 1:colcon.colcon_core.package_identification:_identify(~) by extensions ['python_setup_py']
[0.256s] Level 1:colcon.colcon_core.package_identification:_identify(~) by extension 'python_setup_py'
[0.256s] Level 1:colcon.colcon_core.package_identification:_identify(~/dt_yolo) by extensions ['ignore', 'ignore_ament_install']
[0.256s] Level 1:colcon.colcon_core.package_identification:_identify(~/dt_yolo) by extension 'ignore'
[0.256s] Level 1:colcon.colcon_core.package_identification:_identify(~/dt_yolo) by extension 'ignore_ament_install'
[0.256s] Level 1:colcon.colcon_core.package_identification:_identify(~/dt_yolo) by extensions ['colcon_pkg']
[0.256s] Level 1:colcon.colcon_core.package_identification:_identify(~/dt_yolo) by extension 'colcon_pkg'
[0.256s] Level 1:colcon.colcon_core.package_identification:_identify(~/dt_yolo) by extensions ['colcon_meta']
[0.256s] Level 1:colcon.colcon_core.package_identification:_identify(~/dt_yolo) by extension 'colcon_meta'
[0.256s] Level 1:colcon.colcon_core.package_identification:_identify(~/dt_yolo) by extensions ['ros']
[0.256s] Level 1:colcon.colcon_core.package_identification:_identify(~/dt_yolo) by extension 'ros'
[0.256s] Level 1:colcon.colcon_core.package_identification:_identify(~/dt_yolo) by extensions ['cmake', 'python']
[0.256s] Level 1:colcon.colcon_core.package_identification:_identify(~/dt_yolo) by extension 'cmake'
[0.256s] Level 1:colcon.colcon_core.package_identification:_identify(~/dt_yolo) by extension 'python'
[0.256s] Level 1:colcon.colcon_core.package_identification:_identify(~/dt_yolo) by extensions ['python_setup_py']
[0.257s] Level 1:colcon.colcon_core.package_identification:_identify(~/dt_yolo) by extension 'python_setup_py'
[0.257s] Level 1:colcon.colcon_core.package_identification:_identify(~/dt_yolo/src) by extensions ['ignore', 'ignore_ament_install']
[0.257s] Level 1:colcon.colcon_core.package_identification:_identify(~/dt_yolo/src) by extension 'ignore'
[0.257s] Level 1:colcon.colcon_core.package_identification:_identify(~/dt_yolo/src) by extension 'ignore_ament_install'
[0.257s] Level 1:colcon.colcon_core.package_identification:_identify(~/dt_yolo/src) by extensions ['colcon_pkg']
[0.257s] Level 1:colcon.colcon_core.package_identification:_identify(~/dt_yolo/src) by extension 'colcon_pkg'
[0.257s] Level 1:colcon.colcon_core.package_identification:_identify(~/dt_yolo/src) by extensions ['colcon_meta']
[0.257s] Level 1:colcon.colcon_core.package_identification:_identify(~/dt_yolo/src) by extension 'colcon_meta'
[0.257s] Level 1:colcon.colcon_core.package_identification:_identify(~/dt_yolo/src) by extensions ['ros']
[0.257s] Level 1:colcon.colcon_core.package_identification:_identify(~/dt_yolo/src) by extension 'ros'
[0.257s] Level 1:colcon.colcon_core.package_identification:_identify(~/dt_yolo/src) by extensions ['cmake', 'python']
[0.257s] Level 1:colcon.colcon_core.package_identification:_identify(~/dt_yolo/src) by extension 'cmake'
[0.257s] Level 1:colcon.colcon_core.package_identification:_identify(~/dt_yolo/src) by extension 'python'
[0.257s] Level 1:colcon.colcon_core.package_identification:_identify(~/dt_yolo/src) by extensions ['python_setup_py']
[0.257s] Level 1:colcon.colcon_core.package_identification:_identify(~/dt_yolo/src) by extension 'python_setup_py'
[0.257s] Level 1:colcon.colcon_core.package_identification:_identify(~/dt_yolo/src/yolobot_recognition) by extensions ['ignore', 'ignore_ament_install']
[0.257s] Level 1:colcon.colcon_core.package_identification:_identify(~/dt_yolo/src/yolobot_recognition) by extension 'ignore'
[0.257s] Level 1:colcon.colcon_core.package_identification:_identify(~/dt_yolo/src/yolobot_recognition) by extension 'ignore_ament_install'
[0.257s] Level 1:colcon.colcon_core.package_identification:_identify(~/dt_yolo/src/yolobot_recognition) by extensions ['colcon_pkg']
[0.257s] Level 1:colcon.colcon_core.package_identification:_identify(~/dt_yolo/src/yolobot_recognition) by extension 'colcon_pkg'
[0.257s] Level 1:colcon.colcon_core.package_identification:_identify(~/dt_yolo/src/yolobot_recognition) by extensions ['colcon_meta']
[0.257s] Level 1:colcon.colcon_core.package_identification:_identify(~/dt_yolo/src/yolobot_recognition) by extension 'colcon_meta'
[0.257s] Level 1:colcon.colcon_core.package_identification:_identify(~/dt_yolo/src/yolobot_recognition) by extensions ['ros']
[0.257s] Level 1:colcon.colcon_core.package_identification:_identify(~/dt_yolo/src/yolobot_recognition) by extension 'ros'
[0.258s] Level 1:colcon.colcon_core.package_identification:_identify(~/dt_yolo/src/yolobot_recognition) by extensions ['cmake', 'python']
[0.258s] Level 1:colcon.colcon_core.package_identification:_identify(~/dt_yolo/src/yolobot_recognition) by extension 'cmake'
[0.258s] Level 1:colcon.colcon_core.package_identification:_identify(~/dt_yolo/src/yolobot_recognition) by extension 'python'
[0.258s] Level 1:colcon.colcon_core.package_identification:_identify(~/dt_yolo/src/yolobot_recognition) by extensions ['python_setup_py']
[0.258s] Level 1:colcon.colcon_core.package_identification:_identify(~/dt_yolo/src/yolobot_recognition) by extension 'python_setup_py'
[0.258s] Level 1:colcon.colcon_core.package_identification:_identify(~/dt_yolo/src/yolobot_recognition/scripts) by extensions ['ignore', 'ignore_ament_install']
[0.258s] Level 1:colcon.colcon_core.package_identification:_identify(~/dt_yolo/src/yolobot_recognition/scripts) by extension 'ignore'
[0.258s] Level 1:colcon.colcon_core.package_identification:_identify(~/dt_yolo/src/yolobot_recognition/scripts) by extension 'ignore_ament_install'
[0.258s] Level 1:colcon.colcon_core.package_identification:_identify(~/dt_yolo/src/yolobot_recognition/scripts) by extensions ['colcon_pkg']
[0.258s] Level 1:colcon.colcon_core.package_identification:_identify(~/dt_yolo/src/yolobot_recognition/scripts) by extension 'colcon_pkg'
[0.258s] Level 1:colcon.colcon_core.package_identification:_identify(~/dt_yolo/src/yolobot_recognition/scripts) by extensions ['colcon_meta']
[0.258s] Level 1:colcon.colcon_core.package_identification:_identify(~/dt_yolo/src/yolobot_recognition/scripts) by extension 'colcon_meta'
[0.258s] Level 1:colcon.colcon_core.package_identification:_identify(~/dt_yolo/src/yolobot_recognition/scripts) by extensions ['ros']
[0.258s] Level 1:colcon.colcon_core.package_identification:_identify(~/dt_yolo/src/yolobot_recognition/scripts) by extension 'ros'
[0.258s] Level 1:colcon.colcon_core.package_identification:_identify(~/dt_yolo/src/yolobot_recognition/scripts) by extensions ['cmake', 'python']
[0.258s] Level 1:colcon.colcon_core.package_identification:_identify(~/dt_yolo/src/yolobot_recognition/scripts) by extension 'cmake'
[0.258s] Level 1:colcon.colcon_core.package_identification:_identify(~/dt_yolo/src/yolobot_recognition/scripts) by extension 'python'
[0.258s] Level 1:colcon.colcon_core.package_identification:_identify(~/dt_yolo/src/yolobot_recognition/scripts) by extensions ['python_setup_py']
[0.258s] Level 1:colcon.colcon_core.package_identification:_identify(~/dt_yolo/src/yolobot_recognition/scripts) by extension 'python_setup_py'
[0.258s] Level 1:colcon.colcon_core.package_discovery:discover_packages(recursive) using defaults
[0.258s] Level 1:colcon.colcon_core.package_discovery:discover_packages(ignore) discover
[0.258s] Level 1:colcon.colcon_core.package_discovery:discover_packages(ignore) using defaults
[0.258s] Level 1:colcon.colcon_core.package_discovery:discover_packages(path) discover
[0.258s] Level 1:colcon.colcon_core.package_discovery:discover_packages(path) using defaults
[0.283s] Level 1:colcon.colcon_core.package_discovery:discover_packages(prefix_path) check parameters
[0.283s] Level 1:colcon.colcon_core.package_discovery:discover_packages(prefix_path) discover
[0.284s] WARNING:colcon.colcon_ros.prefix_path.ament:The path '/home/nqh/dt_yolo/install/yolov8_msgs' in the environment variable AMENT_PREFIX_PATH doesn't exist
[0.284s] WARNING:colcon.colcon_ros.prefix_path.ament:The path '/home/nqh/dt_yolo/install/yolobot_recognition' in the environment variable AMENT_PREFIX_PATH doesn't exist
[0.284s] WARNING:colcon.colcon_ros.prefix_path.catkin:The path '/home/nqh/dt_yolo/install/yolov8_msgs' in the environment variable CMAKE_PREFIX_PATH doesn't exist
[0.284s] WARNING:colcon.colcon_ros.prefix_path.catkin:The path '/home/nqh/dt_yolo/install/yolobot_recognition' in the environment variable CMAKE_PREFIX_PATH doesn't exist
[0.285s] DEBUG:colcon.colcon_installed_package_information.package_discovery:Found 0 installed packages in /home/nqh/dt_yolo/install
[0.285s] DEBUG:colcon.colcon_installed_package_information.package_discovery:Found 5 installed packages in /home/nqh/yolobot/install
[0.285s] DEBUG:colcon.colcon_installed_package_information.package_discovery:Found 3 installed packages in /home/nqh/Fire_Alarm_Robot/dev_ws/install
[0.287s] DEBUG:colcon.colcon_installed_package_information.package_discovery:Found 351 installed packages in /opt/ros/humble
[0.288s] Level 1:colcon.colcon_core.package_discovery:discover_packages(prefix_path) using defaults
[0.327s] Level 5:colcon.colcon_core.verb:set package 'yolobot_recognition' build argument 'cmake_args' from command line to 'None'
[0.327s] Level 5:colcon.colcon_core.verb:set package 'yolobot_recognition' build argument 'cmake_target' from command line to 'None'
[0.327s] Level 5:colcon.colcon_core.verb:set package 'yolobot_recognition' build argument 'cmake_target_skip_unavailable' from command line to 'False'
[0.327s] Level 5:colcon.colcon_core.verb:set package 'yolobot_recognition' build argument 'cmake_clean_cache' from command line to 'False'
[0.327s] Level 5:colcon.colcon_core.verb:set package 'yolobot_recognition' build argument 'cmake_clean_first' from command line to 'False'
[0.327s] Level 5:colcon.colcon_core.verb:set package 'yolobot_recognition' build argument 'cmake_force_configure' from command line to 'False'
[0.327s] Level 5:colcon.colcon_core.verb:set package 'yolobot_recognition' build argument 'ament_cmake_args' from command line to 'None'
[0.327s] Level 5:colcon.colcon_core.verb:set package 'yolobot_recognition' build argument 'catkin_cmake_args' from command line to 'None'
[0.327s] Level 5:colcon.colcon_core.verb:set package 'yolobot_recognition' build argument 'catkin_skip_building_tests' from command line to 'False'
[0.327s] DEBUG:colcon.colcon_core.verb:Building package 'yolobot_recognition' with the following arguments: {'ament_cmake_args': None, 'build_base': '/home/nqh/dt_yolo/build/yolobot_recognition', 'catkin_cmake_args': None, 'catkin_skip_building_tests': False, 'cmake_args': None, 'cmake_clean_cache': False, 'cmake_clean_first': False, 'cmake_force_configure': False, 'cmake_target': None, 'cmake_target_skip_unavailable': False, 'install_base': '/home/nqh/dt_yolo/install/yolobot_recognition', 'merge_install': False, 'path': '/home/nqh/dt_yolo/src/yolobot_recognition', 'symlink_install': False, 'test_result_base': None}
[0.327s] Level 5:colcon.colcon_core.verb:set package 'yolov8_msgs' build argument 'cmake_args' from command line to 'None'
[0.327s] Level 5:colcon.colcon_core.verb:set package 'yolov8_msgs' build argument 'cmake_target' from command line to 'None'
[0.327s] Level 5:colcon.colcon_core.verb:set package 'yolov8_msgs' build argument 'cmake_target_skip_unavailable' from command line to 'False'
[0.327s] Level 5:colcon.colcon_core.verb:set package 'yolov8_msgs' build argument 'cmake_clean_cache' from command line to 'False'
[0.327s] Level 5:colcon.colcon_core.verb:set package 'yolov8_msgs' build argument 'cmake_clean_first' from command line to 'False'
[0.327s] Level 5:colcon.colcon_core.verb:set package 'yolov8_msgs' build argument 'cmake_force_configure' from command line to 'False'
[0.327s] Level 5:colcon.colcon_core.verb:set package 'yolov8_msgs' build argument 'ament_cmake_args' from command line to 'None'
[0.327s] Level 5:colcon.colcon_core.verb:set package 'yolov8_msgs' build argument 'catkin_cmake_args' from command line to 'None'
[0.327s] Level 5:colcon.colcon_core.verb:set package 'yolov8_msgs' build argument 'catkin_skip_building_tests' from command line to 'False'
[0.327s] DEBUG:colcon.colcon_core.verb:Building package 'yolov8_msgs' with the following arguments: {'ament_cmake_args': None, 'build_base': '/home/nqh/dt_yolo/build/yolov8_msgs', 'catkin_cmake_args': None, 'catkin_skip_building_tests': False, 'cmake_args': None, 'cmake_clean_cache': False, 'cmake_clean_first': False, 'cmake_force_configure': False, 'cmake_target': None, 'cmake_target_skip_unavailable': False, 'install_base': '/home/nqh/dt_yolo/install/yolov8_msgs', 'merge_install': False, 'path': '/home/nqh/dt_yolo/src/yolov8_msgs', 'symlink_install': False, 'test_result_base': None}
[0.328s] INFO:colcon.colcon_core.executor:Executing jobs using 'parallel' executor
[0.328s] DEBUG:colcon.colcon_parallel_executor.executor.parallel:run_until_complete
[0.328s] INFO:colcon.colcon_ros.task.ament_cmake.build:Building ROS package in '/home/nqh/dt_yolo/src/yolobot_recognition' with build type 'ament_cmake'
[0.329s] INFO:colcon.colcon_cmake.task.cmake.build:Building CMake package in '/home/nqh/dt_yolo/src/yolobot_recognition'
[0.330s] INFO:colcon.colcon_core.plugin_system:Skipping extension 'colcon_core.shell.bat': Not used on non-Windows systems
[0.330s] INFO:colcon.colcon_core.shell:Skip shell extension 'powershell' for command environment: Not usable outside of PowerShell
[0.330s] DEBUG:colcon.colcon_core.shell:Skip shell extension 'dsv' for command environment
[0.334s] INFO:colcon.colcon_ros.task.ament_cmake.build:Building ROS package in '/home/nqh/dt_yolo/src/yolov8_msgs' with build type 'ament_cmake'
[0.334s] INFO:colcon.colcon_cmake.task.cmake.build:Building CMake package in '/home/nqh/dt_yolo/src/yolov8_msgs'
[0.334s] INFO:colcon.colcon_core.shell:Skip shell extension 'powershell' for command environment: Not usable outside of PowerShell
[0.334s] DEBUG:colcon.colcon_core.shell:Skip shell extension 'dsv' for command environment
[0.341s] DEBUG:colcon.colcon_core.event_handler.log_command:Invoking command in '/home/nqh/dt_yolo/build/yolobot_recognition': CMAKE_PREFIX_PATH=${CMAKE_PREFIX_PATH}:/opt/ros/humble /usr/bin/cmake /home/nqh/dt_yolo/src/yolobot_recognition -DCMAKE_INSTALL_PREFIX=/home/nqh/dt_yolo/install/yolobot_recognition
[0.343s] DEBUG:colcon.colcon_core.event_handler.log_command:Invoking command in '/home/nqh/dt_yolo/build/yolov8_msgs': CMAKE_PREFIX_PATH=${CMAKE_PREFIX_PATH}:/opt/ros/humble /usr/bin/cmake /home/nqh/dt_yolo/src/yolov8_msgs -DCMAKE_INSTALL_PREFIX=/home/nqh/dt_yolo/install/yolov8_msgs
[0.852s] DEBUG:colcon.colcon_core.event_handler.log_command:Invoked command in '/home/nqh/dt_yolo/build/yolobot_recognition' returned '0': CMAKE_PREFIX_PATH=${CMAKE_PREFIX_PATH}:/opt/ros/humble /usr/bin/cmake /home/nqh/dt_yolo/src/yolobot_recognition -DCMAKE_INSTALL_PREFIX=/home/nqh/dt_yolo/install/yolobot_recognition
[0.854s] DEBUG:colcon.colcon_core.event_handler.log_command:Invoking command in '/home/nqh/dt_yolo/build/yolobot_recognition': CMAKE_PREFIX_PATH=${CMAKE_PREFIX_PATH}:/opt/ros/humble /usr/bin/cmake --build /home/nqh/dt_yolo/build/yolobot_recognition -- -j8 -l8
[0.882s] DEBUG:colcon.colcon_core.event_handler.log_command:Invoked command in '/home/nqh/dt_yolo/build/yolobot_recognition' returned '0': CMAKE_PREFIX_PATH=${CMAKE_PREFIX_PATH}:/opt/ros/humble /usr/bin/cmake --build /home/nqh/dt_yolo/build/yolobot_recognition -- -j8 -l8
[0.889s] DEBUG:colcon.colcon_core.event_handler.log_command:Invoking command in '/home/nqh/dt_yolo/build/yolobot_recognition': CMAKE_PREFIX_PATH=${CMAKE_PREFIX_PATH}:/opt/ros/humble /usr/bin/cmake --install /home/nqh/dt_yolo/build/yolobot_recognition
[0.901s] Level 1:colcon.colcon_core.environment:create_environment_scripts_only(yolobot_recognition)
[0.901s] DEBUG:colcon.colcon_core.event_handler.log_command:Invoked command in '/home/nqh/dt_yolo/build/yolobot_recognition' returned '0': CMAKE_PREFIX_PATH=${CMAKE_PREFIX_PATH}:/opt/ros/humble /usr/bin/cmake --install /home/nqh/dt_yolo/build/yolobot_recognition
[0.903s] Level 1:colcon.colcon_core.environment:checking '/home/nqh/dt_yolo/install/yolobot_recognition' for CMake module files
[0.903s] Level 1:colcon.colcon_core.environment:checking '/home/nqh/dt_yolo/install/yolobot_recognition' for CMake config files
[0.904s] Level 1:colcon.colcon_core.shell:create_environment_hook('yolobot_recognition', 'cmake_prefix_path')
[0.904s] INFO:colcon.colcon_core.shell:Creating environment hook '/home/nqh/dt_yolo/install/yolobot_recognition/share/yolobot_recognition/hook/cmake_prefix_path.ps1'
[0.904s] INFO:colcon.colcon_core.shell:Creating environment descriptor '/home/nqh/dt_yolo/install/yolobot_recognition/share/yolobot_recognition/hook/cmake_prefix_path.dsv'
[0.905s] INFO:colcon.colcon_core.shell:Creating environment hook '/home/nqh/dt_yolo/install/yolobot_recognition/share/yolobot_recognition/hook/cmake_prefix_path.sh'
[0.905s] Level 1:colcon.colcon_core.environment:checking '/home/nqh/dt_yolo/install/yolobot_recognition/lib'
[0.905s] Level 1:colcon.colcon_core.environment:checking '/home/nqh/dt_yolo/install/yolobot_recognition/bin'
[0.905s] Level 1:colcon.colcon_core.environment:checking '/home/nqh/dt_yolo/install/yolobot_recognition/lib/pkgconfig/yolobot_recognition.pc'
[0.906s] Level 1:colcon.colcon_core.environment:checking '/home/nqh/dt_yolo/install/yolobot_recognition/lib/python3.10/site-packages'
[0.906s] Level 1:colcon.colcon_core.environment:checking '/home/nqh/dt_yolo/install/yolobot_recognition/bin'
[0.906s] INFO:colcon.colcon_core.shell:Creating package script '/home/nqh/dt_yolo/install/yolobot_recognition/share/yolobot_recognition/package.ps1'
[0.907s] INFO:colcon.colcon_core.shell:Creating package descriptor '/home/nqh/dt_yolo/install/yolobot_recognition/share/yolobot_recognition/package.dsv'
[0.907s] INFO:colcon.colcon_core.shell:Creating package script '/home/nqh/dt_yolo/install/yolobot_recognition/share/yolobot_recognition/package.sh'
[0.908s] INFO:colcon.colcon_core.shell:Creating package script '/home/nqh/dt_yolo/install/yolobot_recognition/share/yolobot_recognition/package.bash'
[0.908s] INFO:colcon.colcon_core.shell:Creating package script '/home/nqh/dt_yolo/install/yolobot_recognition/share/yolobot_recognition/package.zsh'
[0.909s] Level 1:colcon.colcon_core.environment:create_file_with_runtime_dependencies(/home/nqh/dt_yolo/install/yolobot_recognition/share/colcon-core/packages/yolobot_recognition)
[0.909s] Level 1:colcon.colcon_core.environment:create_environment_scripts_only(yolobot_recognition)
[0.909s] Level 1:colcon.colcon_core.environment:checking '/home/nqh/dt_yolo/install/yolobot_recognition' for CMake module files
[0.910s] Level 1:colcon.colcon_core.environment:checking '/home/nqh/dt_yolo/install/yolobot_recognition' for CMake config files
[0.910s] Level 1:colcon.colcon_core.shell:create_environment_hook('yolobot_recognition', 'cmake_prefix_path')
[0.910s] INFO:colcon.colcon_core.shell:Creating environment hook '/home/nqh/dt_yolo/install/yolobot_recognition/share/yolobot_recognition/hook/cmake_prefix_path.ps1'
[0.910s] INFO:colcon.colcon_core.shell:Creating environment descriptor '/home/nqh/dt_yolo/install/yolobot_recognition/share/yolobot_recognition/hook/cmake_prefix_path.dsv'
[0.911s] INFO:colcon.colcon_core.shell:Creating environment hook '/home/nqh/dt_yolo/install/yolobot_recognition/share/yolobot_recognition/hook/cmake_prefix_path.sh'
[0.911s] Level 1:colcon.colcon_core.environment:checking '/home/nqh/dt_yolo/install/yolobot_recognition/lib'
[0.911s] Level 1:colcon.colcon_core.environment:checking '/home/nqh/dt_yolo/install/yolobot_recognition/bin'
[0.911s] Level 1:colcon.colcon_core.environment:checking '/home/nqh/dt_yolo/install/yolobot_recognition/lib/pkgconfig/yolobot_recognition.pc'
[0.911s] Level 1:colcon.colcon_core.environment:checking '/home/nqh/dt_yolo/install/yolobot_recognition/lib/python3.10/site-packages'
[0.912s] Level 1:colcon.colcon_core.environment:checking '/home/nqh/dt_yolo/install/yolobot_recognition/bin'
[0.912s] INFO:colcon.colcon_core.shell:Creating package script '/home/nqh/dt_yolo/install/yolobot_recognition/share/yolobot_recognition/package.ps1'
[0.912s] INFO:colcon.colcon_core.shell:Creating package descriptor '/home/nqh/dt_yolo/install/yolobot_recognition/share/yolobot_recognition/package.dsv'
[0.913s] INFO:colcon.colcon_core.shell:Creating package script '/home/nqh/dt_yolo/install/yolobot_recognition/share/yolobot_recognition/package.sh'
[0.913s] INFO:colcon.colcon_core.shell:Creating package script '/home/nqh/dt_yolo/install/yolobot_recognition/share/yolobot_recognition/package.bash'
[0.913s] INFO:colcon.colcon_core.shell:Creating package script '/home/nqh/dt_yolo/install/yolobot_recognition/share/yolobot_recognition/package.zsh'
[0.914s] Level 1:colcon.colcon_core.environment:create_file_with_runtime_dependencies(/home/nqh/dt_yolo/install/yolobot_recognition/share/colcon-core/packages/yolobot_recognition)
[1.675s] DEBUG:colcon.colcon_core.event_handler.log_command:Invoked command in '/home/nqh/dt_yolo/build/yolov8_msgs' returned '0': CMAKE_PREFIX_PATH=${CMAKE_PREFIX_PATH}:/opt/ros/humble /usr/bin/cmake /home/nqh/dt_yolo/src/yolov8_msgs -DCMAKE_INSTALL_PREFIX=/home/nqh/dt_yolo/install/yolov8_msgs
[1.676s] DEBUG:colcon.colcon_core.event_handler.log_command:Invoking command in '/home/nqh/dt_yolo/build/yolov8_msgs': CMAKE_PREFIX_PATH=${CMAKE_PREFIX_PATH}:/opt/ros/humble /usr/bin/cmake --build /home/nqh/dt_yolo/build/yolov8_msgs -- -j8 -l8
[3.753s] DEBUG:colcon.colcon_core.event_handler.log_command:Invoked command in '/home/nqh/dt_yolo/build/yolov8_msgs' returned '0': CMAKE_PREFIX_PATH=${CMAKE_PREFIX_PATH}:/opt/ros/humble /usr/bin/cmake --build /home/nqh/dt_yolo/build/yolov8_msgs -- -j8 -l8
[3.754s] DEBUG:colcon.colcon_core.event_handler.log_command:Invoking command in '/home/nqh/dt_yolo/build/yolov8_msgs': CMAKE_PREFIX_PATH=${CMAKE_PREFIX_PATH}:/opt/ros/humble /usr/bin/cmake --install /home/nqh/dt_yolo/build/yolov8_msgs
[3.807s] Level 1:colcon.colcon_core.environment:create_environment_scripts_only(yolov8_msgs)
[3.807s] Level 1:colcon.colcon_core.environment:checking '/home/nqh/dt_yolo/install/yolov8_msgs' for CMake module files
[3.808s] DEBUG:colcon.colcon_core.event_handler.log_command:Invoked command in '/home/nqh/dt_yolo/build/yolov8_msgs' returned '0': CMAKE_PREFIX_PATH=${CMAKE_PREFIX_PATH}:/opt/ros/humble /usr/bin/cmake --install /home/nqh/dt_yolo/build/yolov8_msgs
[3.808s] Level 1:colcon.colcon_core.environment:checking '/home/nqh/dt_yolo/install/yolov8_msgs' for CMake config files
[3.808s] Level 1:colcon.colcon_core.shell:create_environment_hook('yolov8_msgs', 'cmake_prefix_path')
[3.808s] INFO:colcon.colcon_core.shell:Creating environment hook '/home/nqh/dt_yolo/install/yolov8_msgs/share/yolov8_msgs/hook/cmake_prefix_path.ps1'
[3.809s] INFO:colcon.colcon_core.shell:Creating environment descriptor '/home/nqh/dt_yolo/install/yolov8_msgs/share/yolov8_msgs/hook/cmake_prefix_path.dsv'
[3.809s] INFO:colcon.colcon_core.shell:Creating environment hook '/home/nqh/dt_yolo/install/yolov8_msgs/share/yolov8_msgs/hook/cmake_prefix_path.sh'
[3.809s] Level 1:colcon.colcon_core.environment:checking '/home/nqh/dt_yolo/install/yolov8_msgs/lib'
[3.810s] Level 1:colcon.colcon_core.shell:create_environment_hook('yolov8_msgs', 'ld_library_path_lib')
[3.810s] INFO:colcon.colcon_core.shell:Creating environment hook '/home/nqh/dt_yolo/install/yolov8_msgs/share/yolov8_msgs/hook/ld_library_path_lib.ps1'
[3.810s] INFO:colcon.colcon_core.shell:Creating environment descriptor '/home/nqh/dt_yolo/install/yolov8_msgs/share/yolov8_msgs/hook/ld_library_path_lib.dsv'
[3.810s] INFO:colcon.colcon_core.shell:Creating environment hook '/home/nqh/dt_yolo/install/yolov8_msgs/share/yolov8_msgs/hook/ld_library_path_lib.sh'
[3.810s] Level 1:colcon.colcon_core.environment:checking '/home/nqh/dt_yolo/install/yolov8_msgs/bin'
[3.811s] Level 1:colcon.colcon_core.environment:checking '/home/nqh/dt_yolo/install/yolov8_msgs/lib/pkgconfig/yolov8_msgs.pc'
[3.811s] Level 1:colcon.colcon_core.environment:checking '/home/nqh/dt_yolo/install/yolov8_msgs/lib/python3.10/site-packages'
[3.811s] Level 1:colcon.colcon_core.environment:checking '/home/nqh/dt_yolo/install/yolov8_msgs/bin'
[3.811s] INFO:colcon.colcon_core.shell:Creating package script '/home/nqh/dt_yolo/install/yolov8_msgs/share/yolov8_msgs/package.ps1'
[3.811s] INFO:colcon.colcon_core.shell:Creating package descriptor '/home/nqh/dt_yolo/install/yolov8_msgs/share/yolov8_msgs/package.dsv'
[3.812s] INFO:colcon.colcon_core.shell:Creating package script '/home/nqh/dt_yolo/install/yolov8_msgs/share/yolov8_msgs/package.sh'
[3.812s] INFO:colcon.colcon_core.shell:Creating package script '/home/nqh/dt_yolo/install/yolov8_msgs/share/yolov8_msgs/package.bash'
[3.812s] INFO:colcon.colcon_core.shell:Creating package script '/home/nqh/dt_yolo/install/yolov8_msgs/share/yolov8_msgs/package.zsh'
[3.813s] Level 1:colcon.colcon_core.environment:create_file_with_runtime_dependencies(/home/nqh/dt_yolo/install/yolov8_msgs/share/colcon-core/packages/yolov8_msgs)
[3.813s] Level 1:colcon.colcon_core.environment:create_environment_scripts_only(yolov8_msgs)
[3.813s] Level 1:colcon.colcon_core.environment:checking '/home/nqh/dt_yolo/install/yolov8_msgs' for CMake module files
[3.814s] Level 1:colcon.colcon_core.environment:checking '/home/nqh/dt_yolo/install/yolov8_msgs' for CMake config files
[3.814s] Level 1:colcon.colcon_core.shell:create_environment_hook('yolov8_msgs', 'cmake_prefix_path')
[3.814s] INFO:colcon.colcon_core.shell:Creating environment hook '/home/nqh/dt_yolo/install/yolov8_msgs/share/yolov8_msgs/hook/cmake_prefix_path.ps1'
[3.814s] INFO:colcon.colcon_core.shell:Creating environment descriptor '/home/nqh/dt_yolo/install/yolov8_msgs/share/yolov8_msgs/hook/cmake_prefix_path.dsv'
[3.815s] INFO:colcon.colcon_core.shell:Creating environment hook '/home/nqh/dt_yolo/install/yolov8_msgs/share/yolov8_msgs/hook/cmake_prefix_path.sh'
[3.815s] Level 1:colcon.colcon_core.environment:checking '/home/nqh/dt_yolo/install/yolov8_msgs/lib'
[3.815s] Level 1:colcon.colcon_core.shell:create_environment_hook('yolov8_msgs', 'ld_library_path_lib')
[3.815s] INFO:colcon.colcon_core.shell:Creating environment hook '/home/nqh/dt_yolo/install/yolov8_msgs/share/yolov8_msgs/hook/ld_library_path_lib.ps1'
[3.815s] INFO:colcon.colcon_core.shell:Creating environment descriptor '/home/nqh/dt_yolo/install/yolov8_msgs/share/yolov8_msgs/hook/ld_library_path_lib.dsv'
[3.816s] INFO:colcon.colcon_core.shell:Creating environment hook '/home/nqh/dt_yolo/install/yolov8_msgs/share/yolov8_msgs/hook/ld_library_path_lib.sh'
[3.816s] Level 1:colcon.colcon_core.environment:checking '/home/nqh/dt_yolo/install/yolov8_msgs/bin'
[3.816s] Level 1:colcon.colcon_core.environment:checking '/home/nqh/dt_yolo/install/yolov8_msgs/lib/pkgconfig/yolov8_msgs.pc'
[3.816s] Level 1:colcon.colcon_core.environment:checking '/home/nqh/dt_yolo/install/yolov8_msgs/lib/python3.10/site-packages'
[3.816s] Level 1:colcon.colcon_core.environment:checking '/home/nqh/dt_yolo/install/yolov8_msgs/bin'
[3.817s] INFO:colcon.colcon_core.shell:Creating package script '/home/nqh/dt_yolo/install/yolov8_msgs/share/yolov8_msgs/package.ps1'
[3.817s] INFO:colcon.colcon_core.shell:Creating package descriptor '/home/nqh/dt_yolo/install/yolov8_msgs/share/yolov8_msgs/package.dsv'
[3.817s] INFO:colcon.colcon_core.shell:Creating package script '/home/nqh/dt_yolo/install/yolov8_msgs/share/yolov8_msgs/package.sh'
[3.818s] INFO:colcon.colcon_core.shell:Creating package script '/home/nqh/dt_yolo/install/yolov8_msgs/share/yolov8_msgs/package.bash'
[3.818s] INFO:colcon.colcon_core.shell:Creating package script '/home/nqh/dt_yolo/install/yolov8_msgs/share/yolov8_msgs/package.zsh'
[3.818s] Level 1:colcon.colcon_core.environment:create_file_with_runtime_dependencies(/home/nqh/dt_yolo/install/yolov8_msgs/share/colcon-core/packages/yolov8_msgs)
[3.819s] DEBUG:colcon.colcon_parallel_executor.executor.parallel:closing loop
[3.819s] DEBUG:colcon.colcon_parallel_executor.executor.parallel:loop closed
[3.819s] DEBUG:colcon.colcon_parallel_executor.executor.parallel:run_until_complete finished with '0'
[3.819s] DEBUG:colcon.colcon_core.event_reactor:joining thread
[3.823s] INFO:colcon.colcon_core.plugin_system:Skipping extension 'colcon_notification.desktop_notification.terminal_notifier': Not used on non-Darwin systems
[3.823s] INFO:colcon.colcon_core.plugin_system:Skipping extension 'colcon_notification.desktop_notification.win32': Not used on non-Windows systems
[3.823s] INFO:colcon.colcon_notification.desktop_notification:Sending desktop notification using 'notify2'
[3.830s] DEBUG:colcon.colcon_core.event_reactor:joined thread
[3.830s] INFO:colcon.colcon_core.shell:Creating prefix script '/home/nqh/dt_yolo/install/local_setup.ps1'
[3.831s] INFO:colcon.colcon_core.shell:Creating prefix util module '/home/nqh/dt_yolo/install/_local_setup_util_ps1.py'
[3.832s] INFO:colcon.colcon_core.shell:Creating prefix chain script '/home/nqh/dt_yolo/install/setup.ps1'
[3.833s] INFO:colcon.colcon_core.shell:Creating prefix script '/home/nqh/dt_yolo/install/local_setup.sh'
[3.833s] INFO:colcon.colcon_core.shell:Creating prefix util module '/home/nqh/dt_yolo/install/_local_setup_util_sh.py'
[3.834s] INFO:colcon.colcon_core.shell:Creating prefix chain script '/home/nqh/dt_yolo/install/setup.sh'
[3.835s] INFO:colcon.colcon_core.shell:Creating prefix script '/home/nqh/dt_yolo/install/local_setup.bash'
[3.835s] INFO:colcon.colcon_core.shell:Creating prefix chain script '/home/nqh/dt_yolo/install/setup.bash'
[3.836s] INFO:colcon.colcon_core.shell:Creating prefix script '/home/nqh/dt_yolo/install/local_setup.zsh'
[3.837s] INFO:colcon.colcon_core.shell:Creating prefix chain script '/home/nqh/dt_yolo/install/setup.zsh'
