10:14:44 **** Incremental Build of configuration Debug for project micro_ros ****
make -j8 all 
docker pull microros/micro_ros_static_library_builder:kilted && docker run --rm -v /home/nqh/STM32CubeIDE/workspace_microros/micro_ros:/project --env MICROROS_LIBRARY_FOLDER=micro_ros_stm32cubemx_utils/microros_static_library_ide microros/micro_ros_static_library_builder:kilted
kilted: Pulling from microros/micro_ros_static_library_builder
Digest: sha256:0fbcc15a0388d3cc8d78bb7a9c26350b6c209857d277746f9b7fd811c370014b
Status: Image is up to date for microros/micro_ros_static_library_builder:kilted
docker.io/microros/micro_ros_static_library_builder:kilted
dos2unix: converting file /project/micro_ros_stm32cubemx_utils/microros_static_library_ide/library_generation/library_generation.sh to Unix format...
micro-ROS library found. Skipping...
Delete micro_ros_stm32cubemx_utils/microros_static_library_ide/libmicroros/ for rebuild.
 
arm-none-eabi-gcc "../Core/Src/main.c" -mcpu=cortex-m4 -std=gnu11 -g3 -DDEBUG -DUSE_HAL_DRIVER -DSTM32F411xE -c -I../Core/Inc -I../micro_ros_stm32cubemx_utils/microros_static_library_ide/libmicroros/include -I../Drivers/STM32F4xx_HAL_Driver/Inc -I../Drivers/STM32F4xx_HAL_Driver/Inc/Legacy -I../Middlewares/Third_Party/FreeRTOS/Source/include -I../Middlewares/Third_Party/FreeRTOS/Source/CMSIS_RTOS_V2 -I../Middlewares/Third_Party/FreeRTOS/Source/portable/GCC/ARM_CM4F -I../Drivers/CMSIS/Device/ST/STM32F4xx/Include -I../Drivers/CMSIS/Include -O0 -ffunction-sections -fdata-sections -Wall -fstack-usage -fcyclomatic-complexity -MMD -MP -MF"Core/Src/main.d" -MT"Core/Src/main.o" --specs=nano.specs -mfpu=fpv4-sp-d16 -mfloat-abi=hard -mthumb -o "Core/Src/main.o"
arm-none-eabi-gcc -o "micro_ros.elf" @"objects.list"  -lmicroros -mcpu=cortex-m4 -T"/home/nqh/STM32CubeIDE/workspace_microros/micro_ros/STM32F411CEUX_FLASH.ld" --specs=nosys.specs -Wl,-Map="micro_ros.map" -Wl,--gc-sections -static -L../micro_ros_stm32cubemx_utils/microros_static_library_ide/libmicroros --specs=nano.specs -mfpu=fpv4-sp-d16 -mfloat-abi=hard -mthumb -Wl,--start-group -lc -lm -Wl,--end-group
Finished building target: micro_ros.elf
 
arm-none-eabi-size  micro_ros.elf 
arm-none-eabi-objdump -h -S micro_ros.elf  > "micro_ros.list"
   text	   data	    bss	    dec	    hex	filename
  73628	    712	  57512	 131852	  2030c	micro_ros.elf
Finished building: default.size.stdout
 
Finished building: micro_ros.list
 
10:33:26 **** Incremental Build of configuration Debug for project micro_ros ****
make -j8 all 
docker pull microros/micro_ros_static_library_builder:kilted && docker run --rm -v /home/nqh/STM32CubeIDE/workspace_microros/micro_ros:/project --env MICROROS_LIBRARY_FOLDER=micro_ros_stm32cubemx_utils/microros_static_library_ide microros/micro_ros_static_library_builder:kilted
kilted: Pulling from microros/micro_ros_static_library_builder
Digest: sha256:0fbcc15a0388d3cc8d78bb7a9c26350b6c209857d277746f9b7fd811c370014b
Status: Image is up to date for microros/micro_ros_static_library_builder:kilted
docker.io/microros/micro_ros_static_library_builder:kilted
dos2unix: converting file /project/micro_ros_stm32cubemx_utils/microros_static_library_ide/library_generation/library_generation.sh to Unix format...
micro-ROS library found. Skipping...
Delete micro_ros_stm32cubemx_utils/microros_static_library_ide/libmicroros/ for rebuild.
 
arm-none-eabi-size  micro_ros.elf 
   text	   data	    bss	    dec	    hex	filename
  73628	    712	  57512	 131852	  2030c	micro_ros.elf
Finished building: default.size.stdout
 
10:39:34 **** Incremental Build of configuration Debug for project micro_ros ****
make -j8 all 
docker pull microros/micro_ros_static_library_builder:kilted && docker run --rm -v /home/nqh/STM32CubeIDE/workspace_microros/micro_ros:/project --env MICROROS_LIBRARY_FOLDER=micro_ros_stm32cubemx_utils/microros_static_library_ide microros/micro_ros_static_library_builder:kilted
kilted: Pulling from microros/micro_ros_static_library_builder
Digest: sha256:0fbcc15a0388d3cc8d78bb7a9c26350b6c209857d277746f9b7fd811c370014b
Status: Image is up to date for microros/micro_ros_static_library_builder:kilted
docker.io/microros/micro_ros_static_library_builder:kilted
dos2unix: converting file /project/micro_ros_stm32cubemx_utils/microros_static_library_ide/library_generation/library_generation.sh to Unix format...
micro-ROS library found. Skipping...
Delete micro_ros_stm32cubemx_utils/microros_static_library_ide/libmicroros/ for rebuild.
 
arm-none-eabi-size  micro_ros.elf 
   text	   data	    bss	    dec	    hex	filename
  73628	    712	  57512	 131852	  2030c	micro_ros.elf
Finished building: default.size.stdout
 
11:01:56 **** Build of configuration Debug for project micro_ros ****
make -j8 all 
docker pull microros/micro_ros_static_library_builder:kilted && docker run --rm -v /home/nqh/STM32CubeIDE/workspace_microros/micro_ros:/project --env MICROROS_LIBRARY_FOLDER=micro_ros_stm32cubemx_utils/microros_static_library_ide microros/micro_ros_static_library_builder:kilted
kilted: Pulling from microros/micro_ros_static_library_builder
Digest: sha256:0fbcc15a0388d3cc8d78bb7a9c26350b6c209857d277746f9b7fd811c370014b
Status: Image is up to date for microros/micro_ros_static_library_builder:kilted
docker.io/microros/micro_ros_static_library_builder:kilted
dos2unix: converting file /project/micro_ros_stm32cubemx_utils/microros_static_library_ide/library_generation/library_generation.sh to Unix format...
micro-ROS library found. Skipping...
Delete micro_ros_stm32cubemx_utils/microros_static_library_ide/libmicroros/ for rebuild.
 
arm-none-eabi-size  micro_ros.elf 
   text	   data	    bss	    dec	    hex	filename
  73628	    712	  57512	 131852	  2030c	micro_ros.elf
Finished building: default.size.stdout
 
22:57:45 **** Build of configuration Debug for project micro_ros ****
make -j8 all 
docker pull microros/micro_ros_static_library_builder:kilted && docker run --rm -v /home/nqh/STM32CubeIDE/workspace_microros/micro_ros:/project --env MICROROS_LIBRARY_FOLDER=micro_ros_stm32cubemx_utils/microros_static_library_ide microros/micro_ros_static_library_builder:kilted
permission denied while trying to connect to the Docker daemon socket at unix:///var/run/docker.sock: Post "http://%2Fvar%2Frun%2Fdocker.sock/v1.47/images/create?fromImage=microros%2Fmicro_ros_static_library_builder&tag=kilted": dial unix /var/run/docker.sock: connect: permission denied
make[1]: *** [makefile:90: pre-build] Error 1
make: *** [makefile:63: all] Error 2
"make -j8 all" terminated with exit code 2. Build might be incomplete.
22:57:49 **** Incremental Build of configuration Debug for project micro_ros ****
make -j8 all 
docker pull microros/micro_ros_static_library_builder:kilted && docker run --rm -v /home/nqh/STM32CubeIDE/workspace_microros/micro_ros:/project --env MICROROS_LIBRARY_FOLDER=micro_ros_stm32cubemx_utils/microros_static_library_ide microros/micro_ros_static_library_builder:kilted
permission denied while trying to connect to the Docker daemon socket at unix:///var/run/docker.sock: Post "http://%2Fvar%2Frun%2Fdocker.sock/v1.47/images/create?fromImage=microros%2Fmicro_ros_static_library_builder&tag=kilted": dial unix /var/run/docker.sock: connect: permission denied
make[1]: *** [makefile:90: pre-build] Error 1
make: *** [makefile:63: all] Error 2
"make -j8 all" terminated with exit code 2. Build might be incomplete.
