Component: ARM Compiler 6.14 Tool: armlink [5db06800]

==============================================================================

Section Cross References

    startup_stm32f411xe.o(STACK) refers (Special) to heapauxi.o(.text) for __use_two_region_memory
    startup_stm32f411xe.o(HEAP) refers (Special) to heapauxi.o(.text) for __use_two_region_memory
    startup_stm32f411xe.o(RESET) refers (Special) to heapauxi.o(.text) for __use_two_region_memory
    startup_stm32f411xe.o(RESET) refers to startup_stm32f411xe.o(STACK) for __initial_sp
    startup_stm32f411xe.o(RESET) refers to startup_stm32f411xe.o(.text) for Reset_Handler
    startup_stm32f411xe.o(RESET) refers to stm32f4xx_it.o(.text.NMI_Handler) for NMI_Handler
    startup_stm32f411xe.o(RESET) refers to stm32f4xx_it.o(.text.HardFault_Handler) for HardFault_Handler
    startup_stm32f411xe.o(RESET) refers to stm32f4xx_it.o(.text.MemManage_Handler) for MemManage_Handler
    startup_stm32f411xe.o(RESET) refers to stm32f4xx_it.o(.text.BusFault_Handler) for BusFault_Handler
    startup_stm32f411xe.o(RESET) refers to stm32f4xx_it.o(.text.UsageFault_Handler) for UsageFault_Handler
    startup_stm32f411xe.o(RESET) refers to stm32f4xx_it.o(.text.SVC_Handler) for SVC_Handler
    startup_stm32f411xe.o(RESET) refers to stm32f4xx_it.o(.text.DebugMon_Handler) for DebugMon_Handler
    startup_stm32f411xe.o(RESET) refers to stm32f4xx_it.o(.text.PendSV_Handler) for PendSV_Handler
    startup_stm32f411xe.o(RESET) refers to stm32f4xx_it.o(.text.SysTick_Handler) for SysTick_Handler
    startup_stm32f411xe.o(RESET) refers to stm32f4xx_it.o(.text.TIM1_UP_TIM10_IRQHandler) for TIM1_UP_TIM10_IRQHandler
    startup_stm32f411xe.o(RESET) refers to stm32f4xx_it.o(.text.USART2_IRQHandler) for USART2_IRQHandler
    startup_stm32f411xe.o(.text) refers (Special) to heapauxi.o(.text) for __use_two_region_memory
    startup_stm32f411xe.o(.text) refers to system_stm32f4xx.o(.text.SystemInit) for SystemInit
    startup_stm32f411xe.o(.text) refers to __main.o(!!!main) for __main
    startup_stm32f411xe.o(.text) refers to startup_stm32f411xe.o(HEAP) for Heap_Mem
    startup_stm32f411xe.o(.text) refers to startup_stm32f411xe.o(STACK) for Stack_Mem
    main.o(.text) refers (Special) to _printf_f.o(.ARM.Collect$$_printf_percent$$00000003) for _printf_f
    main.o(.text) refers (Special) to printf1.o(x$fpl$printf1) for _printf_fp_dec
    main.o(.text) refers (Special) to _printf_percent.o(.ARM.Collect$$_printf_percent$$00000000) for _printf_percent
    main.o(.text.main) refers (Special) to _printf_f.o(.ARM.Collect$$_printf_percent$$00000003) for _printf_f
    main.o(.text.main) refers (Special) to printf1.o(x$fpl$printf1) for _printf_fp_dec
    main.o(.text.main) refers (Special) to _printf_percent.o(.ARM.Collect$$_printf_percent$$00000000) for _printf_percent
    main.o(.text.main) refers to stm32f4xx_hal.o(.text.HAL_Init) for HAL_Init
    main.o(.text.main) refers to main.o(.text.SystemClock_Config) for SystemClock_Config
    main.o(.text.main) refers to main.o(.text.MX_GPIO_Init) for MX_GPIO_Init
    main.o(.text.main) refers to main.o(.text.MX_TIM2_Init) for MX_TIM2_Init
    main.o(.text.main) refers to main.o(.text.MX_TIM3_Init) for MX_TIM3_Init
    main.o(.text.main) refers to main.o(.text.MX_TIM4_Init) for MX_TIM4_Init
    main.o(.text.main) refers to main.o(.text.MX_USART2_UART_Init) for MX_USART2_UART_Init
    main.o(.text.main) refers to main.o(.text.MX_TIM1_Init) for MX_TIM1_Init
    main.o(.text.main) refers to main.o(.text.MX_I2C1_Init) for MX_I2C1_Init
    main.o(.text.main) refers to main.o(.bss.huart2) for huart2
    main.o(.text.main) refers to main.o(.bss.rx_data) for rx_data
    main.o(.text.main) refers to stm32f4xx_hal_uart.o(.text.HAL_UART_Receive_IT) for HAL_UART_Receive_IT
    main.o(.text.main) refers to main.o(.bss.htim1) for htim1
    main.o(.text.main) refers to stm32f4xx_hal_tim.o(.text.HAL_TIM_Base_Start_IT) for HAL_TIM_Base_Start_IT
    main.o(.text.main) refers to main.o(.bss.htim2) for htim2
    main.o(.text.main) refers to stm32f4xx_hal_tim.o(.text.HAL_TIM_Encoder_Start_IT) for HAL_TIM_Encoder_Start_IT
    main.o(.text.main) refers to main.o(.bss.htim4) for htim4
    main.o(.text.main) refers to main.o(.bss.htim3) for htim3
    main.o(.text.main) refers to stm32f4xx_hal_tim.o(.text.HAL_TIM_PWM_Start) for HAL_TIM_PWM_Start
    main.o(.text.main) refers to stm32f4xx_hal_cortex.o(.text.HAL_NVIC_SetPriority) for HAL_NVIC_SetPriority
    main.o(.text.main) refers to stm32f4xx_hal_cortex.o(.text.HAL_NVIC_EnableIRQ) for HAL_NVIC_EnableIRQ
    main.o(.text.main) refers to main.o(.rodata.Kp_Table) for Kp_Table
    main.o(.text.main) refers to main.o(.rodata.Ki_Table) for Ki_Table
    main.o(.text.main) refers to main.o(.rodata.Kd_Table) for Kd_Table
    main.o(.text.main) refers to main.o(.bss.LeftTuner) for LeftTuner
    main.o(.text.main) refers to adaptivefuzzypid.o(.text.Fuzzy_Init) for Fuzzy_Init
[...]
    [Anonymous Symbol]                       0x0800377c   Section        0  stm32f4xx_hal_cortex.o(.text.NVIC_EncodePriority)
    [Anonymous Symbol]                       0x080037a8   Section        0  pid.o(.text.PID)
    [Anonymous Symbol]                       0x08003830   Section        0  pid.o(.text.PID_Compute)
    [Anonymous Symbol]                       0x080039e0   Section        0  pid.o(.text.PID_Init)
    [Anonymous Symbol]                       0x08003a40   Section        0  pid.o(.text.PID_SetControllerDirection)
    [Anonymous Symbol]                       0x08003ab8   Section        0  pid.o(.text.PID_SetMode)
    [Anonymous Symbol]                       0x08003adc   Section        0  pid.o(.text.PID_SetOutputLimits)
    [Anonymous Symbol]                       0x08003b9c   Section        0  pid.o(.text.PID_SetSampleTime)
    [Anonymous Symbol]                       0x08003c04   Section        0  pid.o(.text.PID_SetTunings)
    [Anonymous Symbol]                       0x08003c10   Section        0  pid.o(.text.PID_SetTunings2)
    [Anonymous Symbol]                       0x08003d48   Section        0  stm32f4xx_it.o(.text.PendSV_Handler)
    [Anonymous Symbol]                       0x08003d4c   Section        0  stm32f4xx_it.o(.text.SVC_Handler)
    SysTick_Config                           0x08003d51   Thumb Code    46  stm32f4xx_hal_cortex.o(.text.SysTick_Config)
    [Anonymous Symbol]                       0x08003d50   Section        0  stm32f4xx_hal_cortex.o(.text.SysTick_Config)
    [Anonymous Symbol]                       0x08003d80   Section        0  stm32f4xx_it.o(.text.SysTick_Handler)
    [Anonymous Symbol]                       0x08003d88   Section        0  main.o(.text.SystemClock_Config)
    [Anonymous Symbol]                       0x08003e24   Section        0  system_stm32f4xx.o(.text.SystemInit)
    [Anonymous Symbol]                       0x08003e38   Section        0  stm32f4xx_it.o(.text.TIM1_UP_TIM10_IRQHandler)
    [Anonymous Symbol]                       0x08003e48   Section        0  stm32f4xx_hal_tim.o(.text.TIM_Base_SetConfig)
    [Anonymous Symbol]                       0x08003f2c   Section        0  stm32f4xx_hal_tim.o(.text.TIM_CCxChannelCmd)
    [Anonymous Symbol]                       0x08003f50   Section        0  stm32f4xx_hal_tim.o(.text.TIM_ETR_SetConfig)
    TIM_ITRx_SetConfig                       0x08003f69   Thumb Code    16  stm32f4xx_hal_tim.o(.text.TIM_ITRx_SetConfig)
    [Anonymous Symbol]                       0x08003f68   Section        0  stm32f4xx_hal_tim.o(.text.TIM_ITRx_SetConfig)
    TIM_OC1_SetConfig                        0x08003f79   Thumb Code    96  stm32f4xx_hal_tim.o(.text.TIM_OC1_SetConfig)
    [Anonymous Symbol]                       0x08003f78   Section        0  stm32f4xx_hal_tim.o(.text.TIM_OC1_SetConfig)
    [Anonymous Symbol]                       0x08003fd8   Section        0  stm32f4xx_hal_tim.o(.text.TIM_OC2_SetConfig)
    TIM_OC3_SetConfig                        0x08004041   Thumb Code   104  stm32f4xx_hal_tim.o(.text.TIM_OC3_SetConfig)
    [Anonymous Symbol]                       0x08004040   Section        0  stm32f4xx_hal_tim.o(.text.TIM_OC3_SetConfig)
    TIM_OC4_SetConfig                        0x080040a9   Thumb Code    72  stm32f4xx_hal_tim.o(.text.TIM_OC4_SetConfig)
    [Anonymous Symbol]                       0x080040a8   Section        0  stm32f4xx_hal_tim.o(.text.TIM_OC4_SetConfig)
    TIM_TI1_ConfigInputStage                 0x080040f1   Thumb Code    34  stm32f4xx_hal_tim.o(.text.TIM_TI1_ConfigInputStage)
    [Anonymous Symbol]                       0x080040f0   Section        0  stm32f4xx_hal_tim.o(.text.TIM_TI1_ConfigInputStage)
    TIM_TI2_ConfigInputStage                 0x08004115   Thumb Code    36  stm32f4xx_hal_tim.o(.text.TIM_TI2_ConfigInputStage)
    [Anonymous Symbol]                       0x08004114   Section        0  stm32f4xx_hal_tim.o(.text.TIM_TI2_ConfigInputStage)
    [Anonymous Symbol]                       0x08004138   Section        0  adaptivefuzzypid.o(.text.Triangle_MF)
    UART_DMAAbortOnError                     0x08004199   Thumb Code    14  stm32f4xx_hal_uart.o(.text.UART_DMAAbortOnError)
    [Anonymous Symbol]                       0x08004198   Section        0  stm32f4xx_hal_uart.o(.text.UART_DMAAbortOnError)
    UART_EndRxTransfer                       0x080041a9   Thumb Code    80  stm32f4xx_hal_uart.o(.text.UART_EndRxTransfer)
    [Anonymous Symbol]                       0x080041a8   Section        0  stm32f4xx_hal_uart.o(.text.UART_EndRxTransfer)
    UART_EndTransmit_IT                      0x080041f9   Thumb Code    24  stm32f4xx_hal_uart.o(.text.UART_EndTransmit_IT)
    [Anonymous Symbol]                       0x080041f8   Section        0  stm32f4xx_hal_uart.o(.text.UART_EndTransmit_IT)
    UART_Receive_IT                          0x08004211   Thumb Code   200  stm32f4xx_hal_uart.o(.text.UART_Receive_IT)
    [Anonymous Symbol]                       0x08004210   Section        0  stm32f4xx_hal_uart.o(.text.UART_Receive_IT)
    UART_SetConfig                           0x080042d9   Thumb Code   220  stm32f4xx_hal_uart.o(.text.UART_SetConfig)
    [Anonymous Symbol]                       0x080042d8   Section        0  stm32f4xx_hal_uart.o(.text.UART_SetConfig)
    [Anonymous Symbol]                       0x080043b4   Section        0  stm32f4xx_hal_uart.o(.text.UART_Start_Receive_IT)
    UART_Transmit_IT                         0x080043e9   Thumb Code    82  stm32f4xx_hal_uart.o(.text.UART_Transmit_IT)
    [Anonymous Symbol]                       0x080043e8   Section        0  stm32f4xx_hal_uart.o(.text.UART_Transmit_IT)
    UART_WaitOnFlagUntilTimeout              0x0800443d   Thumb Code   136  stm32f4xx_hal_uart.o(.text.UART_WaitOnFlagUntilTimeout)
    [Anonymous Symbol]                       0x0800443c   Section        0  stm32f4xx_hal_uart.o(.text.UART_WaitOnFlagUntilTimeout)
    [Anonymous Symbol]                       0x080044c4   Section        0  stm32f4xx_it.o(.text.USART2_IRQHandler)
    [Anonymous Symbol]                       0x080044d4   Section        0  stm32f4xx_it.o(.text.UsageFault_Handler)
    __NVIC_EnableIRQ                         0x080044d9   Thumb Code    32  stm32f4xx_hal_cortex.o(.text.__NVIC_EnableIRQ)
    [Anonymous Symbol]                       0x080044d8   Section        0  stm32f4xx_hal_cortex.o(.text.__NVIC_EnableIRQ)
    __NVIC_GetPriorityGrouping               0x080044f9   Thumb Code    16  stm32f4xx_hal_cortex.o(.text.__NVIC_GetPriorityGrouping)
    [Anonymous Symbol]                       0x080044f8   Section        0  stm32f4xx_hal_cortex.o(.text.__NVIC_GetPriorityGrouping)
    __NVIC_SetPriority                       0x08004509   Thumb Code    34  stm32f4xx_hal_cortex.o(.text.__NVIC_SetPriority)
    [Anonymous Symbol]                       0x08004508   Section        0  stm32f4xx_hal_cortex.o(.text.__NVIC_SetPriority)
    __NVIC_SetPriorityGrouping               0x0800452d   Thumb Code    32  stm32f4xx_hal_cortex.o(.text.__NVIC_SetPriorityGrouping)
    [Anonymous Symbol]                       0x0800452c   Section        0  stm32f4xx_hal_cortex.o(.text.__NVIC_SetPriorityGrouping)
    [Anonymous Symbol]                       0x08004550   Section        0  main.o(.text.main)
    CL$$btod_d2e                             0x08004868   Section       62  btod.o(CL$$btod_d2e)
    CL$$btod_d2e_denorm_low                  0x080048a6   Section       70  btod.o(CL$$btod_d2e_denorm_low)
    CL$$btod_d2e_norm_op1                    0x080048ec   Section       96  btod.o(CL$$btod_d2e_norm_op1)
    CL$$btod_div_common                      0x0800494c   Section      824  btod.o(CL$$btod_div_common)
    CL$$btod_e2e                             0x08004c84   Section      220  btod.o(CL$$btod_e2e)
    CL$$btod_ediv                            0x08004d60   Section       42  btod.o(CL$$btod_ediv)
    CL$$btod_emul                            0x08004d8a   Section       42  btod.o(CL$$btod_emul)
    CL$$btod_mult_common                     0x08004db4   Section      580  btod.o(CL$$btod_mult_common)
    i.__ARM_fpclassify                       0x08004ff8   Section        0  fpclassify.o(i.__ARM_fpclassify)
    i._is_digit                              0x08005028   Section        0  __printf_wp.o(i._is_digit)
    locale$$code                             0x08005038   Section       44  lc_numeric_c.o(locale$$code)
    $v0                                      0x08005064   Number         0  d2f.o(x$fpl$d2f)
    x$fpl$d2f                                0x08005064   Section       98  d2f.o(x$fpl$d2f)
    $v0                                      0x080050c8   Number         0  daddsub_clz.o(x$fpl$dadd)
    x$fpl$dadd                               0x080050c8   Section      336  daddsub_clz.o(x$fpl$dadd)
    _dadd1                                   0x080050d9   Thumb Code     0  daddsub_clz.o(x$fpl$dadd)
    $v0                                      0x08005218   Number         0  dcmpi.o(x$fpl$dcmpinf)
    x$fpl$dcmpinf                            0x08005218   Section       24  dcmpi.o(x$fpl$dcmpinf)
    $v0                                      0x08005230   Number         0  ddiv.o(x$fpl$ddiv)
    x$fpl$ddiv                               0x08005230   Section      688  ddiv.o(x$fpl$ddiv)
    ddiv_entry                               0x08005237   Thumb Code     0  ddiv.o(x$fpl$ddiv)
    $v0                                      0x080054e0   Number         0  deqf.o(x$fpl$deqf)
    x$fpl$deqf                               0x080054e0   Section      120  deqf.o(x$fpl$deqf)
    $v0                                      0x08005558   Number         0  dfixu.o(x$fpl$dfixu)
    x$fpl$dfixu                              0x08005558   Section       90  dfixu.o(x$fpl$dfixu)
    $v0                                      0x080055b2   Number         0  dflt_clz.o(x$fpl$dflt)
    x$fpl$dflt                               0x080055b2   Section       46  dflt_clz.o(x$fpl$dflt)
    $v0                                      0x080055e0   Number         0  dflt_clz.o(x$fpl$dfltu)
    x$fpl$dfltu                              0x080055e0   Section       38  dflt_clz.o(x$fpl$dfltu)
    $v0                                      0x08005608   Number         0  dgeqf.o(x$fpl$dgeqf)
    x$fpl$dgeqf                              0x08005608   Section      120  dgeqf.o(x$fpl$dgeqf)
    $v0                                      0x08005680   Number         0  dleqf.o(x$fpl$dleqf)
    x$fpl$dleqf                              0x08005680   Section      120  dleqf.o(x$fpl$dleqf)
    $v0                                      0x080056f8   Number         0  dmul.o(x$fpl$dmul)
    x$fpl$dmul                               0x080056f8   Section      340  dmul.o(x$fpl$dmul)
    $v0                                      0x0800584c   Number         0  dnaninf.o(x$fpl$dnaninf)
    x$fpl$dnaninf                            0x0800584c   Section      156  dnaninf.o(x$fpl$dnaninf)
    $v0                                      0x080058e8   Number         0  dretinf.o(x$fpl$dretinf)
    x$fpl$dretinf                            0x080058e8   Section       12  dretinf.o(x$fpl$dretinf)
    $v0                                      0x080058f4   Number         0  daddsub_clz.o(x$fpl$dsub)
    x$fpl$dsub                               0x080058f4   Section      468  daddsub_clz.o(x$fpl$dsub)
    _dsub1                                   0x08005905   Thumb Code     0  daddsub_clz.o(x$fpl$dsub)
    $v0                                      0x08005ac8   Number         0  f2d.o(x$fpl$f2d)
    x$fpl$f2d                                0x08005ac8   Section       86  f2d.o(x$fpl$f2d)
    $v0                                      0x08005b1e   Number         0  dcmp.o(x$fpl$fcmp)
    x$fpl$fcmp                               0x08005b1e   Section       84  dcmp.o(x$fpl$fcmp)
    $v0                                      0x08005b72   Number         0  fnaninf.o(x$fpl$fnaninf)
    x$fpl$fnaninf                            0x08005b72   Section      140  fnaninf.o(x$fpl$fnaninf)
    $v0                                      0x08005bfe   Number         0  fpinit.o(x$fpl$fpinit)
    x$fpl$fpinit                             0x08005bfe   Section       26  fpinit.o(x$fpl$fpinit)
    $v0                                      0x08005c18   Number         0  fretinf.o(x$fpl$fretinf)
    x$fpl$fretinf                            0x08005c18   Section       10  fretinf.o(x$fpl$fretinf)
    $v0                                      0x08005c22   Number         0  printf1.o(x$fpl$printf1)
    x$fpl$printf1                            0x08005c22   Section        4  printf1.o(x$fpl$printf1)
    x$fpl$usenofp                            0x08005c26   Section        0  usenofp.o(x$fpl$usenofp)
    tenpwrs_x                                0x08005c28   Data          60  bigflt0.o(.constdata)
    .constdata                               0x08005c28   Section      148  bigflt0.o(.constdata)
    tenpwrs_i                                0x08005c64   Data          64  bigflt0.o(.constdata)
    centroids                                0x08005d68   Data          28  adaptivefuzzypid.o(.rodata.centroids)
    [Anonymous Symbol]                       0x08005d68   Section        0  adaptivefuzzypid.o(.rodata.centroids)
    locale$$data                             0x08005da4   Section       28  lc_numeric_c.o(locale$$data)
    __lcnum_c_name                           0x08005da8   Data           2  lc_numeric_c.o(locale$$data)
    __lcnum_c_start                          0x08005db0   Data           0  lc_numeric_c.o(locale$$data)
    __lcnum_c_point                          0x08005dbc   Data           0  lc_numeric_c.o(locale$$data)
    __lcnum_c_thousands                      0x08005dbe   Data           0  lc_numeric_c.o(locale$$data)
    __lcnum_c_grouping                       0x08005dbf   Data           0  lc_numeric_c.o(locale$$data)
    __lcnum_c_end                            0x08005dc0   Data           0  lc_numeric_c.o(locale$$data)
    .bss                                     0x20000018   Section       96  libspace.o(.bss)
    Heap_Mem                                 0x20000548   Data         512  startup_stm32f411xe.o(HEAP)
    HEAP                                     0x20000548   Section      512  startup_stm32f411xe.o(HEAP)
    Stack_Mem                                0x20000748   Data        1024  startup_stm32f411xe.o(STACK)
    STACK                                    0x20000748   Section     1024  startup_stm32f411xe.o(STACK)
    __initial_sp                             0x20000b48   Data           0  startup_stm32f411xe.o(STACK)

    Global Symbols

    Symbol Name                              Value     Ov Type        Size  Object(Section)

    BuildAttributes$$THM_ISAv4$E$P$D$K$B$S$7EM$VFPi3$EXTD16$VFPS$VFMA$PE$A:L22UL41UL21$X:L11$S22US41US21$IEEE1$IW$~IW$USESV6$~STKCKD$USESV7$~SHL$OTIME$ROPI$IEEEX$EBA8$UX$STANDARDLIB$REQ8$PRES8$EABIv2 0x00000000   Number         0  anon$$obj.o ABSOLUTE
    _printf_flags                            0x00000000   Number         0  printf_stubs.o ABSOLUTE
    _printf_return_value                     0x00000000   Number         0  printf_stubs.o ABSOLUTE
    _printf_sizespec                         0x00000000   Number         0  printf_stubs.o ABSOLUTE
    _printf_widthprec                        0x00000000   Number         0  printf_stubs.o ABSOLUTE
    __ARM_exceptions_init                     - Undefined Weak Reference
    __alloca_initialize                       - Undefined Weak Reference
    __arm_preinit_                            - Undefined Weak Reference
    __cpp_initialize__aeabi_                  - Undefined Weak Reference
    __cxa_finalize                            - Undefined Weak Reference
    __sigvec_lookup                           - Undefined Weak Reference
    _atexit_init                              - Undefined Weak Reference
    _call_atexit_fns                          - Undefined Weak Reference
    _clock_init                               - Undefined Weak Reference
    _fp_trap_init                             - Undefined Weak Reference
    _fp_trap_shutdown                         - Undefined Weak Reference
    _get_lc_collate                           - Undefined Weak Reference
    _get_lc_ctype                             - Undefined Weak Reference
    _get_lc_monetary                          - Undefined Weak Reference
    _get_lc_time                              - Undefined Weak Reference
    _getenv_init                              - Undefined Weak Reference
    _handle_redirection                       - Undefined Weak Reference
    _init_alloc                               - Undefined Weak Reference
    _init_user_alloc                          - Undefined Weak Reference
    _initio                                   - Undefined Weak Reference
    _printf_post_padding                      - Undefined Weak Reference
    _printf_pre_padding                       - Undefined Weak Reference
    _rand_init                                - Undefined Weak Reference
    _signal_finish                            - Undefined Weak Reference
    _signal_init                              - Undefined Weak Reference
    _terminate_alloc                          - Undefined Weak Reference
    _terminate_user_alloc                     - Undefined Weak Reference
    _terminateio                              - Undefined Weak Reference
    __Vectors_Size                           0x00000198   Number         0  startup_stm32f411xe.o ABSOLUTE
    __Vectors                                0x08000000   Data           4  startup_stm32f411xe.o(RESET)
    __Vectors_End                            0x08000198   Data           0  startup_stm32f411xe.o(RESET)
    __main                                   0x08000199   Thumb Code     8  __main.o(!!!main)
    __scatterload                            0x080001a1   Thumb Code     0  __scatter.o(!!!scatter)
    __scatterload_rt2                        0x080001a1   Thumb Code    44  __scatter.o(!!!scatter)
    __scatterload_rt2_thumb_only             0x080001a1   Thumb Code     0  __scatter.o(!!!scatter)
    __scatterload_null                       0x080001af   Thumb Code     0  __scatter.o(!!!scatter)
    __scatterload_copy                       0x080001d5   Thumb Code    26  __scatter_copy.o(!!handler_copy)
    __scatterload_zeroinit                   0x080001f1   Thumb Code    28  __scatter_zi.o(!!handler_zi)
    _printf_f                                0x0800020d   Thumb Code     0  _printf_f.o(.ARM.Collect$$_printf_percent$$00000003)
    _printf_percent                          0x0800020d   Thumb Code     0  _printf_percent.o(.ARM.Collect$$_printf_percent$$00000000)
    _printf_percent_end                      0x08000213   Thumb Code     0  _printf_percent_end.o(.ARM.Collect$$_printf_percent$$00000017)
    __rt_lib_init                            0x08000217   Thumb Code     0  libinit.o(.ARM.Collect$$libinit$$00000000)
    __rt_lib_init_fp_1                       0x08000219   Thumb Code     0  libinit2.o(.ARM.Collect$$libinit$$00000001)
    __rt_lib_init_heap_1                     0x0800021d   Thumb Code     0  libinit2.o(.ARM.Collect$$libinit$$0000000A)
    __rt_lib_init_lc_common                  0x0800021d   Thumb Code     0  libinit2.o(.ARM.Collect$$libinit$$0000000F)
    __rt_lib_init_preinit_1                  0x0800021d   Thumb Code     0  libinit2.o(.ARM.Collect$$libinit$$00000004)
    __rt_lib_init_rand_1                     0x0800021d   Thumb Code     0  libinit2.o(.ARM.Collect$$libinit$$0000000E)
    __rt_lib_init_user_alloc_1               0x0800021d   Thumb Code     0  libinit2.o(.ARM.Collect$$libinit$$0000000C)
    __rt_lib_init_lc_collate_1               0x08000223   Thumb Code     0  libinit2.o(.ARM.Collect$$libinit$$00000011)
    __rt_lib_init_lc_ctype_1                 0x08000223   Thumb Code     0  libinit2.o(.ARM.Collect$$libinit$$00000013)
    __rt_lib_init_lc_monetary_1              0x08000223   Thumb Code     0  libinit2.o(.ARM.Collect$$libinit$$00000015)
    __rt_lib_init_lc_numeric_2               0x08000223   Thumb Code     0  libinit2.o(.ARM.Collect$$libinit$$00000016)
    __rt_lib_init_alloca_1                   0x0800022d   Thumb Code     0  libinit2.o(.ARM.Collect$$libinit$$0000002E)
    __rt_lib_init_argv_1                     0x0800022d   Thumb Code     0  libinit2.o(.ARM.Collect$$libinit$$0000002C)
    __rt_lib_init_atexit_1                   0x0800022d   Thumb Code     0  libinit2.o(.ARM.Collect$$libinit$$0000001B)
    __rt_lib_init_clock_1                    0x0800022d   Thumb Code     0  libinit2.o(.ARM.Collect$$libinit$$00000021)
    __rt_lib_init_cpp_1                      0x0800022d   Thumb Code     0  libinit2.o(.ARM.Collect$$libinit$$00000032)
    __rt_lib_init_exceptions_1               0x0800022d   Thumb Code     0  libinit2.o(.ARM.Collect$$libinit$$00000030)
    __rt_lib_init_fp_trap_1                  0x0800022d   Thumb Code     0  libinit2.o(.ARM.Collect$$libinit$$0000001F)
    __rt_lib_init_getenv_1                   0x0800022d   Thumb Code     0  libinit2.o(.ARM.Collect$$libinit$$00000023)
    __rt_lib_init_lc_numeric_1               0x0800022d   Thumb Code     0  libinit2.o(.ARM.Collect$$libinit$$00000017)
    __rt_lib_init_lc_time_1                  0x0800022d   Thumb Code     0  libinit2.o(.ARM.Collect$$libinit$$00000019)
    __rt_lib_init_return                     0x0800022d   Thumb Code     0  libinit2.o(.ARM.Collect$$libinit$$00000033)
    __rt_lib_init_signal_1                   0x0800022d   Thumb Code     0  libinit2.o(.ARM.Collect$$libinit$$0000001D)
    __rt_lib_init_stdio_1                    0x0800022d   Thumb Code     0  libinit2.o(.ARM.Collect$$libinit$$00000025)
    __rt_lib_shutdown                        0x0800022f   Thumb Code     0  libshutdown.o(.ARM.Collect$$libshutdown$$00000000)
    __rt_lib_shutdown_cpp_1                  0x08000231   Thumb Code     0  libshutdown2.o(.ARM.Collect$$libshutdown$$00000002)
    __rt_lib_shutdown_fp_trap_1              0x08000231   Thumb Code     0  libshutdown2.o(.ARM.Collect$$libshutdown$$00000007)
    __rt_lib_shutdown_heap_1                 0x08000231   Thumb Code     0  libshutdown2.o(.ARM.Collect$$libshutdown$$0000000F)
    __rt_lib_shutdown_return                 0x08000231   Thumb Code     0  libshutdown2.o(.ARM.Collect$$libshutdown$$00000010)
    __rt_lib_shutdown_signal_1               0x08000231   Thumb Code     0  libshutdown2.o(.ARM.Collect$$libshutdown$$0000000A)
    __rt_lib_shutdown_stdio_1                0x08000231   Thumb Code     0  libshutdown2.o(.ARM.Collect$$libshutdown$$00000004)
    __rt_lib_shutdown_user_alloc_1           0x08000231   Thumb Code     0  libshutdown2.o(.ARM.Collect$$libshutdown$$0000000C)
    __rt_entry                               0x08000233   Thumb Code     0  __rtentry.o(.ARM.Collect$$rtentry$$00000000)
    __rt_entry_presh_1                       0x08000233   Thumb Code     0  __rtentry2.o(.ARM.Collect$$rtentry$$00000002)
    __rt_entry_sh                            0x08000233   Thumb Code     0  __rtentry4.o(.ARM.Collect$$rtentry$$00000004)
    __rt_entry_li                            0x08000239   Thumb Code     0  __rtentry2.o(.ARM.Collect$$rtentry$$0000000A)
    __rt_entry_postsh_1                      0x08000239   Thumb Code     0  __rtentry2.o(.ARM.Collect$$rtentry$$00000009)
    __rt_entry_main                          0x0800023d   Thumb Code     0  __rtentry2.o(.ARM.Collect$$rtentry$$0000000D)
    __rt_entry_postli_1                      0x0800023d   Thumb Code     0  __rtentry2.o(.ARM.Collect$$rtentry$$0000000C)
    __rt_exit                                0x08000245   Thumb Code     0  rtexit.o(.ARM.Collect$$rtexit$$00000000)
    __rt_exit_ls                             0x08000247   Thumb Code     0  rtexit2.o(.ARM.Collect$$rtexit$$00000003)
    __rt_exit_prels_1                        0x08000247   Thumb Code     0  rtexit2.o(.ARM.Collect$$rtexit$$00000002)
    __rt_exit_exit                           0x0800024b   Thumb Code     0  rtexit2.o(.ARM.Collect$$rtexit$$00000004)
    Reset_Handler                            0x08000251   Thumb Code     8  startup_stm32f411xe.o(.text)
    ADC_IRQHandler                           0x0800026b   Thumb Code     0  startup_stm32f411xe.o(.text)
    DMA1_Stream0_IRQHandler                  0x0800026b   Thumb Code     0  startup_stm32f411xe.o(.text)
    DMA1_Stream1_IRQHandler                  0x0800026b   Thumb Code     0  startup_stm32f411xe.o(.text)
    DMA1_Stream2_IRQHandler                  0x0800026b   Thumb Code     0  startup_stm32f411xe.o(.text)
    DMA1_Stream3_IRQHandler                  0x0800026b   Thumb Code     0  startup_stm32f411xe.o(.text)
    DMA1_Stream4_IRQHandler                  0x0800026b   Thumb Code     0  startup_stm32f411xe.o(.text)
    DMA1_Stream5_IRQHandler                  0x0800026b   Thumb Code     0  startup_stm32f411xe.o(.text)
    DMA1_Stream6_IRQHandler                  0x0800026b   Thumb Code     0  startup_stm32f411xe.o(.text)
    DMA1_Stream7_IRQHandler                  0x0800026b   Thumb Code     0  startup_stm32f411xe.o(.text)
    DMA2_Stream0_IRQHandler                  0x0800026b   Thumb Code     0  startup_stm32f411xe.o(.text)
    DMA2_Stream1_IRQHandler                  0x0800026b   Thumb Code     0  startup_stm32f411xe.o(.text)
    DMA2_Stream2_IRQHandler                  0x0800026b   Thumb Code     0  startup_stm32f411xe.o(.text)
    DMA2_Stream3_IRQHandler                  0x0800026b   Thumb Code     0  startup_stm32f411xe.o(.text)
    DMA2_Stream4_IRQHandler                  0x0800026b   Thumb Code     0  startup_stm32f411xe.o(.text)
    DMA2_Stream5_IRQHandler                  0x0800026b   Thumb Code     0  startup_stm32f411xe.o(.text)
    DMA2_Stream6_IRQHandler                  0x0800026b   Thumb Code     0  startup_stm32f411xe.o(.text)
    DMA2_Stream7_IRQHandler                  0x0800026b   Thumb Code     0  startup_stm32f411xe.o(.text)
    EXTI0_IRQHandler                         0x0800026b   Thumb Code     0  startup_stm32f411xe.o(.text)
    EXTI15_10_IRQHandler                     0x0800026b   Thumb Code     0  startup_stm32f411xe.o(.text)
    EXTI1_IRQHandler                         0x0800026b   Thumb Code     0  startup_stm32f411xe.o(.text)
    EXTI2_IRQHandler                         0x0800026b   Thumb Code     0  startup_stm32f411xe.o(.text)
    EXTI3_IRQHandler                         0x0800026b   Thumb Code     0  startup_stm32f411xe.o(.text)
    EXTI4_IRQHandler                         0x0800026b   Thumb Code     0  startup_stm32f411xe.o(.text)
    EXTI9_5_IRQHandler                       0x0800026b   Thumb Code     0  startup_stm32f411xe.o(.text)
    FLASH_IRQHandler                         0x0800026b   Thumb Code     0  startup_stm32f411xe.o(.text)
    FPU_IRQHandler                           0x0800026b   Thumb Code     0  startup_stm32f411xe.o(.text)
    I2C1_ER_IRQHandler                       0x0800026b   Thumb Code     0  startup_stm32f411xe.o(.text)
    I2C1_EV_IRQHandler                       0x0800026b   Thumb Code     0  startup_stm32f411xe.o(.text)
    I2C2_ER_IRQHandler                       0x0800026b   Thumb Code     0  startup_stm32f411xe.o(.text)
    I2C2_EV_IRQHandler                       0x0800026b   Thumb Code     0  startup_stm32f411xe.o(.text)
    I2C3_ER_IRQHandler                       0x0800026b   Thumb Code     0  startup_stm32f411xe.o(.text)
    I2C3_EV_IRQHandler                       0x0800026b   Thumb Code     0  startup_stm32f411xe.o(.text)
    OTG_FS_IRQHandler                        0x0800026b   Thumb Code     0  startup_stm32f411xe.o(.text)
    OTG_FS_WKUP_IRQHandler                   0x0800026b   Thumb Code     0  startup_stm32f411xe.o(.text)
    PVD_IRQHandler                           0x0800026b   Thumb Code     0  startup_stm32f411xe.o(.text)
    RCC_IRQHandler                           0x0800026b   Thumb Code     0  startup_stm32f411xe.o(.text)
    RTC_Alarm_IRQHandler                     0x0800026b   Thumb Code     0  startup_stm32f411xe.o(.text)
    RTC_WKUP_IRQHandler                      0x0800026b   Thumb Code     0  startup_stm32f411xe.o(.text)
    SDIO_IRQHandler                          0x0800026b   Thumb Code     0  startup_stm32f411xe.o(.text)
    SPI1_IRQHandler                          0x0800026b   Thumb Code     0  startup_stm32f411xe.o(.text)
    SPI2_IRQHandler                          0x0800026b   Thumb Code     0  startup_stm32f411xe.o(.text)
    SPI3_IRQHandler                          0x0800026b   Thumb Code     0  startup_stm32f411xe.o(.text)
    SPI4_IRQHandler                          0x0800026b   Thumb Code     0  startup_stm32f411xe.o(.text)
    SPI5_IRQHandler                          0x0800026b   Thumb Code     0  startup_stm32f411xe.o(.text)
    TAMP_STAMP_IRQHandler                    0x0800026b   Thumb Code     0  startup_stm32f411xe.o(.text)
    TIM1_BRK_TIM9_IRQHandler                 0x0800026b   Thumb Code     0  startup_stm32f411xe.o(.text)
    TIM1_CC_IRQHandler                       0x0800026b   Thumb Code     0  startup_stm32f411xe.o(.text)
    TIM1_TRG_COM_TIM11_IRQHandler            0x0800026b   Thumb Code     0  startup_stm32f411xe.o(.text)
    TIM2_IRQHandler                          0x0800026b   Thumb Code     0  startup_stm32f411xe.o(.text)
    TIM3_IRQHandler                          0x0800026b   Thumb Code     0  startup_stm32f411xe.o(.text)
    TIM4_IRQHandler                          0x0800026b   Thumb Code     0  startup_stm32f411xe.o(.text)
    TIM5_IRQHandler                          0x0800026b   Thumb Code     0  startup_stm32f411xe.o(.text)
    USART1_IRQHandler                        0x0800026b   Thumb Code     0  startup_stm32f411xe.o(.text)
    USART6_IRQHandler                        0x0800026b   Thumb Code     0  startup_stm32f411xe.o(.text)
    WWDG_IRQHandler                          0x0800026b   Thumb Code     0  startup_stm32f411xe.o(.text)
    __user_initial_stackheap                 0x0800026d   Thumb Code     0  startup_stm32f411xe.o(.text)
    __aeabi_uldivmod                         0x08000291   Thumb Code     0  lludivv7m.o(.text)
    _ll_udiv                                 0x08000291   Thumb Code   240  lludivv7m.o(.text)
    __2sprintf                               0x08000381   Thumb Code    38  __2sprintf.o(.text)
    __printf                                 0x080003ad   Thumb Code   270  __printf_wp.o(.text)
    __aeabi_memclr4                          0x080004bb   Thumb Code     0  rt_memclr_w.o(.text)
    __aeabi_memclr8                          0x080004bb   Thumb Code     0  rt_memclr_w.o(.text)
    __rt_memclr_w                            0x080004bb   Thumb Code    78  rt_memclr_w.o(.text)
    _memset_w                                0x080004bf   Thumb Code     0  rt_memclr_w.o(.text)
    __use_two_region_memory                  0x08000509   Thumb Code     2  heapauxi.o(.text)
    __rt_heap_escrow$2region                 0x0800050b   Thumb Code     2  heapauxi.o(.text)
    __rt_heap_expand$2region                 0x0800050d   Thumb Code     2  heapauxi.o(.text)
    _printf_fp_dec_real                      0x080006bf   Thumb Code   620  _printf_fp_dec.o(.text)
    _printf_char_common                      0x08000937   Thumb Code    32  _printf_char_common.o(.text)
    _sputc                                   0x0800095d   Thumb Code    10  _sputc.o(.text)
    __rt_locale                              0x08000969   Thumb Code     8  rt_locale_intlibspace.o(.text)
    _ll_udiv10                               0x08000971   Thumb Code   138  lludiv10.o(.text)
    _printf_fp_infnan                        0x080009fd   Thumb Code   112  _printf_fp_infnan.o(.text)
    _btod_etento                             0x08000a7d   Thumb Code   224  bigflt0.o(.text)
    __user_libspace                          0x08000b61   Thumb Code     8  libspace.o(.text)
    __user_perproc_libspace                  0x08000b61   Thumb Code     0  libspace.o(.text)
    __user_perthread_libspace                0x08000b61   Thumb Code     0  libspace.o(.text)
    __user_setup_stackheap                   0x08000b69   Thumb Code    74  sys_stackheap_outer.o(.text)
    exit                                     0x08000bb3   Thumb Code    18  exit.o(.text)
    strcmp                                   0x08000bc9   Thumb Code   124  strcmpv7em.o(.text)
    _sys_exit                                0x08000c45   Thumb Code     8  sys_exit.o(.text)
    __I$use$semihosting                      0x08000c51   Thumb Code     0  use_no_semi.o(.text)
    __use_no_semihosting_swi                 0x08000c51   Thumb Code     2  use_no_semi.o(.text)
    __semihosting_library_function           0x08000c53   Thumb Code     0  indicate_semi.o(.text)
    BusFault_Handler                         0x08000c55   Thumb Code     2  stm32f4xx_it.o(.text.BusFault_Handler)
    DebugMon_Handler                         0x08000c59   Thumb Code     2  stm32f4xx_it.o(.text.DebugMon_Handler)
    Error_Handler                            0x08000c5d   Thumb Code     6  main.o(.text.Error_Handler)
    Fuzzify                                  0x08000c65   Thumb Code   216  adaptivefuzzypid.o(.text.Fuzzify)
    Fuzzy_Compute                            0x08000d3d   Thumb Code   536  adaptivefuzzypid.o(.text.Fuzzy_Compute)
    Fuzzy_Init                               0x08000f55   Thumb Code    24  adaptivefuzzypid.o(.text.Fuzzy_Init)
    HAL_DMA_Abort                            0x08000f6d   Thumb Code   128  stm32f4xx_hal_dma.o(.text.HAL_DMA_Abort)
    HAL_DMA_Abort_IT                         0x08000fed   Thumb Code    36  stm32f4xx_hal_dma.o(.text.HAL_DMA_Abort_IT)
    HAL_Delay                                0x08001011   Thumb Code    40  stm32f4xx_hal.o(.text.HAL_Delay)
    HAL_GPIO_Init                            0x08001039   Thumb Code   410  stm32f4xx_hal_gpio.o(.text.HAL_GPIO_Init)
    HAL_GPIO_WritePin                        0x080011d5   Thumb Code    10  stm32f4xx_hal_gpio.o(.text.HAL_GPIO_WritePin)
    HAL_GetTick                              0x080011e1   Thumb Code    12  stm32f4xx_hal.o(.text.HAL_GetTick)
    HAL_I2C_Init                             0x080011ed   Thumb Code   398  stm32f4xx_hal_i2c.o(.text.HAL_I2C_Init)
    HAL_I2C_Mem_Read                         0x0800137d   Thumb Code   538  stm32f4xx_hal_i2c.o(.text.HAL_I2C_Mem_Read)
    HAL_I2C_Mem_Write                        0x08001599   Thumb Code   298  stm32f4xx_hal_i2c.o(.text.HAL_I2C_Mem_Write)
    HAL_I2C_MspInit                          0x080016c5   Thumb Code   116  stm32f4xx_hal_msp.o(.text.HAL_I2C_MspInit)
    HAL_IncTick                              0x08001739   Thumb Code    26  stm32f4xx_hal.o(.text.HAL_IncTick)
    HAL_Init                                 0x08001755   Thumb Code    54  stm32f4xx_hal.o(.text.HAL_Init)
    HAL_InitTick                             0x0800178d   Thumb Code    80  stm32f4xx_hal.o(.text.HAL_InitTick)
    HAL_MspInit                              0x080017dd   Thumb Code    56  stm32f4xx_hal_msp.o(.text.HAL_MspInit)
    HAL_NVIC_EnableIRQ                       0x08001815   Thumb Code     8  stm32f4xx_hal_cortex.o(.text.HAL_NVIC_EnableIRQ)
    HAL_NVIC_SetPriority                     0x0800181d   Thumb Code    30  stm32f4xx_hal_cortex.o(.text.HAL_NVIC_SetPriority)
    HAL_NVIC_SetPriorityGrouping             0x0800183d   Thumb Code     8  stm32f4xx_hal_cortex.o(.text.HAL_NVIC_SetPriorityGrouping)
    HAL_RCC_ClockConfig                      0x08001845   Thumb Code   352  stm32f4xx_hal_rcc.o(.text.HAL_RCC_ClockConfig)
    HAL_RCC_GetHCLKFreq                      0x080019a5   Thumb Code    12  stm32f4xx_hal_rcc.o(.text.HAL_RCC_GetHCLKFreq)
    HAL_RCC_GetPCLK1Freq                     0x080019b1   Thumb Code    34  stm32f4xx_hal_rcc.o(.text.HAL_RCC_GetPCLK1Freq)
    HAL_RCC_GetPCLK2Freq                     0x080019d5   Thumb Code    34  stm32f4xx_hal_rcc.o(.text.HAL_RCC_GetPCLK2Freq)
    HAL_RCC_GetSysClockFreq                  0x080019f9   Thumb Code   104  stm32f4xx_hal_rcc.o(.text.HAL_RCC_GetSysClockFreq)
    HAL_RCC_OscConfig                        0x08001a61   Thumb Code   836  stm32f4xx_hal_rcc.o(.text.HAL_RCC_OscConfig)
    HAL_SYSTICK_Config                       0x08001da5   Thumb Code     8  stm32f4xx_hal_cortex.o(.text.HAL_SYSTICK_Config)
    HAL_TIMEx_BreakCallback                  0x08001dad   Thumb Code     2  stm32f4xx_hal_tim_ex.o(.text.HAL_TIMEx_BreakCallback)
    HAL_TIMEx_CommutCallback                 0x08001db1   Thumb Code     2  stm32f4xx_hal_tim_ex.o(.text.HAL_TIMEx_CommutCallback)
    HAL_TIMEx_MasterConfigSynchronization    0x08001db5   Thumb Code   148  stm32f4xx_hal_tim_ex.o(.text.HAL_TIMEx_MasterConfigSynchronization)
    HAL_TIM_Base_Init                        0x08001e49   Thumb Code    90  stm32f4xx_hal_tim.o(.text.HAL_TIM_Base_Init)
    HAL_TIM_Base_MspInit                     0x08001ea5   Thumb Code   112  stm32f4xx_hal_msp.o(.text.HAL_TIM_Base_MspInit)
    HAL_TIM_Base_Start_IT                    0x08001f15   Thumb Code   132  stm32f4xx_hal_tim.o(.text.HAL_TIM_Base_Start_IT)
    HAL_TIM_ConfigClockSource                0x08001f99   Thumb Code   222  stm32f4xx_hal_tim.o(.text.HAL_TIM_ConfigClockSource)
    HAL_TIM_Encoder_Init                     0x08002079   Thumb Code   178  stm32f4xx_hal_tim.o(.text.HAL_TIM_Encoder_Init)
    HAL_TIM_Encoder_MspInit                  0x0800212d   Thumb Code   186  stm32f4xx_hal_msp.o(.text.HAL_TIM_Encoder_MspInit)
    HAL_TIM_Encoder_Start                    0x080021e9   Thumb Code   164  stm32f4xx_hal_tim.o(.text.HAL_TIM_Encoder_Start)
    HAL_TIM_Encoder_Start_IT                 0x0800228d   Thumb Code   210  stm32f4xx_hal_tim.o(.text.HAL_TIM_Encoder_Start_IT)
    HAL_TIM_IC_CaptureCallback               0x08002361   Thumb Code     2  stm32f4xx_hal_tim.o(.text.HAL_TIM_IC_CaptureCallback)
    HAL_TIM_IRQHandler                       0x08002365   Thumb Code   308  stm32f4xx_hal_tim.o(.text.HAL_TIM_IRQHandler)
    HAL_TIM_MspPostInit                      0x08002499   Thumb Code    90  stm32f4xx_hal_msp.o(.text.HAL_TIM_MspPostInit)
    HAL_TIM_OC_DelayElapsedCallback          0x080024f5   Thumb Code     2  stm32f4xx_hal_tim.o(.text.HAL_TIM_OC_DelayElapsedCallback)
    HAL_TIM_PWM_ConfigChannel                0x080024f9   Thumb Code   152  stm32f4xx_hal_tim.o(.text.HAL_TIM_PWM_ConfigChannel)
    HAL_TIM_PWM_Init                         0x08002591   Thumb Code    90  stm32f4xx_hal_tim.o(.text.HAL_TIM_PWM_Init)
    HAL_TIM_PWM_MspInit                      0x080025ed   Thumb Code     2  stm32f4xx_hal_tim.o(.text.HAL_TIM_PWM_MspInit)
    HAL_TIM_PWM_PulseFinishedCallback        0x080025f1   Thumb Code     2  stm32f4xx_hal_tim.o(.text.HAL_TIM_PWM_PulseFinishedCallback)
    HAL_TIM_PWM_Start                        0x080025f5   Thumb Code   212  stm32f4xx_hal_tim.o(.text.HAL_TIM_PWM_Start)
    HAL_TIM_PeriodElapsedCallback            0x080026c9   Thumb Code   484  main.o(.text.HAL_TIM_PeriodElapsedCallback)
    HAL_TIM_TriggerCallback                  0x080028ad   Thumb Code     2  stm32f4xx_hal_tim.o(.text.HAL_TIM_TriggerCallback)
    HAL_UARTEx_RxEventCallback               0x080028b1   Thumb Code     2  stm32f4xx_hal_uart.o(.text.HAL_UARTEx_RxEventCallback)
    HAL_UART_ErrorCallback                   0x080028b5   Thumb Code     2  stm32f4xx_hal_uart.o(.text.HAL_UART_ErrorCallback)
    HAL_UART_IRQHandler                      0x080028b9   Thumb Code   618  stm32f4xx_hal_uart.o(.text.HAL_UART_IRQHandler)
    HAL_UART_Init                            0x08002b25   Thumb Code    96  stm32f4xx_hal_uart.o(.text.HAL_UART_Init)
    HAL_UART_MspInit                         0x08002b85   Thumb Code   130  stm32f4xx_hal_msp.o(.text.HAL_UART_MspInit)
    HAL_UART_Receive_IT                      0x08002c09   Thumb Code    42  stm32f4xx_hal_uart.o(.text.HAL_UART_Receive_IT)
    HAL_UART_RxCpltCallback                  0x08002c35   Thumb Code     2  stm32f4xx_hal_uart.o(.text.HAL_UART_RxCpltCallback)
    HAL_UART_Transmit                        0x08002c39   Thumb Code   180  stm32f4xx_hal_uart.o(.text.HAL_UART_Transmit)
    HAL_UART_TxCpltCallback                  0x08002ced   Thumb Code     2  stm32f4xx_hal_uart.o(.text.HAL_UART_TxCpltCallback)
    HardFault_Handler                        0x08002cf1   Thumb Code     2  stm32f4xx_it.o(.text.HardFault_Handler)
    MPU6050_init                             0x08003189   Thumb Code   160  mpu.o(.text.MPU6050_init)
    MemManage_Handler                        0x08003535   Thumb Code     2  stm32f4xx_it.o(.text.MemManage_Handler)
    Motor_GetSpeed                           0x08003539   Thumb Code   128  motor.o(.text.Motor_GetSpeed)
    Motor_Init                               0x080035b9   Thumb Code    74  motor.o(.text.Motor_Init)
    Motor_SetPwm                             0x08003609   Thumb Code   368  motor.o(.text.Motor_SetPwm)
    NMI_Handler                              0x08003779   Thumb Code     2  stm32f4xx_it.o(.text.NMI_Handler)
    PID                                      0x080037a9   Thumb Code   136  pid.o(.text.PID)
    PID_Compute                              0x08003831   Thumb Code   432  pid.o(.text.PID_Compute)
    PID_Init                                 0x080039e1   Thumb Code    90  pid.o(.text.PID_Init)
    PID_SetControllerDirection               0x08003a41   Thumb Code   120  pid.o(.text.PID_SetControllerDirection)
    PID_SetMode                              0x08003ab9   Thumb Code    34  pid.o(.text.PID_SetMode)
    PID_SetOutputLimits                      0x08003add   Thumb Code   190  pid.o(.text.PID_SetOutputLimits)
    PID_SetSampleTime                        0x08003b9d   Thumb Code   104  pid.o(.text.PID_SetSampleTime)
    PID_SetTunings                           0x08003c05   Thumb Code    10  pid.o(.text.PID_SetTunings)
    PID_SetTunings2                          0x08003c11   Thumb Code   312  pid.o(.text.PID_SetTunings2)
    PendSV_Handler                           0x08003d49   Thumb Code     2  stm32f4xx_it.o(.text.PendSV_Handler)
    SVC_Handler                              0x08003d4d   Thumb Code     2  stm32f4xx_it.o(.text.SVC_Handler)
    SysTick_Handler                          0x08003d81   Thumb Code     8  stm32f4xx_it.o(.text.SysTick_Handler)
    SystemClock_Config                       0x08003d89   Thumb Code   156  main.o(.text.SystemClock_Config)
    SystemInit                               0x08003e25   Thumb Code    18  system_stm32f4xx.o(.text.SystemInit)
    TIM1_UP_TIM10_IRQHandler                 0x08003e39   Thumb Code    16  stm32f4xx_it.o(.text.TIM1_UP_TIM10_IRQHandler)
    TIM_Base_SetConfig                       0x08003e49   Thumb Code   226  stm32f4xx_hal_tim.o(.text.TIM_Base_SetConfig)
    TIM_CCxChannelCmd                        0x08003f2d   Thumb Code    36  stm32f4xx_hal_tim.o(.text.TIM_CCxChannelCmd)
    TIM_ETR_SetConfig                        0x08003f51   Thumb Code    22  stm32f4xx_hal_tim.o(.text.TIM_ETR_SetConfig)
    TIM_OC2_SetConfig                        0x08003fd9   Thumb Code   104  stm32f4xx_hal_tim.o(.text.TIM_OC2_SetConfig)
    Triangle_MF                              0x08004139   Thumb Code    96  adaptivefuzzypid.o(.text.Triangle_MF)
    UART_Start_Receive_IT                    0x080043b5   Thumb Code    52  stm32f4xx_hal_uart.o(.text.UART_Start_Receive_IT)
    USART2_IRQHandler                        0x080044c5   Thumb Code    16  stm32f4xx_it.o(.text.USART2_IRQHandler)
    UsageFault_Handler                       0x080044d5   Thumb Code     2  stm32f4xx_it.o(.text.UsageFault_Handler)
    main                                     0x08004551   Thumb Code   792  main.o(.text.main)
    _btod_d2e                                0x08004869   Thumb Code    62  btod.o(CL$$btod_d2e)
    _d2e_denorm_low                          0x080048a7   Thumb Code    70  btod.o(CL$$btod_d2e_denorm_low)
    _d2e_norm_op1                            0x080048ed   Thumb Code    96  btod.o(CL$$btod_d2e_norm_op1)
    __btod_div_common                        0x0800494d   Thumb Code   696  btod.o(CL$$btod_div_common)
    _e2e                                     0x08004c85   Thumb Code   220  btod.o(CL$$btod_e2e)
    _btod_ediv                               0x08004d61   Thumb Code    42  btod.o(CL$$btod_ediv)
    _btod_emul                               0x08004d8b   Thumb Code    42  btod.o(CL$$btod_emul)
    __btod_mult_common                       0x08004db5   Thumb Code   580  btod.o(CL$$btod_mult_common)
    __ARM_fpclassify                         0x08004ff9   Thumb Code    48  fpclassify.o(i.__ARM_fpclassify)
    _is_digit                                0x08005029   Thumb Code    14  __printf_wp.o(i._is_digit)
    _get_lc_numeric                          0x08005039   Thumb Code    44  lc_numeric_c.o(locale$$code)
    __aeabi_d2f                              0x08005065   Thumb Code     0  d2f.o(x$fpl$d2f)
    _d2f                                     0x08005065   Thumb Code    98  d2f.o(x$fpl$d2f)
    __aeabi_dadd                             0x080050c9   Thumb Code     0  daddsub_clz.o(x$fpl$dadd)
    _dadd                                    0x080050c9   Thumb Code   332  daddsub_clz.o(x$fpl$dadd)
    __fpl_dcmp_Inf                           0x08005219   Thumb Code    24  dcmpi.o(x$fpl$dcmpinf)
    __aeabi_ddiv                             0x08005231   Thumb Code     0  ddiv.o(x$fpl$ddiv)
    _ddiv                                    0x08005231   Thumb Code   552  ddiv.o(x$fpl$ddiv)
    __aeabi_cdcmpeq                          0x080054e1   Thumb Code     0  deqf.o(x$fpl$deqf)
    _dcmpeq                                  0x080054e1   Thumb Code   120  deqf.o(x$fpl$deqf)
    __aeabi_d2uiz                            0x08005559   Thumb Code     0  dfixu.o(x$fpl$dfixu)
    _dfixu                                   0x08005559   Thumb Code    90  dfixu.o(x$fpl$dfixu)
    __aeabi_i2d                              0x080055b3   Thumb Code     0  dflt_clz.o(x$fpl$dflt)
    _dflt                                    0x080055b3   Thumb Code    46  dflt_clz.o(x$fpl$dflt)
    __aeabi_ui2d                             0x080055e1   Thumb Code     0  dflt_clz.o(x$fpl$dfltu)
    _dfltu                                   0x080055e1   Thumb Code    38  dflt_clz.o(x$fpl$dfltu)
    __aeabi_cdcmpge                          0x08005609   Thumb Code     0  dgeqf.o(x$fpl$dgeqf)
    _dcmpge                                  0x08005609   Thumb Code   120  dgeqf.o(x$fpl$dgeqf)
    __aeabi_cdcmple                          0x08005681   Thumb Code     0  dleqf.o(x$fpl$dleqf)
    _dcmple                                  0x08005681   Thumb Code   120  dleqf.o(x$fpl$dleqf)
    __fpl_dcmple_InfNaN                      0x080056e3   Thumb Code     0  dleqf.o(x$fpl$dleqf)
    __aeabi_dmul                             0x080056f9   Thumb Code     0  dmul.o(x$fpl$dmul)
    _dmul                                    0x080056f9   Thumb Code   332  dmul.o(x$fpl$dmul)
    __fpl_dnaninf                            0x0800584d   Thumb Code   156  dnaninf.o(x$fpl$dnaninf)
    __fpl_dretinf                            0x080058e9   Thumb Code    12  dretinf.o(x$fpl$dretinf)
    __aeabi_dsub                             0x080058f5   Thumb Code     0  daddsub_clz.o(x$fpl$dsub)
    _dsub                                    0x080058f5   Thumb Code   464  daddsub_clz.o(x$fpl$dsub)
    __aeabi_f2d                              0x08005ac9   Thumb Code     0  f2d.o(x$fpl$f2d)
    _f2d                                     0x08005ac9   Thumb Code    86  f2d.o(x$fpl$f2d)
    __aeabi_dcmpeq                           0x08005b1f   Thumb Code     0  dcmp.o(x$fpl$fcmp)
    _deq                                     0x08005b1f   Thumb Code    14  dcmp.o(x$fpl$fcmp)
    _dneq                                    0x08005b2d   Thumb Code    14  dcmp.o(x$fpl$fcmp)
    __aeabi_dcmpgt                           0x08005b3b   Thumb Code     0  dcmp.o(x$fpl$fcmp)
    _dgr                                     0x08005b3b   Thumb Code    14  dcmp.o(x$fpl$fcmp)
    __aeabi_dcmpge                           0x08005b49   Thumb Code     0  dcmp.o(x$fpl$fcmp)
    _dgeq                                    0x08005b49   Thumb Code    14  dcmp.o(x$fpl$fcmp)
    __aeabi_dcmple                           0x08005b57   Thumb Code     0  dcmp.o(x$fpl$fcmp)
    _dleq                                    0x08005b57   Thumb Code    14  dcmp.o(x$fpl$fcmp)
    __aeabi_dcmplt                           0x08005b65   Thumb Code     0  dcmp.o(x$fpl$fcmp)
    _dls                                     0x08005b65   Thumb Code    14  dcmp.o(x$fpl$fcmp)
    __fpl_fnaninf                            0x08005b73   Thumb Code   140  fnaninf.o(x$fpl$fnaninf)
    _fp_init                                 0x08005bff   Thumb Code    26  fpinit.o(x$fpl$fpinit)
    __fplib_config_fpu_vfp                   0x08005c17   Thumb Code     0  fpinit.o(x$fpl$fpinit)
    __fplib_config_pureend_doubles           0x08005c17   Thumb Code     0  fpinit.o(x$fpl$fpinit)
    __fpl_fretinf                            0x08005c19   Thumb Code    10  fretinf.o(x$fpl$fretinf)
    _printf_fp_dec                           0x08005c23   Thumb Code     4  printf1.o(x$fpl$printf1)
    __I$use$fp                               0x08005c26   Number         0  usenofp.o(x$fpl$usenofp)
    AHBPrescTable                            0x08005cbc   Data          16  system_stm32f4xx.o(.rodata.AHBPrescTable)
    APBPrescTable                            0x08005ccc   Data           8  system_stm32f4xx.o(.rodata.APBPrescTable)
    Kd_Table                                 0x08005cd4   Data          49  main.o(.rodata.Kd_Table)
    Ki_Table                                 0x08005d05   Data          49  main.o(.rodata.Ki_Table)
    Kp_Table                                 0x08005d36   Data          49  main.o(.rodata.Kp_Table)
    Region$$Table$$Base                      0x08005d84   Number         0  anon$$obj.o(Region$$Table)
    Region$$Table$$Limit                     0x08005da4   Number         0  anon$$obj.o(Region$$Table)
    SystemCoreClock                          0x20000000   Data           4  system_stm32f4xx.o(.data.SystemCoreClock)
    pLeft                                    0x20000004   Data           4  main.o(.data.pLeft)
    pRight                                   0x20000008   Data           4  main.o(.data.pRight)
    uwTickFreq                               0x2000000c   Data           1  stm32f4xx_hal.o(.data.uwTickFreq)
    uwTickPrio                               0x20000010   Data           4  stm32f4xx_hal.o(.data.uwTickPrio)
    __libspace_start                         0x20000018   Data          96  libspace.o(.bss)
    LPID                                     0x20000078   Data         112  main.o(.bss.LPID)
    __temporary_stack_top$libspace           0x20000078   Data           0  libspace.o(.bss)
    LeftTuner                                0x200000e8   Data         184  main.o(.bss.LeftTuner)
    Left_motor                               0x200001a0   Data          80  main.o(.bss.Left_motor)
    RPID                                     0x200001f0   Data         112  main.o(.bss.RPID)
    RightTuner                               0x20000260   Data         184  main.o(.bss.RightTuner)
    Right_motor                              0x20000318   Data          80  main.o(.bss.Right_motor)
    current_Kd_L                             0x20000368   Data           4  main.o(.bss.current_Kd_L)
    current_Kd_R                             0x2000036c   Data           4  main.o(.bss.current_Kd_R)
    current_Ki_L                             0x20000370   Data           4  main.o(.bss.current_Ki_L)
    current_Ki_R                             0x20000374   Data           4  main.o(.bss.current_Ki_R)
    current_Kp_L                             0x20000378   Data           4  main.o(.bss.current_Kp_L)
    current_Kp_R                             0x2000037c   Data           4  main.o(.bss.current_Kp_R)
    hi2c1                                    0x20000380   Data          84  main.o(.bss.hi2c1)
    htim1                                    0x200003d4   Data          72  main.o(.bss.htim1)
    htim2                                    0x2000041c   Data          72  main.o(.bss.htim2)
    htim3                                    0x20000464   Data          72  main.o(.bss.htim3)
    htim4                                    0x200004ac   Data          72  main.o(.bss.htim4)
    huart2                                   0x200004f4   Data          72  main.o(.bss.huart2)
    rx_data                                  0x2000053c   Data           1  main.o(.bss.rx_data)
    uwTick                                   0x20000540   Data           4  stm32f4xx_hal.o(.bss.uwTick)



==============================================================================

Memory Map of the image

  Image Entry point : 0x08000199

  Load Region LR_IROM1 (Base: 0x08000000, Size: 0x00005dd8, Max: 0x00080000, ABSOLUTE)

    Execution Region ER_IROM1 (Exec base: 0x08000000, Load base: 0x08000000, Size: 0x00005dc0, Max: 0x00080000, ABSOLUTE)

    Exec Addr    Load Addr    Size         Type   Attr      Idx    E Section Name        Object

    0x08000000   0x08000000   0x00000198   Data   RO            3    RESET               startup_stm32f411xe.o
    0x08000198   0x08000198   0x00000008   Code   RO         1430  * !!!main             c_w.l(__main.o)
    0x080001a0   0x080001a0   0x00000034   Code   RO         1782    !!!scatter          c_w.l(__scatter.o)
    0x080001d4   0x080001d4   0x0000001a   Code   RO         1784    !!handler_copy      c_w.l(__scatter_copy.o)
    0x080001ee   0x080001ee   0x00000002   PAD
    0x080001f0   0x080001f0   0x0000001c   Code   RO         1786    !!handler_zi        c_w.l(__scatter_zi.o)
    0x0800020c   0x0800020c   0x00000000   Code   RO         1425    .ARM.Collect$$_printf_percent$$00000000  c_w.l(_printf_percent.o)
    0x0800020c   0x0800020c   0x00000006   Code   RO         1424    .ARM.Collect$$_printf_percent$$00000003  c_w.l(_printf_f.o)
    0x08000212   0x08000212   0x00000004   Code   RO         1501    .ARM.Collect$$_printf_percent$$00000017  c_w.l(_printf_percent_end.o)
    0x08000216   0x08000216   0x00000002   Code   RO         1647    .ARM.Collect$$libinit$$00000000  c_w.l(libinit.o)
    0x08000218   0x08000218   0x00000004   Code   RO         1648    .ARM.Collect$$libinit$$00000001  c_w.l(libinit2.o)
    0x0800021c   0x0800021c   0x00000000   Code   RO         1651    .ARM.Collect$$libinit$$00000004  c_w.l(libinit2.o)
    0x0800021c   0x0800021c   0x00000000   Code   RO         1654    .ARM.Collect$$libinit$$0000000A  c_w.l(libinit2.o)
    0x0800021c   0x0800021c   0x00000000   Code   RO         1656    .ARM.Collect$$libinit$$0000000C  c_w.l(libinit2.o)
    0x0800021c   0x0800021c   0x00000000   Code   RO         1658    .ARM.Collect$$libinit$$0000000E  c_w.l(libinit2.o)
    0x0800021c   0x0800021c   0x00000006   Code   RO         1659    .ARM.Collect$$libinit$$0000000F  c_w.l(libinit2.o)
    0x08000222   0x08000222   0x00000000   Code   RO         1661    .ARM.Collect$$libinit$$00000011  c_w.l(libinit2.o)
    0x08000222   0x08000222   0x00000000   Code   RO         1663    .ARM.Collect$$libinit$$00000013  c_w.l(libinit2.o)
    0x08000222   0x08000222   0x00000000   Code   RO         1665    .ARM.Collect$$libinit$$00000015  c_w.l(libinit2.o)
    0x08000222   0x08000222   0x0000000a   Code   RO         1666    .ARM.Collect$$libinit$$00000016  c_w.l(libinit2.o)
    0x0800022c   0x0800022c   0x00000000   Code   RO         1667    .ARM.Collect$$libinit$$00000017  c_w.l(libinit2.o)
    0x0800022c   0x0800022c   0x00000000   Code   RO         1669    .ARM.Collect$$libinit$$00000019  c_w.l(libinit2.o)
    0x0800022c   0x0800022c   0x00000000   Code   RO         1671    .ARM.Collect$$libinit$$0000001B  c_w.l(libinit2.o)
    0x0800022c   0x0800022c   0x00000000   Code   RO         1673    .ARM.Collect$$libinit$$0000001D  c_w.l(libinit2.o)
    0x0800022c   0x0800022c   0x00000000   Code   RO         1675    .ARM.Collect$$libinit$$0000001F  c_w.l(libinit2.o)
    0x0800022c   0x0800022c   0x00000000   Code   RO         1677    .ARM.Collect$$libinit$$00000021  c_w.l(libinit2.o)
    0x0800022c   0x0800022c   0x00000000   Code   RO         1679    .ARM.Collect$$libinit$$00000023  c_w.l(libinit2.o)
    0x0800022c   0x0800022c   0x00000000   Code   RO         1681    .ARM.Collect$$libinit$$00000025  c_w.l(libinit2.o)
    0x0800022c   0x0800022c   0x00000000   Code   RO         1685    .ARM.Collect$$libinit$$0000002C  c_w.l(libinit2.o)
    0x0800022c   0x0800022c   0x00000000   Code   RO         1687    .ARM.Collect$$libinit$$0000002E  c_w.l(libinit2.o)
    0x0800022c   0x0800022c   0x00000000   Code   RO         1689    .ARM.Collect$$libinit$$00000030  c_w.l(libinit2.o)
    0x0800022c   0x0800022c   0x00000000   Code   RO         1691    .ARM.Collect$$libinit$$00000032  c_w.l(libinit2.o)
    0x0800022c   0x0800022c   0x00000002   Code   RO         1692    .ARM.Collect$$libinit$$00000033  c_w.l(libinit2.o)
    0x0800022e   0x0800022e   0x00000002   Code   RO         1747    .ARM.Collect$$libshutdown$$00000000  c_w.l(libshutdown.o)
    0x08000230   0x08000230   0x00000000   Code   RO         1765    .ARM.Collect$$libshutdown$$00000002  c_w.l(libshutdown2.o)
    0x08000230   0x08000230   0x00000000   Code   RO         1767    .ARM.Collect$$libshutdown$$00000004  c_w.l(libshutdown2.o)
    0x08000230   0x08000230   0x00000000   Code   RO         1770    .ARM.Collect$$libshutdown$$00000007  c_w.l(libshutdown2.o)
    0x08000230   0x08000230   0x00000000   Code   RO         1773    .ARM.Collect$$libshutdown$$0000000A  c_w.l(libshutdown2.o)
    0x08000230   0x08000230   0x00000000   Code   RO         1775    .ARM.Collect$$libshutdown$$0000000C  c_w.l(libshutdown2.o)
    0x08000230   0x08000230   0x00000000   Code   RO         1778    .ARM.Collect$$libshutdown$$0000000F  c_w.l(libshutdown2.o)
    0x08000230   0x08000230   0x00000002   Code   RO         1779    .ARM.Collect$$libshutdown$$00000010  c_w.l(libshutdown2.o)
    0x08000232   0x08000232   0x00000000   Code   RO         1486    .ARM.Collect$$rtentry$$00000000  c_w.l(__rtentry.o)
    0x08000232   0x08000232   0x00000000   Code   RO         1557    .ARM.Collect$$rtentry$$00000002  c_w.l(__rtentry2.o)
    0x08000232   0x08000232   0x00000006   Code   RO         1569    .ARM.Collect$$rtentry$$00000004  c_w.l(__rtentry4.o)
    0x08000238   0x08000238   0x00000000   Code   RO         1559    .ARM.Collect$$rtentry$$00000009  c_w.l(__rtentry2.o)
    0x08000238   0x08000238   0x00000004   Code   RO         1560    .ARM.Collect$$rtentry$$0000000A  c_w.l(__rtentry2.o)
    0x0800023c   0x0800023c   0x00000000   Code   RO         1562    .ARM.Collect$$rtentry$$0000000C  c_w.l(__rtentry2.o)
    0x0800023c   0x0800023c   0x00000008   Code   RO         1563    .ARM.Collect$$rtentry$$0000000D  c_w.l(__rtentry2.o)
    0x08000244   0x08000244   0x00000002   Code   RO         1693    .ARM.Collect$$rtexit$$00000000  c_w.l(rtexit.o)
    0x08000246   0x08000246   0x00000000   Code   RO         1712    .ARM.Collect$$rtexit$$00000002  c_w.l(rtexit2.o)
    0x08000246   0x08000246   0x00000004   Code   RO         1713    .ARM.Collect$$rtexit$$00000003  c_w.l(rtexit2.o)
    0x0800024a   0x0800024a   0x00000006   Code   RO         1714    .ARM.Collect$$rtexit$$00000004  c_w.l(rtexit2.o)
    0x08000250   0x08000250   0x00000040   Code   RO            4    .text               startup_stm32f411xe.o
    0x08000290   0x08000290   0x000000f0   Code   RO         1396    .text               c_w.l(lludivv7m.o)
    0x08000380   0x08000380   0x0000002c   Code   RO         1398    .text               c_w.l(__2sprintf.o)
    0x080003ac   0x080003ac   0x0000010e   Code   RO         1412    .text               c_w.l(__printf_wp.o)
    0x080004ba   0x080004ba   0x0000004e   Code   RO         1426    .text               c_w.l(rt_memclr_w.o)
    0x08000508   0x08000508   0x00000006   Code   RO         1428    .text               c_w.l(heapauxi.o)
    0x0800050e   0x0800050e   0x0000041c   Code   RO         1493    .text               c_w.l(_printf_fp_dec.o)
    0x0800092a   0x0800092a   0x00000002   PAD
    0x0800092c   0x0800092c   0x00000030   Code   RO         1497    .text               c_w.l(_printf_char_common.o)
    0x0800095c   0x0800095c   0x0000000a   Code   RO         1499    .text               c_w.l(_sputc.o)
    0x08000966   0x08000966   0x00000002   PAD
    0x08000968   0x08000968   0x00000008   Code   RO         1576    .text               c_w.l(rt_locale_intlibspace.o)
    0x08000970   0x08000970   0x0000008a   Code   RO         1583    .text               c_w.l(lludiv10.o)
    0x080009fa   0x080009fa   0x00000002   PAD
    0x080009fc   0x080009fc   0x00000080   Code   RO         1585    .text               c_w.l(_printf_fp_infnan.o)
    0x08000a7c   0x08000a7c   0x000000e4   Code   RO         1589    .text               c_w.l(bigflt0.o)
    0x08000b60   0x08000b60   0x00000008   Code   RO         1627    .text               c_w.l(libspace.o)
    0x08000b68   0x08000b68   0x0000004a   Code   RO         1630    .text               c_w.l(sys_stackheap_outer.o)
    0x08000bb2   0x08000bb2   0x00000012   Code   RO         1634    .text               c_w.l(exit.o)
    0x08000bc4   0x08000bc4   0x00000004   PAD
    0x08000bc8   0x08000bc8   0x0000007c   Code   RO         1640    .text               c_w.l(strcmpv7em.o)
    0x08000c44   0x08000c44   0x0000000c   Code   RO         1707    .text               c_w.l(sys_exit.o)
    0x08000c50   0x08000c50   0x00000002   Code   RO         1734    .text               c_w.l(use_no_semi.o)
    0x08000c52   0x08000c52   0x00000000   Code   RO         1736    .text               c_w.l(indicate_semi.o)
    0x08000c52   0x08000c52   0x00000002   PAD
    0x08000c54   0x08000c54   0x00000002   Code   RO           84    .text.BusFault_Handler  stm32f4xx_it.o
    0x08000c56   0x08000c56   0x00000002   PAD
    0x08000c58   0x08000c58   0x00000002   Code   RO           90    .text.DebugMon_Handler  stm32f4xx_it.o
    0x08000c5a   0x08000c5a   0x00000002   PAD
    0x08000c5c   0x08000c5c   0x00000006   Code   RO           29    .text.Error_Handler  main.o
    0x08000c62   0x08000c62   0x00000002   PAD
    0x08000c64   0x08000c64   0x000000d8   Code   RO         1354    .text.Fuzzify       adaptivefuzzypid.o
    0x08000d3c   0x08000d3c   0x00000218   Code   RO         1358    .text.Fuzzy_Compute  adaptivefuzzypid.o
    0x08000f54   0x08000f54   0x00000018   Code   RO         1356    .text.Fuzzy_Init    adaptivefuzzypid.o
    0x08000f6c   0x08000f6c   0x00000080   Code   RO          541    .text.HAL_DMA_Abort  stm32f4xx_hal_dma.o
    0x08000fec   0x08000fec   0x00000024   Code   RO          543    .text.HAL_DMA_Abort_IT  stm32f4xx_hal_dma.o
    0x08001010   0x08001010   0x00000028   Code   RO          733    .text.HAL_Delay     stm32f4xx_hal.o
    0x08001038   0x08001038   0x0000019a   Code   RO          487    .text.HAL_GPIO_Init  stm32f4xx_hal_gpio.o
    0x080011d2   0x080011d2   0x00000002   PAD
    0x080011d4   0x080011d4   0x0000000a   Code   RO          493    .text.HAL_GPIO_WritePin  stm32f4xx_hal_gpio.o
    0x080011de   0x080011de   0x00000002   PAD
    0x080011e0   0x080011e0   0x0000000c   Code   RO          725    .text.HAL_GetTick   stm32f4xx_hal.o
    0x080011ec   0x080011ec   0x0000018e   Code   RO          135    .text.HAL_I2C_Init  stm32f4xx_hal_i2c.o
    0x0800137a   0x0800137a   0x00000002   PAD
    0x0800137c   0x0800137c   0x0000021a   Code   RO          189    .text.HAL_I2C_Mem_Read  stm32f4xx_hal_i2c.o
    0x08001596   0x08001596   0x00000002   PAD
    0x08001598   0x08001598   0x0000012a   Code   RO          185    .text.HAL_I2C_Mem_Write  stm32f4xx_hal_i2c.o
    0x080016c2   0x080016c2   0x00000002   PAD
    0x080016c4   0x080016c4   0x00000074   Code   RO          109    .text.HAL_I2C_MspInit  stm32f4xx_hal_msp.o
    0x08001738   0x08001738   0x0000001a   Code   RO          723    .text.HAL_IncTick   stm32f4xx_hal.o
    0x08001752   0x08001752   0x00000002   PAD
    0x08001754   0x08001754   0x00000036   Code   RO          713    .text.HAL_Init      stm32f4xx_hal.o
    0x0800178a   0x0800178a   0x00000002   PAD
    0x0800178c   0x0800178c   0x00000050   Code   RO          715    .text.HAL_InitTick  stm32f4xx_hal.o
    0x080017dc   0x080017dc   0x00000038   Code   RO          107    .text.HAL_MspInit   stm32f4xx_hal_msp.o
    0x08001814   0x08001814   0x00000008   Code   RO          647    .text.HAL_NVIC_EnableIRQ  stm32f4xx_hal_cortex.o
    0x0800181c   0x0800181c   0x0000001e   Code   RO          639    .text.HAL_NVIC_SetPriority  stm32f4xx_hal_cortex.o
    0x0800183a   0x0800183a   0x00000002   PAD
    0x0800183c   0x0800183c   0x00000008   Code   RO          635    .text.HAL_NVIC_SetPriorityGrouping  stm32f4xx_hal_cortex.o
    0x08001844   0x08001844   0x00000160   Code   RO          323    .text.HAL_RCC_ClockConfig  stm32f4xx_hal_rcc.o
    0x080019a4   0x080019a4   0x0000000c   Code   RO          333    .text.HAL_RCC_GetHCLKFreq  stm32f4xx_hal_rcc.o
    0x080019b0   0x080019b0   0x00000022   Code   RO          335    .text.HAL_RCC_GetPCLK1Freq  stm32f4xx_hal_rcc.o
    0x080019d2   0x080019d2   0x00000002   PAD
    0x080019d4   0x080019d4   0x00000022   Code   RO          337    .text.HAL_RCC_GetPCLK2Freq  stm32f4xx_hal_rcc.o
    0x080019f6   0x080019f6   0x00000002   PAD
    0x080019f8   0x080019f8   0x00000068   Code   RO          325    .text.HAL_RCC_GetSysClockFreq  stm32f4xx_hal_rcc.o
    0x08001a60   0x08001a60   0x00000344   Code   RO          321    .text.HAL_RCC_OscConfig  stm32f4xx_hal_rcc.o
    0x08001da4   0x08001da4   0x00000008   Code   RO          659    .text.HAL_SYSTICK_Config  stm32f4xx_hal_cortex.o
    0x08001dac   0x08001dac   0x00000002   Code   RO         1128    .text.HAL_TIMEx_BreakCallback  stm32f4xx_hal_tim_ex.o
    0x08001dae   0x08001dae   0x00000002   PAD
    0x08001db0   0x08001db0   0x00000002   Code   RO         1124    .text.HAL_TIMEx_CommutCallback  stm32f4xx_hal_tim_ex.o
    0x08001db2   0x08001db2   0x00000002   PAD
    0x08001db4   0x08001db4   0x00000094   Code   RO         1118    .text.HAL_TIMEx_MasterConfigSynchronization  stm32f4xx_hal_tim_ex.o
    0x08001e48   0x08001e48   0x0000005a   Code   RO          804    .text.HAL_TIM_Base_Init  stm32f4xx_hal_tim.o
    0x08001ea2   0x08001ea2   0x00000002   PAD
    0x08001ea4   0x08001ea4   0x00000070   Code   RO          113    .text.HAL_TIM_Base_MspInit  stm32f4xx_hal_msp.o
    0x08001f14   0x08001f14   0x00000084   Code   RO          818    .text.HAL_TIM_Base_Start_IT  stm32f4xx_hal_tim.o
    0x08001f98   0x08001f98   0x000000de   Code   RO          996    .text.HAL_TIM_ConfigClockSource  stm32f4xx_hal_tim.o
    0x08002076   0x08002076   0x00000002   PAD
    0x08002078   0x08002078   0x000000b2   Code   RO          918    .text.HAL_TIM_Encoder_Init  stm32f4xx_hal_tim.o
    0x0800212a   0x0800212a   0x00000002   PAD
    0x0800212c   0x0800212c   0x000000ba   Code   RO          115    .text.HAL_TIM_Encoder_MspInit  stm32f4xx_hal_msp.o
    0x080021e6   0x080021e6   0x00000002   PAD
    0x080021e8   0x080021e8   0x000000a4   Code   RO          926    .text.HAL_TIM_Encoder_Start  stm32f4xx_hal_tim.o
    0x0800228c   0x0800228c   0x000000d2   Code   RO          930    .text.HAL_TIM_Encoder_Start_IT  stm32f4xx_hal_tim.o
    0x0800235e   0x0800235e   0x00000002   PAD
    0x08002360   0x08002360   0x00000002   Code   RO          940    .text.HAL_TIM_IC_CaptureCallback  stm32f4xx_hal_tim.o
    0x08002362   0x08002362   0x00000002   PAD
    0x08002364   0x08002364   0x00000134   Code   RO          938    .text.HAL_TIM_IRQHandler  stm32f4xx_hal_tim.o
    0x08002498   0x08002498   0x0000005a   Code   RO          117    .text.HAL_TIM_MspPostInit  stm32f4xx_hal_msp.o
    0x080024f2   0x080024f2   0x00000002   PAD
    0x080024f4   0x080024f4   0x00000002   Code   RO          942    .text.HAL_TIM_OC_DelayElapsedCallback  stm32f4xx_hal_tim.o
    0x080024f6   0x080024f6   0x00000002   PAD
    0x080024f8   0x080024f8   0x00000098   Code   RO          970    .text.HAL_TIM_PWM_ConfigChannel  stm32f4xx_hal_tim.o
    0x08002590   0x08002590   0x0000005a   Code   RO          858    .text.HAL_TIM_PWM_Init  stm32f4xx_hal_tim.o
    0x080025ea   0x080025ea   0x00000002   PAD
    0x080025ec   0x080025ec   0x00000002   Code   RO          860    .text.HAL_TIM_PWM_MspInit  stm32f4xx_hal_tim.o
    0x080025ee   0x080025ee   0x00000002   PAD
    0x080025f0   0x080025f0   0x00000002   Code   RO          944    .text.HAL_TIM_PWM_PulseFinishedCallback  stm32f4xx_hal_tim.o
    0x080025f2   0x080025f2   0x00000002   PAD
    0x080025f4   0x080025f4   0x000000d4   Code   RO          866    .text.HAL_TIM_PWM_Start  stm32f4xx_hal_tim.o
    0x080026c8   0x080026c8   0x000001e4   Code   RO           31    .text.HAL_TIM_PeriodElapsedCallback  main.o
    0x080028ac   0x080028ac   0x00000002   Code   RO          948    .text.HAL_TIM_TriggerCallback  stm32f4xx_hal_tim.o
    0x080028ae   0x080028ae   0x00000002   PAD
    0x080028b0   0x080028b0   0x00000002   Code   RO         1234    .text.HAL_UARTEx_RxEventCallback  stm32f4xx_hal_uart.o
    0x080028b2   0x080028b2   0x00000002   PAD
    0x080028b4   0x080028b4   0x00000002   Code   RO         1232    .text.HAL_UART_ErrorCallback  stm32f4xx_hal_uart.o
    0x080028b6   0x080028b6   0x00000002   PAD
    0x080028b8   0x080028b8   0x0000026a   Code   RO         1226    .text.HAL_UART_IRQHandler  stm32f4xx_hal_uart.o
    0x08002b22   0x08002b22   0x00000002   PAD
    0x08002b24   0x08002b24   0x00000060   Code   RO         1142    .text.HAL_UART_Init  stm32f4xx_hal_uart.o
    0x08002b84   0x08002b84   0x00000082   Code   RO          123    .text.HAL_UART_MspInit  stm32f4xx_hal_msp.o
    0x08002c06   0x08002c06   0x00000002   PAD
    0x08002c08   0x08002c08   0x0000002a   Code   RO         1166    .text.HAL_UART_Receive_IT  stm32f4xx_hal_uart.o
    0x08002c32   0x08002c32   0x00000002   PAD
    0x08002c34   0x08002c34   0x00000002   Code   RO         1244    .text.HAL_UART_RxCpltCallback  stm32f4xx_hal_uart.o
    0x08002c36   0x08002c36   0x00000002   PAD
    0x08002c38   0x08002c38   0x000000b4   Code   RO         1158    .text.HAL_UART_Transmit  stm32f4xx_hal_uart.o
    0x08002cec   0x08002cec   0x00000002   Code   RO         1240    .text.HAL_UART_TxCpltCallback  stm32f4xx_hal_uart.o
    0x08002cee   0x08002cee   0x00000002   PAD
    0x08002cf0   0x08002cf0   0x00000002   Code   RO           80    .text.HardFault_Handler  stm32f4xx_it.o
    0x08002cf2   0x08002cf2   0x00000002   PAD
    0x08002cf4   0x08002cf4   0x00000030   Code   RO          297    .text.I2C_IsAcknowledgeFailed  stm32f4xx_hal_i2c.o
    0x08002d24   0x08002d24   0x0000010c   Code   RO          191    .text.I2C_RequestMemoryRead  stm32f4xx_hal_i2c.o
    0x08002e30   0x08002e30   0x000000c0   Code   RO          187    .text.I2C_RequestMemoryWrite  stm32f4xx_hal_i2c.o
    0x08002ef0   0x08002ef0   0x0000006a   Code   RO          151    .text.I2C_WaitOnBTFFlagUntilTimeout  stm32f4xx_hal_i2c.o
    0x08002f5a   0x08002f5a   0x00000002   PAD
    0x08002f5c   0x08002f5c   0x000000a0   Code   RO          145    .text.I2C_WaitOnFlagUntilTimeout  stm32f4xx_hal_i2c.o
    0x08002ffc   0x08002ffc   0x000000a6   Code   RO          295    .text.I2C_WaitOnMasterAddressFlagUntilTimeout  stm32f4xx_hal_i2c.o
    0x080030a2   0x080030a2   0x00000002   PAD
    0x080030a4   0x080030a4   0x00000076   Code   RO          157    .text.I2C_WaitOnRXNEFlagUntilTimeout  stm32f4xx_hal_i2c.o
    0x0800311a   0x0800311a   0x00000002   PAD
    0x0800311c   0x0800311c   0x0000006a   Code   RO          149    .text.I2C_WaitOnTXEFlagUntilTimeout  stm32f4xx_hal_i2c.o
    0x08003186   0x08003186   0x00000002   PAD
    0x08003188   0x08003188   0x000000a0   Code   RO         1369    .text.MPU6050_init  mpu.o
    0x08003228   0x08003228   0x00000082   Code   RO           15    .text.MX_GPIO_Init  main.o
    0x080032aa   0x080032aa   0x00000002   PAD
    0x080032ac   0x080032ac   0x0000003e   Code   RO           27    .text.MX_I2C1_Init  main.o
    0x080032ea   0x080032ea   0x00000002   PAD
    0x080032ec   0x080032ec   0x00000070   Code   RO           25    .text.MX_TIM1_Init  main.o
    0x0800335c   0x0800335c   0x0000006c   Code   RO           17    .text.MX_TIM2_Init  main.o
    0x080033c8   0x080033c8   0x000000c4   Code   RO           19    .text.MX_TIM3_Init  main.o
    0x0800348c   0x0800348c   0x00000070   Code   RO           21    .text.MX_TIM4_Init  main.o
    0x080034fc   0x080034fc   0x00000038   Code   RO           23    .text.MX_USART2_UART_Init  main.o
    0x08003534   0x08003534   0x00000002   Code   RO           82    .text.MemManage_Handler  stm32f4xx_it.o
    0x08003536   0x08003536   0x00000002   PAD
    0x08003538   0x08003538   0x00000080   Code   RO         1291    .text.Motor_GetSpeed  motor.o
    0x080035b8   0x080035b8   0x0000004a   Code   RO         1289    .text.Motor_Init    motor.o
    0x08003602   0x08003602   0x00000006   PAD
    0x08003608   0x08003608   0x00000170   Code   RO         1293    .text.Motor_SetPwm  motor.o
    0x08003778   0x08003778   0x00000002   Code   RO           78    .text.NMI_Handler   stm32f4xx_it.o
    0x0800377a   0x0800377a   0x00000002   PAD
    0x0800377c   0x0800377c   0x0000002c   Code   RO          645    .text.NVIC_EncodePriority  stm32f4xx_hal_cortex.o
    0x080037a8   0x080037a8   0x00000088   Code   RO         1314    .text.PID           pid.o
    0x08003830   0x08003830   0x000001b0   Code   RO         1324    .text.PID_Compute   pid.o
    0x080039e0   0x080039e0   0x0000005a   Code   RO         1312    .text.PID_Init      pid.o
    0x08003a3a   0x08003a3a   0x00000006   PAD
    0x08003a40   0x08003a40   0x00000078   Code   RO         1318    .text.PID_SetControllerDirection  pid.o
    0x08003ab8   0x08003ab8   0x00000022   Code   RO         1326    .text.PID_SetMode   pid.o
    0x08003ada   0x08003ada   0x00000002   PAD
    0x08003adc   0x08003adc   0x000000be   Code   RO         1316    .text.PID_SetOutputLimits  pid.o
    0x08003b9a   0x08003b9a   0x00000002   PAD
    0x08003b9c   0x08003b9c   0x00000068   Code   RO         1334    .text.PID_SetSampleTime  pid.o
    0x08003c04   0x08003c04   0x0000000a   Code   RO         1330    .text.PID_SetTunings  pid.o
    0x08003c0e   0x08003c0e   0x00000002   PAD
    0x08003c10   0x08003c10   0x00000138   Code   RO         1320    .text.PID_SetTunings2  pid.o
    0x08003d48   0x08003d48   0x00000002   Code   RO           92    .text.PendSV_Handler  stm32f4xx_it.o
    0x08003d4a   0x08003d4a   0x00000002   PAD
    0x08003d4c   0x08003d4c   0x00000002   Code   RO           88    .text.SVC_Handler   stm32f4xx_it.o
    0x08003d4e   0x08003d4e   0x00000002   PAD
    0x08003d50   0x08003d50   0x0000002e   Code   RO          661    .text.SysTick_Config  stm32f4xx_hal_cortex.o
    0x08003d7e   0x08003d7e   0x00000002   PAD
    0x08003d80   0x08003d80   0x00000008   Code   RO           94    .text.SysTick_Handler  stm32f4xx_it.o
    0x08003d88   0x08003d88   0x0000009c   Code   RO           13    .text.SystemClock_Config  main.o
    0x08003e24   0x08003e24   0x00000012   Code   RO         1274    .text.SystemInit    system_stm32f4xx.o
    0x08003e36   0x08003e36   0x00000002   PAD
    0x08003e38   0x08003e38   0x00000010   Code   RO           96    .text.TIM1_UP_TIM10_IRQHandler  stm32f4xx_it.o
    0x08003e48   0x08003e48   0x000000e2   Code   RO          808    .text.TIM_Base_SetConfig  stm32f4xx_hal_tim.o
    0x08003f2a   0x08003f2a   0x00000002   PAD
    0x08003f2c   0x08003f2c   0x00000024   Code   RO          842    .text.TIM_CCxChannelCmd  stm32f4xx_hal_tim.o
    0x08003f50   0x08003f50   0x00000016   Code   RO          994    .text.TIM_ETR_SetConfig  stm32f4xx_hal_tim.o
    0x08003f66   0x08003f66   0x00000002   PAD
    0x08003f68   0x08003f68   0x00000010   Code   RO         1000    .text.TIM_ITRx_SetConfig  stm32f4xx_hal_tim.o
    0x08003f78   0x08003f78   0x00000060   Code   RO          952    .text.TIM_OC1_SetConfig  stm32f4xx_hal_tim.o
    0x08003fd8   0x08003fd8   0x00000068   Code   RO          954    .text.TIM_OC2_SetConfig  stm32f4xx_hal_tim.o
    0x08004040   0x08004040   0x00000068   Code   RO          956    .text.TIM_OC3_SetConfig  stm32f4xx_hal_tim.o
    0x080040a8   0x080040a8   0x00000048   Code   RO          958    .text.TIM_OC4_SetConfig  stm32f4xx_hal_tim.o
    0x080040f0   0x080040f0   0x00000022   Code   RO          998    .text.TIM_TI1_ConfigInputStage  stm32f4xx_hal_tim.o
    0x08004112   0x08004112   0x00000002   PAD
    0x08004114   0x08004114   0x00000024   Code   RO         1002    .text.TIM_TI2_ConfigInputStage  stm32f4xx_hal_tim.o
    0x08004138   0x08004138   0x00000060   Code   RO         1352    .text.Triangle_MF   adaptivefuzzypid.o
    0x08004198   0x08004198   0x0000000e   Code   RO         1230    .text.UART_DMAAbortOnError  stm32f4xx_hal_uart.o
    0x080041a6   0x080041a6   0x00000002   PAD
    0x080041a8   0x080041a8   0x00000050   Code   RO         1190    .text.UART_EndRxTransfer  stm32f4xx_hal_uart.o
    0x080041f8   0x080041f8   0x00000018   Code   RO         1238    .text.UART_EndTransmit_IT  stm32f4xx_hal_uart.o
    0x08004210   0x08004210   0x000000c8   Code   RO         1228    .text.UART_Receive_IT  stm32f4xx_hal_uart.o
    0x080042d8   0x080042d8   0x000000dc   Code   RO         1146    .text.UART_SetConfig  stm32f4xx_hal_uart.o
    0x080043b4   0x080043b4   0x00000034   Code   RO         1168    .text.UART_Start_Receive_IT  stm32f4xx_hal_uart.o
    0x080043e8   0x080043e8   0x00000052   Code   RO         1236    .text.UART_Transmit_IT  stm32f4xx_hal_uart.o
    0x0800443a   0x0800443a   0x00000002   PAD
    0x0800443c   0x0800443c   0x00000088   Code   RO         1160    .text.UART_WaitOnFlagUntilTimeout  stm32f4xx_hal_uart.o
    0x080044c4   0x080044c4   0x00000010   Code   RO           98    .text.USART2_IRQHandler  stm32f4xx_it.o
    0x080044d4   0x080044d4   0x00000002   Code   RO           86    .text.UsageFault_Handler  stm32f4xx_it.o
    0x080044d6   0x080044d6   0x00000002   PAD
    0x080044d8   0x080044d8   0x00000020   Code   RO          649    .text.__NVIC_EnableIRQ  stm32f4xx_hal_cortex.o
    0x080044f8   0x080044f8   0x00000010   Code   RO          641    .text.__NVIC_GetPriorityGrouping  stm32f4xx_hal_cortex.o
    0x08004508   0x08004508   0x00000022   Code   RO          643    .text.__NVIC_SetPriority  stm32f4xx_hal_cortex.o
    0x0800452a   0x0800452a   0x00000002   PAD
    0x0800452c   0x0800452c   0x00000020   Code   RO          637    .text.__NVIC_SetPriorityGrouping  stm32f4xx_hal_cortex.o
    0x0800454c   0x0800454c   0x00000004   PAD
    0x08004550   0x08004550   0x00000318   Code   RO           11    .text.main          main.o
    0x08004868   0x08004868   0x0000003e   Code   RO         1592    CL$$btod_d2e        c_w.l(btod.o)
    0x080048a6   0x080048a6   0x00000046   Code   RO         1594    CL$$btod_d2e_denorm_low  c_w.l(btod.o)
    0x080048ec   0x080048ec   0x00000060   Code   RO         1593    CL$$btod_d2e_norm_op1  c_w.l(btod.o)
    0x0800494c   0x0800494c   0x00000338   Code   RO         1602    CL$$btod_div_common  c_w.l(btod.o)
    0x08004c84   0x08004c84   0x000000dc   Code   RO         1599    CL$$btod_e2e        c_w.l(btod.o)
    0x08004d60   0x08004d60   0x0000002a   Code   RO         1596    CL$$btod_ediv       c_w.l(btod.o)
    0x08004d8a   0x08004d8a   0x0000002a   Code   RO         1595    CL$$btod_emul       c_w.l(btod.o)
    0x08004db4   0x08004db4   0x00000244   Code   RO         1601    CL$$btod_mult_common  c_w.l(btod.o)
    0x08004ff8   0x08004ff8   0x00000030   Code   RO         1623    i.__ARM_fpclassify  m_wm.l(fpclassify.o)
    0x08005028   0x08005028   0x0000000e   Code   RO         1414    i._is_digit         c_w.l(__printf_wp.o)
    0x08005036   0x08005036   0x00000002   PAD
    0x08005038   0x08005038   0x0000002c   Code   RO         1617    locale$$code        c_w.l(lc_numeric_c.o)
    0x08005064   0x08005064   0x00000062   Code   RO         1432    x$fpl$d2f           fz_wm.l(d2f.o)
    0x080050c6   0x080050c6   0x00000002   PAD
    0x080050c8   0x080050c8   0x00000150   Code   RO         1434    x$fpl$dadd          fz_wm.l(daddsub_clz.o)
    0x08005218   0x08005218   0x00000018   Code   RO         1619    x$fpl$dcmpinf       fz_wm.l(dcmpi.o)
    0x08005230   0x08005230   0x000002b0   Code   RO         1443    x$fpl$ddiv          fz_wm.l(ddiv.o)
    0x080054e0   0x080054e0   0x00000078   Code   RO         1504    x$fpl$deqf          fz_wm.l(deqf.o)
    0x08005558   0x08005558   0x0000005a   Code   RO         1446    x$fpl$dfixu         fz_wm.l(dfixu.o)
    0x080055b2   0x080055b2   0x0000002e   Code   RO         1451    x$fpl$dflt          fz_wm.l(dflt_clz.o)
    0x080055e0   0x080055e0   0x00000026   Code   RO         1450    x$fpl$dfltu         fz_wm.l(dflt_clz.o)
    0x08005606   0x08005606   0x00000002   PAD
    0x08005608   0x08005608   0x00000078   Code   RO         1506    x$fpl$dgeqf         fz_wm.l(dgeqf.o)
    0x08005680   0x08005680   0x00000078   Code   RO         1508    x$fpl$dleqf         fz_wm.l(dleqf.o)
    0x080056f8   0x080056f8   0x00000154   Code   RO         1456    x$fpl$dmul          fz_wm.l(dmul.o)
    0x0800584c   0x0800584c   0x0000009c   Code   RO         1510    x$fpl$dnaninf       fz_wm.l(dnaninf.o)
    0x080058e8   0x080058e8   0x0000000c   Code   RO         1512    x$fpl$dretinf       fz_wm.l(dretinf.o)
    0x080058f4   0x080058f4   0x000001d4   Code   RO         1436    x$fpl$dsub          fz_wm.l(daddsub_clz.o)
    0x08005ac8   0x08005ac8   0x00000056   Code   RO         1458    x$fpl$f2d           fz_wm.l(f2d.o)
    0x08005b1e   0x08005b1e   0x00000054   Code   RO         1440    x$fpl$fcmp          fz_wm.l(dcmp.o)
    0x08005b72   0x08005b72   0x0000008c   Code   RO         1516    x$fpl$fnaninf       fz_wm.l(fnaninf.o)
    0x08005bfe   0x08005bfe   0x0000001a   Code   RO         1705    x$fpl$fpinit        fz_wm.l(fpinit.o)
    0x08005c18   0x08005c18   0x0000000a   Code   RO         1518    x$fpl$fretinf       fz_wm.l(fretinf.o)
    0x08005c22   0x08005c22   0x00000004   Code   RO         1460    x$fpl$printf1       fz_wm.l(printf1.o)
    0x08005c26   0x08005c26   0x00000000   Code   RO         1520    x$fpl$usenofp       fz_wm.l(usenofp.o)
    0x08005c26   0x08005c26   0x00000002   PAD
    0x08005c28   0x08005c28   0x00000094   Data   RO         1590    .constdata          c_w.l(bigflt0.o)
    0x08005cbc   0x08005cbc   0x00000010   Data   RO         1279    .rodata.AHBPrescTable  system_stm32f4xx.o
    0x08005ccc   0x08005ccc   0x00000008   Data   RO         1280    .rodata.APBPrescTable  system_stm32f4xx.o
    0x08005cd4   0x08005cd4   0x00000031   Data   RO           41    .rodata.Kd_Table    main.o
    0x08005d05   0x08005d05   0x00000031   Data   RO           40    .rodata.Ki_Table    main.o
    0x08005d36   0x08005d36   0x00000031   Data   RO           39    .rodata.Kp_Table    main.o
    0x08005d67   0x08005d67   0x00000001   PAD
    0x08005d68   0x08005d68   0x0000001c   Data   RO         1360    .rodata.centroids   adaptivefuzzypid.o
    0x08005d84   0x08005d84   0x00000020   Data   RO         1781    Region$$Table       anon$$obj.o
    0x08005da4   0x08005da4   0x0000001c   Data   RO         1616    locale$$data        c_w.l(lc_numeric_c.o)


    Execution Region RW_IRAM1 (Exec base: 0x20000000, Load base: 0x08005dc0, Size: 0x00000b48, Max: 0x00020000, ABSOLUTE)

    Exec Addr    Load Addr    Size         Type   Attr      Idx    E Section Name        Object

    0x20000000   0x08005dc0   0x00000004   Data   RW         1278    .data.SystemCoreClock  system_stm32f4xx.o
    0x20000004   0x08005dc4   0x00000004   Data   RW           36    .data.pLeft         main.o
    0x20000008   0x08005dc8   0x00000004   Data   RW           38    .data.pRight        main.o
    0x2000000c   0x08005dcc   0x00000001   Data   RW          768    .data.uwTickFreq    stm32f4xx_hal.o
    0x2000000d   0x08005dcd   0x00000003   PAD
    0x20000010   0x08005dd0   0x00000004   Data   RW          767    .data.uwTickPrio    stm32f4xx_hal.o
    0x20000014   0x08005dd4   0x00000004   PAD
    0x20000018        -       0x00000060   Zero   RW         1628    .bss                c_w.l(libspace.o)
    0x20000078        -       0x00000070   Zero   RW           50    .bss.LPID           main.o
    0x200000e8        -       0x000000b8   Zero   RW           48    .bss.LeftTuner      main.o
    0x200001a0        -       0x00000050   Zero   RW           35    .bss.Left_motor     main.o
    0x200001f0        -       0x00000070   Zero   RW           51    .bss.RPID           main.o
    0x20000260        -       0x000000b8   Zero   RW           49    .bss.RightTuner     main.o
    0x20000318        -       0x00000050   Zero   RW           37    .bss.Right_motor    main.o
    0x20000368        -       0x00000004   Zero   RW           54    .bss.current_Kd_L   main.o
    0x2000036c        -       0x00000004   Zero   RW           57    .bss.current_Kd_R   main.o
    0x20000370        -       0x00000004   Zero   RW           53    .bss.current_Ki_L   main.o
    0x20000374        -       0x00000004   Zero   RW           56    .bss.current_Ki_R   main.o
    0x20000378        -       0x00000004   Zero   RW           52    .bss.current_Kp_L   main.o
    0x2000037c        -       0x00000004   Zero   RW           55    .bss.current_Kp_R   main.o
    0x20000380        -       0x00000054   Zero   RW           58    .bss.hi2c1          main.o
    0x200003d4        -       0x00000048   Zero   RW           44    .bss.htim1          main.o
    0x2000041c        -       0x00000048   Zero   RW           45    .bss.htim2          main.o
    0x20000464        -       0x00000048   Zero   RW           47    .bss.htim3          main.o
    0x200004ac        -       0x00000048   Zero   RW           46    .bss.htim4          main.o
    0x200004f4        -       0x00000048   Zero   RW           42    .bss.huart2         main.o
    0x2000053c        -       0x00000001   Zero   RW           43    .bss.rx_data        main.o
    0x2000053d   0x08005dd4   0x00000003   PAD
    0x20000540        -       0x00000004   Zero   RW          769    .bss.uwTick         stm32f4xx_hal.o
    0x20000544   0x08005dd4   0x00000004   PAD
    0x20000548        -       0x00000200   Zero   RW            2    HEAP                startup_stm32f411xe.o
    0x20000748        -       0x00000400   Zero   RW            1    STACK               startup_stm32f411xe.o


==============================================================================

Image component sizes


      Code (inc. data)   RO Data    RW Data    ZI Data      Debug   Object Name

       872         12         28          0          0       3781   adaptivefuzzypid.o
      2214        108        147          8       1221      15543   main.o
       570         48          0          0          0       6552   motor.o
       160          0          0          0          0       2714   mpu.o
      1428         56          0          0          0       5987   pid.o
        64         26        408          0       1536        820   startup_stm32f411xe.o
       212          0          0          5          4       6853   stm32f4xx_hal.o
       258          0          0          0          0      10108   stm32f4xx_hal_cortex.o
       164          0          0          0          0       8872   stm32f4xx_hal_dma.o
       420          0          0          0          0       5135   stm32f4xx_hal_gpio.o
      2398          0          0          0          0      39520   stm32f4xx_hal_i2c.o
       690          0          0          0          0      10756   stm32f4xx_hal_msp.o
      1372          0          0          0          0       7325   stm32f4xx_hal_rcc.o
      2514          4          0          0          0      42541   stm32f4xx_hal_tim.o
       152          0          0          0          0      18262   stm32f4xx_hal_tim_ex.o
      1752          0          0          0          0      24297   stm32f4xx_hal_uart.o
        56          0          0          0          0       1199   stm32f4xx_it.o
        18          0         24          4          0       2620   system_stm32f4xx.o

    ----------------------------------------------------------------------
     15444        254        640         20       2772     212885   Object Totals
         0          0         32          0          0          0   (incl. Generated)
       130          0          1          3         11          0   (incl. Padding)

    ----------------------------------------------------------------------

      Code (inc. data)   RO Data    RW Data    ZI Data      Debug   Library Member Name

        44          6          0          0          0         84   __2sprintf.o
         8          0          0          0          0         68   __main.o
       284          0          0          0          0        156   __printf_wp.o
         0          0          0          0          0          0   __rtentry.o
        12          0          0          0          0          0   __rtentry2.o
         6          0          0          0          0          0   __rtentry4.o
        52          8          0          0          0          0   __scatter.o
        26          0          0          0          0          0   __scatter_copy.o
        28          0          0          0          0          0   __scatter_zi.o
        48          6          0          0          0         96   _printf_char_common.o
         6          0          0          0          0          0   _printf_f.o
      1052          0          0          0          0        148   _printf_fp_dec.o
       128         16          0          0          0         84   _printf_fp_infnan.o
         0          0          0          0          0          0   _printf_percent.o
         4          0          0          0          0          0   _printf_percent_end.o
        10          0          0          0          0         68   _sputc.o
       228          4        148          0          0         96   bigflt0.o
      1936        128          0          0          0        672   btod.o
        18          0          0          0          0         80   exit.o
         6          0          0          0          0        152   heapauxi.o
         0          0          0          0          0          0   indicate_semi.o
        44         10         28          0          0         76   lc_numeric_c.o
         2          0          0          0          0          0   libinit.o
        22          0          0          0          0          0   libinit2.o
         2          0          0          0          0          0   libshutdown.o
         2          0          0          0          0          0   libshutdown2.o
         8          4          0          0         96         68   libspace.o
       138          0          0          0          0         80   lludiv10.o
       240          0          0          0          0        100   lludivv7m.o
         8          4          0          0          0         68   rt_locale_intlibspace.o
        78          0          0          0          0         80   rt_memclr_w.o
         2          0          0          0          0          0   rtexit.o
        10          0          0          0          0          0   rtexit2.o
       124          0          0          0          0         88   strcmpv7em.o
        12          4          0          0          0         68   sys_exit.o
        74          0          0          0          0         80   sys_stackheap_outer.o
         2          0          0          0          0         68   use_no_semi.o
        98          4          0          0          0        140   d2f.o
       804         16          0          0          0        376   daddsub_clz.o
        84          0          0          0          0        244   dcmp.o
        24          0          0          0          0        116   dcmpi.o
       688        140          0          0          0        264   ddiv.o
       120          4          0          0          0        140   deqf.o
        90          4          0          0          0        140   dfixu.o
        84          0          0          0          0        232   dflt_clz.o
       120          4          0          0          0        140   dgeqf.o
       120          4          0          0          0        140   dleqf.o
       340         12          0          0          0        152   dmul.o
       156          4          0          0          0        140   dnaninf.o
        12          0          0          0          0        116   dretinf.o
        86          4          0          0          0        132   f2d.o
       140          4          0          0          0        132   fnaninf.o
        26          0          0          0          0        116   fpinit.o
        10          0          0          0          0        116   fretinf.o
         4          0          0          0          0        116   printf1.o
         0          0          0          0          0          0   usenofp.o
        48          0          0          0          0        124   fpclassify.o

    ----------------------------------------------------------------------
      7740        390        176          0         96       5556   Library Totals
        22          0          0          0          0          0   (incl. Padding)

    ----------------------------------------------------------------------

      Code (inc. data)   RO Data    RW Data    ZI Data      Debug   Library Name

      4664        190        176          0         96       2480   c_w.l
      3006        200          0          0          0       2952   fz_wm.l
        48          0          0          0          0        124   m_wm.l

    ----------------------------------------------------------------------
      7740        390        176          0         96       5556   Library Totals

    ----------------------------------------------------------------------

==============================================================================


      Code (inc. data)   RO Data    RW Data    ZI Data      Debug   

     23184        644        816         20       2868     214985   Grand Totals
     23184        644        816         20       2868     214985   ELF Image Totals
     23184        644        816         20          0          0   ROM Totals

==============================================================================

    Total RO  Size (Code + RO Data)                24000 (  23.44kB)
    Total RW  Size (RW Data + ZI Data)              2888 (   2.82kB)
    Total ROM Size (Code + RO Data + RW Data)      24020 (  23.46kB)

==============================================================================

