Component: ARM Compiler 6.14 Tool: armlink [5db06800]

==============================================================================

Section Cross References

    startup_stm32f411xe.o(STACK) refers (Special) to heapauxi.o(.text) for __use_two_region_memory
    startup_stm32f411xe.o(HEAP) refers (Special) to heapauxi.o(.text) for __use_two_region_memory
    startup_stm32f411xe.o(RESET) refers (Special) to heapauxi.o(.text) for __use_two_region_memory
    startup_stm32f411xe.o(RESET) refers to startup_stm32f411xe.o(STACK) for __initial_sp
    startup_stm32f411xe.o(RESET) refers to startup_stm32f411xe.o(.text) for Reset_Handler
    startup_stm32f411xe.o(RESET) refers to stm32f4xx_it.o(.text.NMI_Handler) for NMI_Handler
    startup_stm32f411xe.o(RESET) refers to stm32f4xx_it.o(.text.HardFault_Handler) for HardFault_Handler
    startup_stm32f411xe.o(RESET) refers to stm32f4xx_it.o(.text.MemManage_Handler) for MemManage_Handler
    startup_stm32f411xe.o(RESET) refers to stm32f4xx_it.o(.text.BusFault_Handler) for BusFault_Handler
    startup_stm32f411xe.o(RESET) refers to stm32f4xx_it.o(.text.UsageFault_Handler) for UsageFault_Handler
    startup_stm32f411xe.o(RESET) refers to stm32f4xx_it.o(.text.SVC_Handler) for SVC_Handler
    startup_stm32f411xe.o(RESET) refers to stm32f4xx_it.o(.text.DebugMon_Handler) for DebugMon_Handler
    startup_stm32f411xe.o(RESET) refers to stm32f4xx_it.o(.text.PendSV_Handler) for PendSV_Handler
    startup_stm32f411xe.o(RESET) refers to stm32f4xx_it.o(.text.SysTick_Handler) for SysTick_Handler
    startup_stm32f411xe.o(RESET) refers to stm32f4xx_it.o(.text.TIM1_UP_TIM10_IRQHandler) for TIM1_UP_TIM10_IRQHandler
    startup_stm32f411xe.o(RESET) refers to stm32f4xx_it.o(.text.USART2_IRQHandler) for USART2_IRQHandler
    startup_stm32f411xe.o(.text) refers (Special) to heapauxi.o(.text) for __use_two_region_memory
    startup_stm32f411xe.o(.text) refers to system_stm32f4xx.o(.text.SystemInit) for SystemInit
    startup_stm32f411xe.o(.text) refers to __main.o(!!!main) for __main
    startup_stm32f411xe.o(.text) refers to startup_stm32f411xe.o(HEAP) for Heap_Mem
    startup_stm32f411xe.o(.text) refers to startup_stm32f411xe.o(STACK) for Stack_Mem
    main.o(.text) refers (Special) to _printf_f.o(.ARM.Collect$$_printf_percent$$00000003) for _printf_f
    main.o(.text) refers (Special) to printf1.o(x$fpl$printf1) for _printf_fp_dec
    main.o(.text) refers (Special) to _printf_percent.o(.ARM.Collect$$_printf_percent$$00000000) for _printf_percent
    main.o(.text.HAL_UART_RxCpltCallback) refers (Special) to _printf_f.o(.ARM.Collect$$_printf_percent$$00000003) for _printf_f
    main.o(.text.HAL_UART_RxCpltCallback) refers (Special) to printf1.o(x$fpl$printf1) for _printf_fp_dec
    main.o(.text.HAL_UART_RxCpltCallback) refers (Special) to _printf_percent.o(.ARM.Collect$$_printf_percent$$00000000) for _printf_percent
    main.o(.text.HAL_UART_RxCpltCallback) refers to main.o(.bss.rx_data) for rx_data
    main.o(.text.HAL_UART_RxCpltCallback) refers to main.o(.bss.rx_index) for rx_index
    main.o(.text.HAL_UART_RxCpltCallback) refers to main.o(.bss.rx_buffer) for rx_buffer
    main.o(.text.HAL_UART_RxCpltCallback) refers to strchr.o(.text) for strchr
    main.o(.text.HAL_UART_RxCpltCallback) refers to atof.o(i.__hardfp_atof) for __hardfp_atof
    main.o(.text.HAL_UART_RxCpltCallback) refers to d2f.o(x$fpl$d2f) for __aeabi_d2f
    main.o(.text.HAL_UART_RxCpltCallback) refers to f2d.o(x$fpl$f2d) for __aeabi_f2d
    main.o(.text.HAL_UART_RxCpltCallback) refers to main.o(.bss.Left_motor) for Left_motor
    main.o(.text.HAL_UART_RxCpltCallback) refers to motor.o(.text.Motor_SetTarget) for Motor_SetTarget
    main.o(.text.HAL_UART_RxCpltCallback) refers to atoi.o(.text) for atoi
    main.o(.text.HAL_UART_RxCpltCallback) refers to main.o(.bss.Right_motor) for Right_motor
    main.o(.text.HAL_UART_RxCpltCallback) refers to stm32f4xx_hal_gpio.o(.text.HAL_GPIO_TogglePin) for HAL_GPIO_TogglePin
    main.o(.text.HAL_UART_RxCpltCallback) refers to main.o(.bss.huart2) for huart2
    main.o(.text.HAL_UART_RxCpltCallback) refers to stm32f4xx_hal_uart.o(.text.HAL_UART_Receive_IT) for HAL_UART_Receive_IT
    main.o(.ARM.exidx.text.HAL_UART_RxCpltCallback) refers (Special) to _printf_f.o(.ARM.Collect$$_printf_percent$$00000003) for _printf_f
    main.o(.ARM.exidx.text.HAL_UART_RxCpltCallback) refers (Special) to printf1.o(x$fpl$printf1) for _printf_fp_dec
    main.o(.ARM.exidx.text.HAL_UART_RxCpltCallback) refers (Special) to _printf_percent.o(.ARM.Collect$$_printf_percent$$00000000) for _printf_percent
    main.o(.ARM.exidx.text.HAL_UART_RxCpltCallback) refers to main.o(.text.HAL_UART_RxCpltCallback) for [Anonymous Symbol]
    main.o(.text.main) refers (Special) to _printf_f.o(.ARM.Collect$$_printf_percent$$00000003) for _printf_f
    main.o(.text.main) refers (Special) to printf1.o(x$fpl$printf1) for _printf_fp_dec
[...]
    $v0                                      0x08005578   Number         0  dcheck1.o(x$fpl$dcheck1)
    x$fpl$dcheck1                            0x08005578   Section       16  dcheck1.o(x$fpl$dcheck1)
    $v0                                      0x08005588   Number         0  dcmpi.o(x$fpl$dcmpinf)
    x$fpl$dcmpinf                            0x08005588   Section       24  dcmpi.o(x$fpl$dcmpinf)
    $v0                                      0x080055a0   Number         0  ddiv.o(x$fpl$ddiv)
    x$fpl$ddiv                               0x080055a0   Section      688  ddiv.o(x$fpl$ddiv)
    ddiv_entry                               0x080055a7   Thumb Code     0  ddiv.o(x$fpl$ddiv)
    $v0                                      0x08005850   Number         0  deqf.o(x$fpl$deqf)
    x$fpl$deqf                               0x08005850   Section      120  deqf.o(x$fpl$deqf)
    $v0                                      0x080058c8   Number         0  dfixu.o(x$fpl$dfixu)
    x$fpl$dfixu                              0x080058c8   Section       90  dfixu.o(x$fpl$dfixu)
    $v0                                      0x08005922   Number         0  dflt_clz.o(x$fpl$dflt)
    x$fpl$dflt                               0x08005922   Section       46  dflt_clz.o(x$fpl$dflt)
    $v0                                      0x08005950   Number         0  dflt_clz.o(x$fpl$dfltu)
    x$fpl$dfltu                              0x08005950   Section       38  dflt_clz.o(x$fpl$dfltu)
    $v0                                      0x08005978   Number         0  dgeqf.o(x$fpl$dgeqf)
    x$fpl$dgeqf                              0x08005978   Section      120  dgeqf.o(x$fpl$dgeqf)
    $v0                                      0x080059f0   Number         0  dleqf.o(x$fpl$dleqf)
    x$fpl$dleqf                              0x080059f0   Section      120  dleqf.o(x$fpl$dleqf)
    $v0                                      0x08005a68   Number         0  dmul.o(x$fpl$dmul)
    x$fpl$dmul                               0x08005a68   Section      340  dmul.o(x$fpl$dmul)
    $v0                                      0x08005bbc   Number         0  dnaninf.o(x$fpl$dnaninf)
    x$fpl$dnaninf                            0x08005bbc   Section      156  dnaninf.o(x$fpl$dnaninf)
    $v0                                      0x08005c58   Number         0  dretinf.o(x$fpl$dretinf)
    x$fpl$dretinf                            0x08005c58   Section       12  dretinf.o(x$fpl$dretinf)
    $v0                                      0x08005c64   Number         0  drleqf.o(x$fpl$drleqf)
    x$fpl$drleqf                             0x08005c64   Section      108  drleqf.o(x$fpl$drleqf)
    $v0                                      0x08005cd0   Number         0  daddsub_clz.o(x$fpl$dsub)
    x$fpl$dsub                               0x08005cd0   Section      468  daddsub_clz.o(x$fpl$dsub)
    _dsub1                                   0x08005ce1   Thumb Code     0  daddsub_clz.o(x$fpl$dsub)
    $v0                                      0x08005ea4   Number         0  f2d.o(x$fpl$f2d)
    x$fpl$f2d                                0x08005ea4   Section       86  f2d.o(x$fpl$f2d)
    $v0                                      0x08005efa   Number         0  dcmp.o(x$fpl$fcmp)
    x$fpl$fcmp                               0x08005efa   Section       84  dcmp.o(x$fpl$fcmp)
    $v0                                      0x08005f4e   Number         0  fnaninf.o(x$fpl$fnaninf)
    x$fpl$fnaninf                            0x08005f4e   Section      140  fnaninf.o(x$fpl$fnaninf)
    $v0                                      0x08005fda   Number         0  fpinit.o(x$fpl$fpinit)
    x$fpl$fpinit                             0x08005fda   Section       26  fpinit.o(x$fpl$fpinit)
    $v0                                      0x08005ff4   Number         0  fretinf.o(x$fpl$fretinf)
    x$fpl$fretinf                            0x08005ff4   Section       10  fretinf.o(x$fpl$fretinf)
    $v0                                      0x08005ffe   Number         0  istatus.o(x$fpl$ieeestatus)
    x$fpl$ieeestatus                         0x08005ffe   Section        6  istatus.o(x$fpl$ieeestatus)
    $v0                                      0x08006004   Number         0  printf1.o(x$fpl$printf1)
    x$fpl$printf1                            0x08006004   Section        4  printf1.o(x$fpl$printf1)
    $v0                                      0x08006008   Number         0  retnan.o(x$fpl$retnan)
    x$fpl$retnan                             0x08006008   Section      100  retnan.o(x$fpl$retnan)
    $v0                                      0x0800606c   Number         0  scalbn.o(x$fpl$scalbn)
    x$fpl$scalbn                             0x0800606c   Section       92  scalbn.o(x$fpl$scalbn)
    $v0                                      0x080060c8   Number         0  scanf1.o(x$fpl$scanf1)
    x$fpl$scanf1                             0x080060c8   Section        4  scanf1.o(x$fpl$scanf1)
    $v0                                      0x080060cc   Number         0  scanf2.o(x$fpl$scanf2)
    x$fpl$scanf2                             0x080060cc   Section        8  scanf2.o(x$fpl$scanf2)
    $v0                                      0x080060d4   Number         0  trapv.o(x$fpl$trapveneer)
    x$fpl$trapveneer                         0x080060d4   Section       48  trapv.o(x$fpl$trapveneer)
    tenpwrs_x                                0x08006104   Data          60  bigflt0.o(.constdata)
    .constdata                               0x08006104   Section      148  bigflt0.o(.constdata)
    x$fpl$usenofp                            0x08006104   Section        0  usenofp.o(x$fpl$usenofp)
    tenpwrs_i                                0x08006140   Data          64  bigflt0.o(.constdata)
    c$$dinf                                  0x080061d0   Section        8  fpconst.o(c$$dinf)
    c$$dmax                                  0x080061d8   Section        8  fpconst.o(c$$dmax)
    locale$$data                             0x080061e0   Section       28  lc_numeric_c.o(locale$$data)
    __lcnum_c_name                           0x080061e4   Data           2  lc_numeric_c.o(locale$$data)
    __lcnum_c_start                          0x080061ec   Data           0  lc_numeric_c.o(locale$$data)
    __lcnum_c_point                          0x080061f8   Data           0  lc_numeric_c.o(locale$$data)
    __lcnum_c_thousands                      0x080061fa   Data           0  lc_numeric_c.o(locale$$data)
    __lcnum_c_grouping                       0x080061fb   Data           0  lc_numeric_c.o(locale$$data)
    __lcnum_c_end                            0x080061fc   Data           0  lc_numeric_c.o(locale$$data)
    locale$$data                             0x080061fc   Section      272  lc_ctype_c.o(locale$$data)
    __lcctype_c_name                         0x08006200   Data           2  lc_ctype_c.o(locale$$data)
    __lcctype_c_start                        0x08006208   Data           0  lc_ctype_c.o(locale$$data)
    __lcctype_c_end                          0x0800630c   Data           0  lc_ctype_c.o(locale$$data)
    .bss                                     0x20000018   Section       96  libspace.o(.bss)
    Heap_Mem                                 0x200003d8   Data         512  startup_stm32f411xe.o(HEAP)
    HEAP                                     0x200003d8   Section      512  startup_stm32f411xe.o(HEAP)
    Stack_Mem                                0x200005d8   Data        1024  startup_stm32f411xe.o(STACK)
    STACK                                    0x200005d8   Section     1024  startup_stm32f411xe.o(STACK)
    __initial_sp                             0x200009d8   Data           0  startup_stm32f411xe.o(STACK)

    Global Symbols

    Symbol Name                              Value     Ov Type        Size  Object(Section)

    BuildAttributes$$THM_ISAv4$E$P$D$K$B$S$7EM$VFPi3$EXTD16$VFPS$VFMA$PE$A:L22UL41UL21$X:L11$S22US41US21$IEEE1$IW$~IW$USESV6$~STKCKD$USESV7$~SHL$OTIME$ROPI$IEEEX$EBA8$UX$STANDARDLIB$REQ8$PRES8$EABIv2 0x00000000   Number         0  anon$$obj.o ABSOLUTE
    _printf_flags                            0x00000000   Number         0  printf_stubs.o ABSOLUTE
    _printf_return_value                     0x00000000   Number         0  printf_stubs.o ABSOLUTE
    _printf_sizespec                         0x00000000   Number         0  printf_stubs.o ABSOLUTE
    _printf_widthprec                        0x00000000   Number         0  printf_stubs.o ABSOLUTE
    __ARM_exceptions_init                     - Undefined Weak Reference
    __alloca_initialize                       - Undefined Weak Reference
    __arm_preinit_                            - Undefined Weak Reference
    __cpp_initialize__aeabi_                  - Undefined Weak Reference
    __cxa_finalize                            - Undefined Weak Reference
    __sigvec_lookup                           - Undefined Weak Reference
    _atexit_init                              - Undefined Weak Reference
    _call_atexit_fns                          - Undefined Weak Reference
    _clock_init                               - Undefined Weak Reference
    _fp_trap_init                             - Undefined Weak Reference
    _fp_trap_shutdown                         - Undefined Weak Reference
    _get_lc_collate                           - Undefined Weak Reference
    _get_lc_monetary                          - Undefined Weak Reference
    _get_lc_time                              - Undefined Weak Reference
    _getenv_init                              - Undefined Weak Reference
    _handle_redirection                       - Undefined Weak Reference
    _init_alloc                               - Undefined Weak Reference
    _init_user_alloc                          - Undefined Weak Reference
    _initio                                   - Undefined Weak Reference
    _printf_post_padding                      - Undefined Weak Reference
    _printf_pre_padding                       - Undefined Weak Reference
    _rand_init                                - Undefined Weak Reference
    _signal_finish                            - Undefined Weak Reference
    _signal_init                              - Undefined Weak Reference
    _terminate_alloc                          - Undefined Weak Reference
    _terminate_user_alloc                     - Undefined Weak Reference
    _terminateio                              - Undefined Weak Reference
    __Vectors_Size                           0x00000198   Number         0  startup_stm32f411xe.o ABSOLUTE
    __Vectors                                0x08000000   Data           4  startup_stm32f411xe.o(RESET)
    __Vectors_End                            0x08000198   Data           0  startup_stm32f411xe.o(RESET)
    __main                                   0x08000199   Thumb Code     8  __main.o(!!!main)
    __scatterload                            0x080001a1   Thumb Code     0  __scatter.o(!!!scatter)
    __scatterload_rt2                        0x080001a1   Thumb Code    44  __scatter.o(!!!scatter)
    __scatterload_rt2_thumb_only             0x080001a1   Thumb Code     0  __scatter.o(!!!scatter)
    __scatterload_null                       0x080001af   Thumb Code     0  __scatter.o(!!!scatter)
    __scatterload_copy                       0x080001d5   Thumb Code    26  __scatter_copy.o(!!handler_copy)
    __scatterload_zeroinit                   0x080001f1   Thumb Code    28  __scatter_zi.o(!!handler_zi)
    _printf_f                                0x0800020d   Thumb Code     0  _printf_f.o(.ARM.Collect$$_printf_percent$$00000003)
    _printf_percent                          0x0800020d   Thumb Code     0  _printf_percent.o(.ARM.Collect$$_printf_percent$$00000000)
    _printf_percent_end                      0x08000213   Thumb Code     0  _printf_percent_end.o(.ARM.Collect$$_printf_percent$$00000017)
    __rt_lib_init                            0x08000217   Thumb Code     0  libinit.o(.ARM.Collect$$libinit$$00000000)
    __rt_lib_init_fp_1                       0x08000219   Thumb Code     0  libinit2.o(.ARM.Collect$$libinit$$00000001)
    __rt_lib_init_heap_1                     0x0800021d   Thumb Code     0  libinit2.o(.ARM.Collect$$libinit$$0000000A)
    __rt_lib_init_lc_common                  0x0800021d   Thumb Code     0  libinit2.o(.ARM.Collect$$libinit$$0000000F)
    __rt_lib_init_preinit_1                  0x0800021d   Thumb Code     0  libinit2.o(.ARM.Collect$$libinit$$00000004)
    __rt_lib_init_rand_1                     0x0800021d   Thumb Code     0  libinit2.o(.ARM.Collect$$libinit$$0000000E)
    __rt_lib_init_user_alloc_1               0x0800021d   Thumb Code     0  libinit2.o(.ARM.Collect$$libinit$$0000000C)
    __rt_lib_init_lc_collate_1               0x08000223   Thumb Code     0  libinit2.o(.ARM.Collect$$libinit$$00000011)
    __rt_lib_init_lc_ctype_2                 0x08000223   Thumb Code     0  libinit2.o(.ARM.Collect$$libinit$$00000012)
    __rt_lib_init_lc_ctype_1                 0x0800022f   Thumb Code     0  libinit2.o(.ARM.Collect$$libinit$$00000013)
    __rt_lib_init_lc_monetary_1              0x0800022f   Thumb Code     0  libinit2.o(.ARM.Collect$$libinit$$00000015)
    __rt_lib_init_lc_numeric_2               0x0800022f   Thumb Code     0  libinit2.o(.ARM.Collect$$libinit$$00000016)
    __rt_lib_init_alloca_1                   0x08000239   Thumb Code     0  libinit2.o(.ARM.Collect$$libinit$$0000002E)
    __rt_lib_init_argv_1                     0x08000239   Thumb Code     0  libinit2.o(.ARM.Collect$$libinit$$0000002C)
    __rt_lib_init_atexit_1                   0x08000239   Thumb Code     0  libinit2.o(.ARM.Collect$$libinit$$0000001B)
    __rt_lib_init_clock_1                    0x08000239   Thumb Code     0  libinit2.o(.ARM.Collect$$libinit$$00000021)
    __rt_lib_init_cpp_1                      0x08000239   Thumb Code     0  libinit2.o(.ARM.Collect$$libinit$$00000032)
    __rt_lib_init_exceptions_1               0x08000239   Thumb Code     0  libinit2.o(.ARM.Collect$$libinit$$00000030)
    __rt_lib_init_fp_trap_1                  0x08000239   Thumb Code     0  libinit2.o(.ARM.Collect$$libinit$$0000001F)
    __rt_lib_init_getenv_1                   0x08000239   Thumb Code     0  libinit2.o(.ARM.Collect$$libinit$$00000023)
    __rt_lib_init_lc_numeric_1               0x08000239   Thumb Code     0  libinit2.o(.ARM.Collect$$libinit$$00000017)
    __rt_lib_init_lc_time_1                  0x08000239   Thumb Code     0  libinit2.o(.ARM.Collect$$libinit$$00000019)
    __rt_lib_init_return                     0x08000239   Thumb Code     0  libinit2.o(.ARM.Collect$$libinit$$00000033)
    __rt_lib_init_signal_1                   0x08000239   Thumb Code     0  libinit2.o(.ARM.Collect$$libinit$$0000001D)
    __rt_lib_init_stdio_1                    0x08000239   Thumb Code     0  libinit2.o(.ARM.Collect$$libinit$$00000025)
    __rt_lib_shutdown                        0x0800023b   Thumb Code     0  libshutdown.o(.ARM.Collect$$libshutdown$$00000000)
    __rt_lib_shutdown_cpp_1                  0x0800023d   Thumb Code     0  libshutdown2.o(.ARM.Collect$$libshutdown$$00000002)
    __rt_lib_shutdown_fp_trap_1              0x0800023d   Thumb Code     0  libshutdown2.o(.ARM.Collect$$libshutdown$$00000007)
    __rt_lib_shutdown_heap_1                 0x0800023d   Thumb Code     0  libshutdown2.o(.ARM.Collect$$libshutdown$$0000000F)
    __rt_lib_shutdown_return                 0x0800023d   Thumb Code     0  libshutdown2.o(.ARM.Collect$$libshutdown$$00000010)
    __rt_lib_shutdown_signal_1               0x0800023d   Thumb Code     0  libshutdown2.o(.ARM.Collect$$libshutdown$$0000000A)
    __rt_lib_shutdown_stdio_1                0x0800023d   Thumb Code     0  libshutdown2.o(.ARM.Collect$$libshutdown$$00000004)
    __rt_lib_shutdown_user_alloc_1           0x0800023d   Thumb Code     0  libshutdown2.o(.ARM.Collect$$libshutdown$$0000000C)
    __rt_entry                               0x0800023f   Thumb Code     0  __rtentry.o(.ARM.Collect$$rtentry$$00000000)
    __rt_entry_presh_1                       0x0800023f   Thumb Code     0  __rtentry2.o(.ARM.Collect$$rtentry$$00000002)
    __rt_entry_sh                            0x0800023f   Thumb Code     0  __rtentry4.o(.ARM.Collect$$rtentry$$00000004)
    __rt_entry_li                            0x08000245   Thumb Code     0  __rtentry2.o(.ARM.Collect$$rtentry$$0000000A)
    __rt_entry_postsh_1                      0x08000245   Thumb Code     0  __rtentry2.o(.ARM.Collect$$rtentry$$00000009)
    __rt_entry_main                          0x08000249   Thumb Code     0  __rtentry2.o(.ARM.Collect$$rtentry$$0000000D)
    __rt_entry_postli_1                      0x08000249   Thumb Code     0  __rtentry2.o(.ARM.Collect$$rtentry$$0000000C)
    __rt_exit                                0x08000251   Thumb Code     0  rtexit.o(.ARM.Collect$$rtexit$$00000000)
    __rt_exit_ls                             0x08000253   Thumb Code     0  rtexit2.o(.ARM.Collect$$rtexit$$00000003)
    __rt_exit_prels_1                        0x08000253   Thumb Code     0  rtexit2.o(.ARM.Collect$$rtexit$$00000002)
    __rt_exit_exit                           0x08000257   Thumb Code     0  rtexit2.o(.ARM.Collect$$rtexit$$00000004)
    Reset_Handler                            0x0800025d   Thumb Code     8  startup_stm32f411xe.o(.text)
    ADC_IRQHandler                           0x08000277   Thumb Code     0  startup_stm32f411xe.o(.text)
    DMA1_Stream0_IRQHandler                  0x08000277   Thumb Code     0  startup_stm32f411xe.o(.text)
    DMA1_Stream1_IRQHandler                  0x08000277   Thumb Code     0  startup_stm32f411xe.o(.text)
    DMA1_Stream2_IRQHandler                  0x08000277   Thumb Code     0  startup_stm32f411xe.o(.text)
    DMA1_Stream3_IRQHandler                  0x08000277   Thumb Code     0  startup_stm32f411xe.o(.text)
    DMA1_Stream4_IRQHandler                  0x08000277   Thumb Code     0  startup_stm32f411xe.o(.text)
    DMA1_Stream5_IRQHandler                  0x08000277   Thumb Code     0  startup_stm32f411xe.o(.text)
    DMA1_Stream6_IRQHandler                  0x08000277   Thumb Code     0  startup_stm32f411xe.o(.text)
    DMA1_Stream7_IRQHandler                  0x08000277   Thumb Code     0  startup_stm32f411xe.o(.text)
    DMA2_Stream0_IRQHandler                  0x08000277   Thumb Code     0  startup_stm32f411xe.o(.text)
    DMA2_Stream1_IRQHandler                  0x08000277   Thumb Code     0  startup_stm32f411xe.o(.text)
    DMA2_Stream2_IRQHandler                  0x08000277   Thumb Code     0  startup_stm32f411xe.o(.text)
    DMA2_Stream3_IRQHandler                  0x08000277   Thumb Code     0  startup_stm32f411xe.o(.text)
    DMA2_Stream4_IRQHandler                  0x08000277   Thumb Code     0  startup_stm32f411xe.o(.text)
    DMA2_Stream5_IRQHandler                  0x08000277   Thumb Code     0  startup_stm32f411xe.o(.text)
    DMA2_Stream6_IRQHandler                  0x08000277   Thumb Code     0  startup_stm32f411xe.o(.text)
    DMA2_Stream7_IRQHandler                  0x08000277   Thumb Code     0  startup_stm32f411xe.o(.text)
    EXTI0_IRQHandler                         0x08000277   Thumb Code     0  startup_stm32f411xe.o(.text)
    EXTI15_10_IRQHandler                     0x08000277   Thumb Code     0  startup_stm32f411xe.o(.text)
    EXTI1_IRQHandler                         0x08000277   Thumb Code     0  startup_stm32f411xe.o(.text)
    EXTI2_IRQHandler                         0x08000277   Thumb Code     0  startup_stm32f411xe.o(.text)
    EXTI3_IRQHandler                         0x08000277   Thumb Code     0  startup_stm32f411xe.o(.text)
    EXTI4_IRQHandler                         0x08000277   Thumb Code     0  startup_stm32f411xe.o(.text)
    EXTI9_5_IRQHandler                       0x08000277   Thumb Code     0  startup_stm32f411xe.o(.text)
    FLASH_IRQHandler                         0x08000277   Thumb Code     0  startup_stm32f411xe.o(.text)
    FPU_IRQHandler                           0x08000277   Thumb Code     0  startup_stm32f411xe.o(.text)
    I2C1_ER_IRQHandler                       0x08000277   Thumb Code     0  startup_stm32f411xe.o(.text)
    I2C1_EV_IRQHandler                       0x08000277   Thumb Code     0  startup_stm32f411xe.o(.text)
    I2C2_ER_IRQHandler                       0x08000277   Thumb Code     0  startup_stm32f411xe.o(.text)
    I2C2_EV_IRQHandler                       0x08000277   Thumb Code     0  startup_stm32f411xe.o(.text)
    I2C3_ER_IRQHandler                       0x08000277   Thumb Code     0  startup_stm32f411xe.o(.text)
    I2C3_EV_IRQHandler                       0x08000277   Thumb Code     0  startup_stm32f411xe.o(.text)
    OTG_FS_IRQHandler                        0x08000277   Thumb Code     0  startup_stm32f411xe.o(.text)
    OTG_FS_WKUP_IRQHandler                   0x08000277   Thumb Code     0  startup_stm32f411xe.o(.text)
    PVD_IRQHandler                           0x08000277   Thumb Code     0  startup_stm32f411xe.o(.text)
    RCC_IRQHandler                           0x08000277   Thumb Code     0  startup_stm32f411xe.o(.text)
    RTC_Alarm_IRQHandler                     0x08000277   Thumb Code     0  startup_stm32f411xe.o(.text)
    RTC_WKUP_IRQHandler                      0x08000277   Thumb Code     0  startup_stm32f411xe.o(.text)
    SDIO_IRQHandler                          0x08000277   Thumb Code     0  startup_stm32f411xe.o(.text)
    SPI1_IRQHandler                          0x08000277   Thumb Code     0  startup_stm32f411xe.o(.text)
    SPI2_IRQHandler                          0x08000277   Thumb Code     0  startup_stm32f411xe.o(.text)
    SPI3_IRQHandler                          0x08000277   Thumb Code     0  startup_stm32f411xe.o(.text)
    SPI4_IRQHandler                          0x08000277   Thumb Code     0  startup_stm32f411xe.o(.text)
    SPI5_IRQHandler                          0x08000277   Thumb Code     0  startup_stm32f411xe.o(.text)
    TAMP_STAMP_IRQHandler                    0x08000277   Thumb Code     0  startup_stm32f411xe.o(.text)
    TIM1_BRK_TIM9_IRQHandler                 0x08000277   Thumb Code     0  startup_stm32f411xe.o(.text)
    TIM1_CC_IRQHandler                       0x08000277   Thumb Code     0  startup_stm32f411xe.o(.text)
    TIM1_TRG_COM_TIM11_IRQHandler            0x08000277   Thumb Code     0  startup_stm32f411xe.o(.text)
    TIM2_IRQHandler                          0x08000277   Thumb Code     0  startup_stm32f411xe.o(.text)
    TIM3_IRQHandler                          0x08000277   Thumb Code     0  startup_stm32f411xe.o(.text)
    TIM4_IRQHandler                          0x08000277   Thumb Code     0  startup_stm32f411xe.o(.text)
    TIM5_IRQHandler                          0x08000277   Thumb Code     0  startup_stm32f411xe.o(.text)
    USART1_IRQHandler                        0x08000277   Thumb Code     0  startup_stm32f411xe.o(.text)
    USART6_IRQHandler                        0x08000277   Thumb Code     0  startup_stm32f411xe.o(.text)
    WWDG_IRQHandler                          0x08000277   Thumb Code     0  startup_stm32f411xe.o(.text)
    __user_initial_stackheap                 0x08000279   Thumb Code     0  startup_stm32f411xe.o(.text)
    __aeabi_uldivmod                         0x0800029d   Thumb Code     0  lludivv7m.o(.text)
    _ll_udiv                                 0x0800029d   Thumb Code   240  lludivv7m.o(.text)
    __2sprintf                               0x0800038d   Thumb Code    38  __2sprintf.o(.text)
    __printf                                 0x080003b9   Thumb Code   270  __printf_wp.o(.text)
    atoi                                     0x080004c7   Thumb Code    26  atoi.o(.text)
    strchr                                   0x080004e1   Thumb Code    20  strchr.o(.text)
    __aeabi_memclr4                          0x080004f5   Thumb Code     0  rt_memclr_w.o(.text)
    __aeabi_memclr8                          0x080004f5   Thumb Code     0  rt_memclr_w.o(.text)
    __rt_memclr_w                            0x080004f5   Thumb Code    78  rt_memclr_w.o(.text)
    _memset_w                                0x080004f9   Thumb Code     0  rt_memclr_w.o(.text)
    __use_two_region_memory                  0x08000543   Thumb Code     2  heapauxi.o(.text)
    __rt_heap_escrow$2region                 0x08000545   Thumb Code     2  heapauxi.o(.text)
    __rt_heap_expand$2region                 0x08000547   Thumb Code     2  heapauxi.o(.text)
    __aeabi_errno_addr                       0x08000549   Thumb Code     8  rt_errno_addr_intlibspace.o(.text)
    __errno$intlibspace                      0x08000549   Thumb Code     0  rt_errno_addr_intlibspace.o(.text)
    __rt_errno_addr$intlibspace              0x08000549   Thumb Code     0  rt_errno_addr_intlibspace.o(.text)
    __read_errno                             0x08000551   Thumb Code    10  _rserrno.o(.text)
    __set_errno                              0x0800055b   Thumb Code    12  _rserrno.o(.text)
    _printf_fp_dec_real                      0x08000717   Thumb Code   620  _printf_fp_dec.o(.text)
    _printf_char_common                      0x0800098f   Thumb Code    32  _printf_char_common.o(.text)
    _sputc                                   0x080009b5   Thumb Code    10  _sputc.o(.text)
    __strtod_int                             0x08000a05   Thumb Code    94  strtod.o(.text)
    strtol                                   0x08000a71   Thumb Code   112  strtol.o(.text)
    __user_libspace                          0x08000ae1   Thumb Code     8  libspace.o(.text)
    __user_perproc_libspace                  0x08000ae1   Thumb Code     0  libspace.o(.text)
    __user_perthread_libspace                0x08000ae1   Thumb Code     0  libspace.o(.text)
    __rt_ctype_table                         0x08000ae9   Thumb Code    16  rt_ctype_table.o(.text)
    __rt_locale                              0x08000af9   Thumb Code     8  rt_locale_intlibspace.o(.text)
    _ll_udiv10                               0x08000b01   Thumb Code   138  lludiv10.o(.text)
    isspace                                  0x08000b8b   Thumb Code    18  isspace.o(.text)
    _printf_fp_infnan                        0x08000b9d   Thumb Code   112  _printf_fp_infnan.o(.text)
    _sgetc                                   0x08000c1d   Thumb Code    30  _sgetc.o(.text)
    _sbackspace                              0x08000c3b   Thumb Code    34  _sgetc.o(.text)
    _strtoul                                 0x08000c5d   Thumb Code   158  _strtoul.o(.text)
    _btod_etento                             0x08000cfd   Thumb Code   224  bigflt0.o(.text)
    __user_setup_stackheap                   0x08000de1   Thumb Code    74  sys_stackheap_outer.o(.text)
    _chval                                   0x08000e2b   Thumb Code    28  _chval.o(.text)
    _scanf_really_real                       0x08001095   Thumb Code   684  scanf_fp.o(.text)
    exit                                     0x08001341   Thumb Code    18  exit.o(.text)
    strcmp                                   0x08001359   Thumb Code   124  strcmpv7em.o(.text)
    __aeabi_llsl                             0x080013d5   Thumb Code     0  llshl.o(.text)
    _ll_shift_l                              0x080013d5   Thumb Code    38  llshl.o(.text)
    _sys_exit                                0x080013fd   Thumb Code     8  sys_exit.o(.text)
    _scanf_really_hex_real                   0x08001409   Thumb Code   786  scanf_hexfp.o(.text)
    _scanf_really_infnan                     0x08001729   Thumb Code   292  scanf_infnan.o(.text)
    __I$use$semihosting                      0x0800185d   Thumb Code     0  use_no_semi.o(.text)
    __use_no_semihosting_swi                 0x0800185d   Thumb Code     2  use_no_semi.o(.text)
    __semihosting_library_function           0x0800185f   Thumb Code     0  indicate_semi.o(.text)
    BusFault_Handler                         0x08001861   Thumb Code     2  stm32f4xx_it.o(.text.BusFault_Handler)
    DebugMon_Handler                         0x08001865   Thumb Code     2  stm32f4xx_it.o(.text.DebugMon_Handler)
    Error_Handler                            0x08001869   Thumb Code     6  main.o(.text.Error_Handler)
    HAL_DMA_Abort                            0x08001871   Thumb Code   128  stm32f4xx_hal_dma.o(.text.HAL_DMA_Abort)
    HAL_DMA_Abort_IT                         0x080018f1   Thumb Code    36  stm32f4xx_hal_dma.o(.text.HAL_DMA_Abort_IT)
    HAL_Delay                                0x08001915   Thumb Code    40  stm32f4xx_hal.o(.text.HAL_Delay)
    HAL_GPIO_Init                            0x0800193d   Thumb Code   410  stm32f4xx_hal_gpio.o(.text.HAL_GPIO_Init)
    HAL_GPIO_TogglePin                       0x08001ad9   Thumb Code    16  stm32f4xx_hal_gpio.o(.text.HAL_GPIO_TogglePin)
    HAL_GPIO_WritePin                        0x08001ae9   Thumb Code    10  stm32f4xx_hal_gpio.o(.text.HAL_GPIO_WritePin)
    HAL_GetTick                              0x08001af5   Thumb Code    12  stm32f4xx_hal.o(.text.HAL_GetTick)
    HAL_I2C_Init                             0x08001b01   Thumb Code   398  stm32f4xx_hal_i2c.o(.text.HAL_I2C_Init)
    HAL_I2C_MspInit                          0x08001c91   Thumb Code   116  stm32f4xx_hal_msp.o(.text.HAL_I2C_MspInit)
    HAL_IncTick                              0x08001d05   Thumb Code    26  stm32f4xx_hal.o(.text.HAL_IncTick)
    HAL_Init                                 0x08001d21   Thumb Code    54  stm32f4xx_hal.o(.text.HAL_Init)
    HAL_InitTick                             0x08001d59   Thumb Code    80  stm32f4xx_hal.o(.text.HAL_InitTick)
    HAL_MspInit                              0x08001da9   Thumb Code    56  stm32f4xx_hal_msp.o(.text.HAL_MspInit)
    HAL_NVIC_EnableIRQ                       0x08001de1   Thumb Code     8  stm32f4xx_hal_cortex.o(.text.HAL_NVIC_EnableIRQ)
    HAL_NVIC_SetPriority                     0x08001de9   Thumb Code    30  stm32f4xx_hal_cortex.o(.text.HAL_NVIC_SetPriority)
    HAL_NVIC_SetPriorityGrouping             0x08001e09   Thumb Code     8  stm32f4xx_hal_cortex.o(.text.HAL_NVIC_SetPriorityGrouping)
    HAL_RCC_ClockConfig                      0x08001e11   Thumb Code   352  stm32f4xx_hal_rcc.o(.text.HAL_RCC_ClockConfig)
    HAL_RCC_GetHCLKFreq                      0x08001f71   Thumb Code    12  stm32f4xx_hal_rcc.o(.text.HAL_RCC_GetHCLKFreq)
    HAL_RCC_GetPCLK1Freq                     0x08001f7d   Thumb Code    34  stm32f4xx_hal_rcc.o(.text.HAL_RCC_GetPCLK1Freq)
    HAL_RCC_GetPCLK2Freq                     0x08001fa1   Thumb Code    34  stm32f4xx_hal_rcc.o(.text.HAL_RCC_GetPCLK2Freq)
    HAL_RCC_GetSysClockFreq                  0x08001fc5   Thumb Code   104  stm32f4xx_hal_rcc.o(.text.HAL_RCC_GetSysClockFreq)
    HAL_RCC_OscConfig                        0x0800202d   Thumb Code   836  stm32f4xx_hal_rcc.o(.text.HAL_RCC_OscConfig)
    HAL_SYSTICK_Config                       0x08002371   Thumb Code     8  stm32f4xx_hal_cortex.o(.text.HAL_SYSTICK_Config)
    HAL_TIMEx_BreakCallback                  0x08002379   Thumb Code     2  stm32f4xx_hal_tim_ex.o(.text.HAL_TIMEx_BreakCallback)
    HAL_TIMEx_CommutCallback                 0x0800237d   Thumb Code     2  stm32f4xx_hal_tim_ex.o(.text.HAL_TIMEx_CommutCallback)
    HAL_TIMEx_MasterConfigSynchronization    0x08002381   Thumb Code   148  stm32f4xx_hal_tim_ex.o(.text.HAL_TIMEx_MasterConfigSynchronization)
    HAL_TIM_Base_Init                        0x08002415   Thumb Code    90  stm32f4xx_hal_tim.o(.text.HAL_TIM_Base_Init)
    HAL_TIM_Base_MspInit                     0x08002471   Thumb Code   112  stm32f4xx_hal_msp.o(.text.HAL_TIM_Base_MspInit)
    HAL_TIM_Base_Start_IT                    0x080024e1   Thumb Code   132  stm32f4xx_hal_tim.o(.text.HAL_TIM_Base_Start_IT)
    HAL_TIM_ConfigClockSource                0x08002565   Thumb Code   222  stm32f4xx_hal_tim.o(.text.HAL_TIM_ConfigClockSource)
    HAL_TIM_Encoder_Init                     0x08002645   Thumb Code   178  stm32f4xx_hal_tim.o(.text.HAL_TIM_Encoder_Init)
    HAL_TIM_Encoder_MspInit                  0x080026f9   Thumb Code   186  stm32f4xx_hal_msp.o(.text.HAL_TIM_Encoder_MspInit)
    HAL_TIM_Encoder_Start                    0x080027b5   Thumb Code   164  stm32f4xx_hal_tim.o(.text.HAL_TIM_Encoder_Start)
    HAL_TIM_Encoder_Start_IT                 0x08002859   Thumb Code   210  stm32f4xx_hal_tim.o(.text.HAL_TIM_Encoder_Start_IT)
    HAL_TIM_IC_CaptureCallback               0x0800292d   Thumb Code     2  stm32f4xx_hal_tim.o(.text.HAL_TIM_IC_CaptureCallback)
    HAL_TIM_IRQHandler                       0x08002931   Thumb Code   308  stm32f4xx_hal_tim.o(.text.HAL_TIM_IRQHandler)
    HAL_TIM_MspPostInit                      0x08002a65   Thumb Code    90  stm32f4xx_hal_msp.o(.text.HAL_TIM_MspPostInit)
    HAL_TIM_OC_DelayElapsedCallback          0x08002ac1   Thumb Code     2  stm32f4xx_hal_tim.o(.text.HAL_TIM_OC_DelayElapsedCallback)
    HAL_TIM_PWM_ConfigChannel                0x08002ac5   Thumb Code   152  stm32f4xx_hal_tim.o(.text.HAL_TIM_PWM_ConfigChannel)
    HAL_TIM_PWM_Init                         0x08002b5d   Thumb Code    90  stm32f4xx_hal_tim.o(.text.HAL_TIM_PWM_Init)
    HAL_TIM_PWM_MspInit                      0x08002bb9   Thumb Code     2  stm32f4xx_hal_tim.o(.text.HAL_TIM_PWM_MspInit)
    HAL_TIM_PWM_PulseFinishedCallback        0x08002bbd   Thumb Code     2  stm32f4xx_hal_tim.o(.text.HAL_TIM_PWM_PulseFinishedCallback)
    HAL_TIM_PWM_Start                        0x08002bc1   Thumb Code   212  stm32f4xx_hal_tim.o(.text.HAL_TIM_PWM_Start)
    HAL_TIM_PeriodElapsedCallback            0x08002c95   Thumb Code    82  main.o(.text.HAL_TIM_PeriodElapsedCallback)
    HAL_TIM_TriggerCallback                  0x08002ce9   Thumb Code     2  stm32f4xx_hal_tim.o(.text.HAL_TIM_TriggerCallback)
    HAL_UARTEx_RxEventCallback               0x08002ced   Thumb Code     2  stm32f4xx_hal_uart.o(.text.HAL_UARTEx_RxEventCallback)
    HAL_UART_ErrorCallback                   0x08002cf1   Thumb Code     2  stm32f4xx_hal_uart.o(.text.HAL_UART_ErrorCallback)
    HAL_UART_IRQHandler                      0x08002cf5   Thumb Code   618  stm32f4xx_hal_uart.o(.text.HAL_UART_IRQHandler)
    HAL_UART_Init                            0x08002f61   Thumb Code    96  stm32f4xx_hal_uart.o(.text.HAL_UART_Init)
    HAL_UART_MspInit                         0x08002fc1   Thumb Code   130  stm32f4xx_hal_msp.o(.text.HAL_UART_MspInit)
    HAL_UART_Receive_IT                      0x08003045   Thumb Code    42  stm32f4xx_hal_uart.o(.text.HAL_UART_Receive_IT)
    HAL_UART_RxCpltCallback                  0x08003071   Thumb Code   298  main.o(.text.HAL_UART_RxCpltCallback)
    HAL_UART_Transmit                        0x0800319d   Thumb Code   180  stm32f4xx_hal_uart.o(.text.HAL_UART_Transmit)
    HAL_UART_TxCpltCallback                  0x08003251   Thumb Code     2  stm32f4xx_hal_uart.o(.text.HAL_UART_TxCpltCallback)
    HardFault_Handler                        0x08003255   Thumb Code     2  stm32f4xx_it.o(.text.HardFault_Handler)
    MemManage_Handler                        0x08003565   Thumb Code     2  stm32f4xx_it.o(.text.MemManage_Handler)
    Motor_GetSpeed                           0x08003569   Thumb Code   128  motor.o(.text.Motor_GetSpeed)
    Motor_Init                               0x080035e9   Thumb Code    74  motor.o(.text.Motor_Init)
    Motor_SetPwm                             0x08003639   Thumb Code   368  motor.o(.text.Motor_SetPwm)
    Motor_SetTarget                          0x080037a9   Thumb Code     6  motor.o(.text.Motor_SetTarget)
    NMI_Handler                              0x080037b1   Thumb Code     2  stm32f4xx_it.o(.text.NMI_Handler)
    PID                                      0x080037e1   Thumb Code   136  pid.o(.text.PID)
    PID_Compute                              0x08003869   Thumb Code   432  pid.o(.text.PID_Compute)
    PID_Init                                 0x08003a19   Thumb Code    90  pid.o(.text.PID_Init)
    PID_SetControllerDirection               0x08003a79   Thumb Code   120  pid.o(.text.PID_SetControllerDirection)
    PID_SetMode                              0x08003af1   Thumb Code    34  pid.o(.text.PID_SetMode)
    PID_SetOutputLimits                      0x08003b15   Thumb Code   190  pid.o(.text.PID_SetOutputLimits)
    PID_SetSampleTime                        0x08003bd5   Thumb Code   104  pid.o(.text.PID_SetSampleTime)
    PID_SetTunings2                          0x08003c41   Thumb Code   312  pid.o(.text.PID_SetTunings2)
    PendSV_Handler                           0x08003d79   Thumb Code     2  stm32f4xx_it.o(.text.PendSV_Handler)
    SVC_Handler                              0x08003d7d   Thumb Code     2  stm32f4xx_it.o(.text.SVC_Handler)
    SysTick_Handler                          0x08003db1   Thumb Code     8  stm32f4xx_it.o(.text.SysTick_Handler)
    SystemClock_Config                       0x08003db9   Thumb Code   156  main.o(.text.SystemClock_Config)
    SystemInit                               0x08003e55   Thumb Code    18  system_stm32f4xx.o(.text.SystemInit)
    TIM1_UP_TIM10_IRQHandler                 0x08003e69   Thumb Code    16  stm32f4xx_it.o(.text.TIM1_UP_TIM10_IRQHandler)
    TIM_Base_SetConfig                       0x08003e79   Thumb Code   226  stm32f4xx_hal_tim.o(.text.TIM_Base_SetConfig)
    TIM_CCxChannelCmd                        0x08003f5d   Thumb Code    36  stm32f4xx_hal_tim.o(.text.TIM_CCxChannelCmd)
    TIM_ETR_SetConfig                        0x08003f81   Thumb Code    22  stm32f4xx_hal_tim.o(.text.TIM_ETR_SetConfig)
    TIM_OC2_SetConfig                        0x08004009   Thumb Code   104  stm32f4xx_hal_tim.o(.text.TIM_OC2_SetConfig)
    UART_Start_Receive_IT                    0x08004385   Thumb Code    52  stm32f4xx_hal_uart.o(.text.UART_Start_Receive_IT)
    USART2_IRQHandler                        0x08004495   Thumb Code    16  stm32f4xx_it.o(.text.USART2_IRQHandler)
    UsageFault_Handler                       0x080044a5   Thumb Code     2  stm32f4xx_it.o(.text.UsageFault_Handler)
    main                                     0x08004521   Thumb Code   688  main.o(.text.main)
    _btod_d2e                                0x080047d1   Thumb Code    62  btod.o(CL$$btod_d2e)
    _d2e_denorm_low                          0x0800480f   Thumb Code    70  btod.o(CL$$btod_d2e_denorm_low)
    _d2e_norm_op1                            0x08004855   Thumb Code    96  btod.o(CL$$btod_d2e_norm_op1)
    __btod_div_common                        0x080048b5   Thumb Code   696  btod.o(CL$$btod_div_common)
    _e2d                                     0x08004bed   Thumb Code   122  btod.o(CL$$btod_e2d)
    _e2e                                     0x08004c71   Thumb Code   220  btod.o(CL$$btod_e2e)
    _btod_ediv                               0x08004d4d   Thumb Code    42  btod.o(CL$$btod_ediv)
    _btod_edivd                              0x08004d77   Thumb Code    42  btod.o(CL$$btod_edivd)
    _btod_emul                               0x08004da1   Thumb Code    42  btod.o(CL$$btod_emul)
    _btod_emuld                              0x08004dcb   Thumb Code    42  btod.o(CL$$btod_emuld)
    __btod_mult_common                       0x08004df5   Thumb Code   580  btod.o(CL$$btod_mult_common)
    __ARM_fpclassify                         0x08005039   Thumb Code    48  fpclassify.o(i.__ARM_fpclassify)
    __hardfp___mathlib_tofloat               0x08005069   Thumb Code   232  narrow.o(i.__hardfp___mathlib_tofloat)
    __hardfp_atof                            0x08005161   Thumb Code    46  atof.o(i.__hardfp_atof)
    __hardfp_ldexp                           0x08005199   Thumb Code   200  ldexp.o(i.__hardfp_ldexp)
    __mathlib_dbl_overflow                   0x08005269   Thumb Code    24  dunder.o(i.__mathlib_dbl_overflow)
    __mathlib_dbl_underflow                  0x08005289   Thumb Code    24  dunder.o(i.__mathlib_dbl_underflow)
    __mathlib_narrow                         0x080052a9   Thumb Code    18  narrow.o(i.__mathlib_narrow)
    __support_ldexp                          0x080052bb   Thumb Code    20  ldexp.o(i.__support_ldexp)
    _is_digit                                0x080052cf   Thumb Code    14  __printf_wp.o(i._is_digit)
    frexp                                    0x080052e1   Thumb Code   118  frexp.o(i.frexp)
    _get_lc_numeric                          0x0800536d   Thumb Code    44  lc_numeric_c.o(locale$$code)
    _get_lc_ctype                            0x08005399   Thumb Code    44  lc_ctype_c.o(locale$$code)
    __aeabi_d2f                              0x080053c5   Thumb Code     0  d2f.o(x$fpl$d2f)
    _d2f                                     0x080053c5   Thumb Code    98  d2f.o(x$fpl$d2f)
    __aeabi_dadd                             0x08005429   Thumb Code     0  daddsub_clz.o(x$fpl$dadd)
    _dadd                                    0x08005429   Thumb Code   332  daddsub_clz.o(x$fpl$dadd)
    __fpl_dcheck_NaN1                        0x08005579   Thumb Code    10  dcheck1.o(x$fpl$dcheck1)
    __fpl_dcmp_Inf                           0x08005589   Thumb Code    24  dcmpi.o(x$fpl$dcmpinf)
    __aeabi_ddiv                             0x080055a1   Thumb Code     0  ddiv.o(x$fpl$ddiv)
    _ddiv                                    0x080055a1   Thumb Code   552  ddiv.o(x$fpl$ddiv)
    __aeabi_cdcmpeq                          0x08005851   Thumb Code     0  deqf.o(x$fpl$deqf)
    _dcmpeq                                  0x08005851   Thumb Code   120  deqf.o(x$fpl$deqf)
    __aeabi_d2uiz                            0x080058c9   Thumb Code     0  dfixu.o(x$fpl$dfixu)
    _dfixu                                   0x080058c9   Thumb Code    90  dfixu.o(x$fpl$dfixu)
    __aeabi_i2d                              0x08005923   Thumb Code     0  dflt_clz.o(x$fpl$dflt)
    _dflt                                    0x08005923   Thumb Code    46  dflt_clz.o(x$fpl$dflt)
    __aeabi_ui2d                             0x08005951   Thumb Code     0  dflt_clz.o(x$fpl$dfltu)
    _dfltu                                   0x08005951   Thumb Code    38  dflt_clz.o(x$fpl$dfltu)
    __aeabi_cdcmpge                          0x08005979   Thumb Code     0  dgeqf.o(x$fpl$dgeqf)
    _dcmpge                                  0x08005979   Thumb Code   120  dgeqf.o(x$fpl$dgeqf)
    __aeabi_cdcmple                          0x080059f1   Thumb Code     0  dleqf.o(x$fpl$dleqf)
    _dcmple                                  0x080059f1   Thumb Code   120  dleqf.o(x$fpl$dleqf)
    __fpl_dcmple_InfNaN                      0x08005a53   Thumb Code     0  dleqf.o(x$fpl$dleqf)
    __aeabi_dmul                             0x08005a69   Thumb Code     0  dmul.o(x$fpl$dmul)
    _dmul                                    0x08005a69   Thumb Code   332  dmul.o(x$fpl$dmul)
    __fpl_dnaninf                            0x08005bbd   Thumb Code   156  dnaninf.o(x$fpl$dnaninf)
    __fpl_dretinf                            0x08005c59   Thumb Code    12  dretinf.o(x$fpl$dretinf)
    __aeabi_cdrcmple                         0x08005c65   Thumb Code     0  drleqf.o(x$fpl$drleqf)
    _drcmple                                 0x08005c65   Thumb Code   108  drleqf.o(x$fpl$drleqf)
    __aeabi_dsub                             0x08005cd1   Thumb Code     0  daddsub_clz.o(x$fpl$dsub)
    _dsub                                    0x08005cd1   Thumb Code   464  daddsub_clz.o(x$fpl$dsub)
    __aeabi_f2d                              0x08005ea5   Thumb Code     0  f2d.o(x$fpl$f2d)
    _f2d                                     0x08005ea5   Thumb Code    86  f2d.o(x$fpl$f2d)
    __aeabi_dcmpeq                           0x08005efb   Thumb Code     0  dcmp.o(x$fpl$fcmp)
    _deq                                     0x08005efb   Thumb Code    14  dcmp.o(x$fpl$fcmp)
    _dneq                                    0x08005f09   Thumb Code    14  dcmp.o(x$fpl$fcmp)
    __aeabi_dcmpgt                           0x08005f17   Thumb Code     0  dcmp.o(x$fpl$fcmp)
    _dgr                                     0x08005f17   Thumb Code    14  dcmp.o(x$fpl$fcmp)
    __aeabi_dcmpge                           0x08005f25   Thumb Code     0  dcmp.o(x$fpl$fcmp)
    _dgeq                                    0x08005f25   Thumb Code    14  dcmp.o(x$fpl$fcmp)
    __aeabi_dcmple                           0x08005f33   Thumb Code     0  dcmp.o(x$fpl$fcmp)
    _dleq                                    0x08005f33   Thumb Code    14  dcmp.o(x$fpl$fcmp)
    __aeabi_dcmplt                           0x08005f41   Thumb Code     0  dcmp.o(x$fpl$fcmp)
    _dls                                     0x08005f41   Thumb Code    14  dcmp.o(x$fpl$fcmp)
    __fpl_fnaninf                            0x08005f4f   Thumb Code   140  fnaninf.o(x$fpl$fnaninf)
    _fp_init                                 0x08005fdb   Thumb Code    26  fpinit.o(x$fpl$fpinit)
    __fplib_config_fpu_vfp                   0x08005ff3   Thumb Code     0  fpinit.o(x$fpl$fpinit)
    __fplib_config_pureend_doubles           0x08005ff3   Thumb Code     0  fpinit.o(x$fpl$fpinit)
    __fpl_fretinf                            0x08005ff5   Thumb Code    10  fretinf.o(x$fpl$fretinf)
    __ieee_status                            0x08005fff   Thumb Code     6  istatus.o(x$fpl$ieeestatus)
    _printf_fp_dec                           0x08006005   Thumb Code     4  printf1.o(x$fpl$printf1)
    __fpl_return_NaN                         0x08006009   Thumb Code   100  retnan.o(x$fpl$retnan)
    __ARM_scalbn                             0x0800606d   Thumb Code    92  scalbn.o(x$fpl$scalbn)
    _scanf_real                              0x080060c9   Thumb Code     4  scanf1.o(x$fpl$scanf1)
    _scanf_hex_real                          0x080060cd   Thumb Code     4  scanf2.o(x$fpl$scanf2)
    _scanf_infnan                            0x080060d1   Thumb Code     4  scanf2.o(x$fpl$scanf2)
    __fpl_cmpreturn                          0x080060d5   Thumb Code    48  trapv.o(x$fpl$trapveneer)
    __I$use$fp                               0x08006104   Number         0  usenofp.o(x$fpl$usenofp)
    AHBPrescTable                            0x08006198   Data          16  system_stm32f4xx.o(.rodata.AHBPrescTable)
    APBPrescTable                            0x080061a8   Data           8  system_stm32f4xx.o(.rodata.APBPrescTable)
    Region$$Table$$Base                      0x080061b0   Number         0  anon$$obj.o(Region$$Table)
    Region$$Table$$Limit                     0x080061d0   Number         0  anon$$obj.o(Region$$Table)
    __aeabi_HUGE_VAL                         0x080061d0   Data           0  fpconst.o(c$$dinf)
    __aeabi_HUGE_VALL                        0x080061d0   Data           0  fpconst.o(c$$dinf)
    __aeabi_INFINITY                         0x080061d0   Data           0  fpconst.o(c$$dinf)
    __dInf                                   0x080061d0   Data           0  fpconst.o(c$$dinf)
    __huge_val                               0x080061d0   Data           0  fpconst.o(c$$dinf)
    __dbl_max                                0x080061d8   Data           0  fpconst.o(c$$dmax)
    __ctype                                  0x08006209   Data           0  lc_ctype_c.o(locale$$data)
    SystemCoreClock                          0x20000000   Data           4  system_stm32f4xx.o(.data.SystemCoreClock)
    pLeft                                    0x20000004   Data           4  main.o(.data.pLeft)
    pRight                                   0x20000008   Data           4  main.o(.data.pRight)
    uwTickFreq                               0x2000000c   Data           1  stm32f4xx_hal.o(.data.uwTickFreq)
    uwTickPrio                               0x20000010   Data           4  stm32f4xx_hal.o(.data.uwTickPrio)
    __libspace_start                         0x20000018   Data          96  libspace.o(.bss)
    LPID                                     0x20000078   Data         112  main.o(.bss.LPID)
    __temporary_stack_top$libspace           0x20000078   Data           0  libspace.o(.bss)
    Left_motor                               0x200000e8   Data          80  main.o(.bss.Left_motor)
    RPID                                     0x20000138   Data         112  main.o(.bss.RPID)
    Right_motor                              0x200001a8   Data          80  main.o(.bss.Right_motor)
    hi2c1                                    0x200001f8   Data          84  main.o(.bss.hi2c1)
    htim1                                    0x2000024c   Data          72  main.o(.bss.htim1)
    htim2                                    0x20000294   Data          72  main.o(.bss.htim2)
    htim3                                    0x200002dc   Data          72  main.o(.bss.htim3)
    htim4                                    0x20000324   Data          72  main.o(.bss.htim4)
    huart2                                   0x2000036c   Data          72  main.o(.bss.huart2)
    rx_buffer                                0x200003b4   Data          20  main.o(.bss.rx_buffer)
    rx_data                                  0x200003c8   Data           1  main.o(.bss.rx_data)
    rx_index                                 0x200003cc   Data           4  main.o(.bss.rx_index)
    uwTick                                   0x200003d0   Data           4  stm32f4xx_hal.o(.bss.uwTick)



==============================================================================

Memory Map of the image

  Image Entry point : 0x08000199

  Load Region LR_IROM1 (Base: 0x08000000, Size: 0x00006328, Max: 0x00080000, ABSOLUTE)

    Execution Region ER_IROM1 (Exec base: 0x08000000, Load base: 0x08000000, Size: 0x0000630c, Max: 0x00080000, ABSOLUTE)

    Exec Addr    Load Addr    Size         Type   Attr      Idx    E Section Name        Object

    0x08000000   0x08000000   0x00000198   Data   RO            3    RESET               startup_stm32f411xe.o
    0x08000198   0x08000198   0x00000008   Code   RO         1393  * !!!main             c_w.l(__main.o)
    0x080001a0   0x080001a0   0x00000034   Code   RO         1785    !!!scatter          c_w.l(__scatter.o)
    0x080001d4   0x080001d4   0x0000001a   Code   RO         1787    !!handler_copy      c_w.l(__scatter_copy.o)
    0x080001ee   0x080001ee   0x00000002   PAD
    0x080001f0   0x080001f0   0x0000001c   Code   RO         1789    !!handler_zi        c_w.l(__scatter_zi.o)
    0x0800020c   0x0800020c   0x00000000   Code   RO         1384    .ARM.Collect$$_printf_percent$$00000000  c_w.l(_printf_percent.o)
    0x0800020c   0x0800020c   0x00000006   Code   RO         1383    .ARM.Collect$$_printf_percent$$00000003  c_w.l(_printf_f.o)
    0x08000212   0x08000212   0x00000004   Code   RO         1451    .ARM.Collect$$_printf_percent$$00000017  c_w.l(_printf_percent_end.o)
    0x08000216   0x08000216   0x00000002   Code   RO         1574    .ARM.Collect$$libinit$$00000000  c_w.l(libinit.o)
    0x08000218   0x08000218   0x00000004   Code   RO         1575    .ARM.Collect$$libinit$$00000001  c_w.l(libinit2.o)
    0x0800021c   0x0800021c   0x00000000   Code   RO         1578    .ARM.Collect$$libinit$$00000004  c_w.l(libinit2.o)
    0x0800021c   0x0800021c   0x00000000   Code   RO         1581    .ARM.Collect$$libinit$$0000000A  c_w.l(libinit2.o)
    0x0800021c   0x0800021c   0x00000000   Code   RO         1583    .ARM.Collect$$libinit$$0000000C  c_w.l(libinit2.o)
    0x0800021c   0x0800021c   0x00000000   Code   RO         1585    .ARM.Collect$$libinit$$0000000E  c_w.l(libinit2.o)
    0x0800021c   0x0800021c   0x00000006   Code   RO         1586    .ARM.Collect$$libinit$$0000000F  c_w.l(libinit2.o)
    0x08000222   0x08000222   0x00000000   Code   RO         1588    .ARM.Collect$$libinit$$00000011  c_w.l(libinit2.o)
    0x08000222   0x08000222   0x0000000c   Code   RO         1589    .ARM.Collect$$libinit$$00000012  c_w.l(libinit2.o)
    0x0800022e   0x0800022e   0x00000000   Code   RO         1590    .ARM.Collect$$libinit$$00000013  c_w.l(libinit2.o)
    0x0800022e   0x0800022e   0x00000000   Code   RO         1592    .ARM.Collect$$libinit$$00000015  c_w.l(libinit2.o)
    0x0800022e   0x0800022e   0x0000000a   Code   RO         1593    .ARM.Collect$$libinit$$00000016  c_w.l(libinit2.o)
    0x08000238   0x08000238   0x00000000   Code   RO         1594    .ARM.Collect$$libinit$$00000017  c_w.l(libinit2.o)
    0x08000238   0x08000238   0x00000000   Code   RO         1596    .ARM.Collect$$libinit$$00000019  c_w.l(libinit2.o)
    0x08000238   0x08000238   0x00000000   Code   RO         1598    .ARM.Collect$$libinit$$0000001B  c_w.l(libinit2.o)
    0x08000238   0x08000238   0x00000000   Code   RO         1600    .ARM.Collect$$libinit$$0000001D  c_w.l(libinit2.o)
    0x08000238   0x08000238   0x00000000   Code   RO         1602    .ARM.Collect$$libinit$$0000001F  c_w.l(libinit2.o)
    0x08000238   0x08000238   0x00000000   Code   RO         1604    .ARM.Collect$$libinit$$00000021  c_w.l(libinit2.o)
    0x08000238   0x08000238   0x00000000   Code   RO         1606    .ARM.Collect$$libinit$$00000023  c_w.l(libinit2.o)
    0x08000238   0x08000238   0x00000000   Code   RO         1608    .ARM.Collect$$libinit$$00000025  c_w.l(libinit2.o)
    0x08000238   0x08000238   0x00000000   Code   RO         1612    .ARM.Collect$$libinit$$0000002C  c_w.l(libinit2.o)
    0x08000238   0x08000238   0x00000000   Code   RO         1614    .ARM.Collect$$libinit$$0000002E  c_w.l(libinit2.o)
    0x08000238   0x08000238   0x00000000   Code   RO         1616    .ARM.Collect$$libinit$$00000030  c_w.l(libinit2.o)
    0x08000238   0x08000238   0x00000000   Code   RO         1618    .ARM.Collect$$libinit$$00000032  c_w.l(libinit2.o)
    0x08000238   0x08000238   0x00000002   Code   RO         1619    .ARM.Collect$$libinit$$00000033  c_w.l(libinit2.o)
    0x0800023a   0x0800023a   0x00000002   Code   RO         1711    .ARM.Collect$$libshutdown$$00000000  c_w.l(libshutdown.o)
    0x0800023c   0x0800023c   0x00000000   Code   RO         1745    .ARM.Collect$$libshutdown$$00000002  c_w.l(libshutdown2.o)
    0x0800023c   0x0800023c   0x00000000   Code   RO         1747    .ARM.Collect$$libshutdown$$00000004  c_w.l(libshutdown2.o)
    0x0800023c   0x0800023c   0x00000000   Code   RO         1750    .ARM.Collect$$libshutdown$$00000007  c_w.l(libshutdown2.o)
    0x0800023c   0x0800023c   0x00000000   Code   RO         1753    .ARM.Collect$$libshutdown$$0000000A  c_w.l(libshutdown2.o)
    0x0800023c   0x0800023c   0x00000000   Code   RO         1755    .ARM.Collect$$libshutdown$$0000000C  c_w.l(libshutdown2.o)
    0x0800023c   0x0800023c   0x00000000   Code   RO         1758    .ARM.Collect$$libshutdown$$0000000F  c_w.l(libshutdown2.o)
    0x0800023c   0x0800023c   0x00000002   Code   RO         1759    .ARM.Collect$$libshutdown$$00000010  c_w.l(libshutdown2.o)
    0x0800023e   0x0800023e   0x00000000   Code   RO         1431    .ARM.Collect$$rtentry$$00000000  c_w.l(__rtentry.o)
    0x0800023e   0x0800023e   0x00000000   Code   RO         1475    .ARM.Collect$$rtentry$$00000002  c_w.l(__rtentry2.o)
    0x0800023e   0x0800023e   0x00000006   Code   RO         1487    .ARM.Collect$$rtentry$$00000004  c_w.l(__rtentry4.o)
    0x08000244   0x08000244   0x00000000   Code   RO         1477    .ARM.Collect$$rtentry$$00000009  c_w.l(__rtentry2.o)
    0x08000244   0x08000244   0x00000004   Code   RO         1478    .ARM.Collect$$rtentry$$0000000A  c_w.l(__rtentry2.o)
    0x08000248   0x08000248   0x00000000   Code   RO         1480    .ARM.Collect$$rtentry$$0000000C  c_w.l(__rtentry2.o)
    0x08000248   0x08000248   0x00000008   Code   RO         1481    .ARM.Collect$$rtentry$$0000000D  c_w.l(__rtentry2.o)
    0x08000250   0x08000250   0x00000002   Code   RO         1620    .ARM.Collect$$rtexit$$00000000  c_w.l(rtexit.o)
    0x08000252   0x08000252   0x00000000   Code   RO         1664    .ARM.Collect$$rtexit$$00000002  c_w.l(rtexit2.o)
    0x08000252   0x08000252   0x00000004   Code   RO         1665    .ARM.Collect$$rtexit$$00000003  c_w.l(rtexit2.o)
    0x08000256   0x08000256   0x00000006   Code   RO         1666    .ARM.Collect$$rtexit$$00000004  c_w.l(rtexit2.o)
    0x0800025c   0x0800025c   0x00000040   Code   RO            4    .text               startup_stm32f411xe.o
    0x0800029c   0x0800029c   0x000000f0   Code   RO         1355    .text               c_w.l(lludivv7m.o)
    0x0800038c   0x0800038c   0x0000002c   Code   RO         1357    .text               c_w.l(__2sprintf.o)
    0x080003b8   0x080003b8   0x0000010e   Code   RO         1371    .text               c_w.l(__printf_wp.o)
    0x080004c6   0x080004c6   0x0000001a   Code   RO         1385    .text               c_w.l(atoi.o)
    0x080004e0   0x080004e0   0x00000014   Code   RO         1387    .text               c_w.l(strchr.o)
    0x080004f4   0x080004f4   0x0000004e   Code   RO         1389    .text               c_w.l(rt_memclr_w.o)
    0x08000542   0x08000542   0x00000006   Code   RO         1391    .text               c_w.l(heapauxi.o)
    0x08000548   0x08000548   0x00000008   Code   RO         1439    .text               c_w.l(rt_errno_addr_intlibspace.o)
    0x08000550   0x08000550   0x00000016   Code   RO         1441    .text               c_w.l(_rserrno.o)
    0x08000566   0x08000566   0x0000041c   Code   RO         1443    .text               c_w.l(_printf_fp_dec.o)
    0x08000982   0x08000982   0x00000002   PAD
    0x08000984   0x08000984   0x00000030   Code   RO         1447    .text               c_w.l(_printf_char_common.o)
    0x080009b4   0x080009b4   0x0000000a   Code   RO         1449    .text               c_w.l(_sputc.o)
    0x080009be   0x080009be   0x00000002   PAD
    0x080009c0   0x080009c0   0x000000b0   Code   RO         1452    .text               c_w.l(strtod.o)
    0x08000a70   0x08000a70   0x00000070   Code   RO         1454    .text               c_w.l(strtol.o)
    0x08000ae0   0x08000ae0   0x00000008   Code   RO         1471    .text               c_w.l(libspace.o)
    0x08000ae8   0x08000ae8   0x00000010   Code   RO         1489    .text               c_w.l(rt_ctype_table.o)
    0x08000af8   0x08000af8   0x00000008   Code   RO         1496    .text               c_w.l(rt_locale_intlibspace.o)
    0x08000b00   0x08000b00   0x0000008a   Code   RO         1498    .text               c_w.l(lludiv10.o)
    0x08000b8a   0x08000b8a   0x00000012   Code   RO         1500    .text               c_w.l(isspace.o)
    0x08000b9c   0x08000b9c   0x00000080   Code   RO         1502    .text               c_w.l(_printf_fp_infnan.o)
    0x08000c1c   0x08000c1c   0x00000040   Code   RO         1506    .text               c_w.l(_sgetc.o)
    0x08000c5c   0x08000c5c   0x0000009e   Code   RO         1508    .text               c_w.l(_strtoul.o)
    0x08000cfa   0x08000cfa   0x00000002   PAD
    0x08000cfc   0x08000cfc   0x000000e4   Code   RO         1510    .text               c_w.l(bigflt0.o)
    0x08000de0   0x08000de0   0x0000004a   Code   RO         1548    .text               c_w.l(sys_stackheap_outer.o)
    0x08000e2a   0x08000e2a   0x0000001c   Code   RO         1550    .text               c_w.l(_chval.o)
    0x08000e46   0x08000e46   0x00000002   PAD
    0x08000e48   0x08000e48   0x000004f8   Code   RO         1552    .text               c_w.l(scanf_fp.o)
    0x08001340   0x08001340   0x00000012   Code   RO         1561    .text               c_w.l(exit.o)
    0x08001352   0x08001352   0x00000006   PAD
    0x08001358   0x08001358   0x0000007c   Code   RO         1567    .text               c_w.l(strcmpv7em.o)
    0x080013d4   0x080013d4   0x00000026   Code   RO         1624    .text               c_w.l(llshl.o)
    0x080013fa   0x080013fa   0x00000002   PAD
    0x080013fc   0x080013fc   0x0000000c   Code   RO         1659    .text               c_w.l(sys_exit.o)
    0x08001408   0x08001408   0x00000320   Code   RO         1670    .text               c_w.l(scanf_hexfp.o)
    0x08001728   0x08001728   0x00000134   Code   RO         1672    .text               c_w.l(scanf_infnan.o)
    0x0800185c   0x0800185c   0x00000002   Code   RO         1698    .text               c_w.l(use_no_semi.o)
    0x0800185e   0x0800185e   0x00000000   Code   RO         1700    .text               c_w.l(indicate_semi.o)
    0x0800185e   0x0800185e   0x00000002   PAD
    0x08001860   0x08001860   0x00000002   Code   RO           69    .text.BusFault_Handler  stm32f4xx_it.o
    0x08001862   0x08001862   0x00000002   PAD
    0x08001864   0x08001864   0x00000002   Code   RO           75    .text.DebugMon_Handler  stm32f4xx_it.o
    0x08001866   0x08001866   0x00000002   PAD
    0x08001868   0x08001868   0x00000006   Code   RO           31    .text.Error_Handler  main.o
    0x0800186e   0x0800186e   0x00000002   PAD
    0x08001870   0x08001870   0x00000080   Code   RO          526    .text.HAL_DMA_Abort  stm32f4xx_hal_dma.o
    0x080018f0   0x080018f0   0x00000024   Code   RO          528    .text.HAL_DMA_Abort_IT  stm32f4xx_hal_dma.o
    0x08001914   0x08001914   0x00000028   Code   RO          718    .text.HAL_Delay     stm32f4xx_hal.o
    0x0800193c   0x0800193c   0x0000019a   Code   RO          472    .text.HAL_GPIO_Init  stm32f4xx_hal_gpio.o
    0x08001ad6   0x08001ad6   0x00000002   PAD
    0x08001ad8   0x08001ad8   0x00000010   Code   RO          480    .text.HAL_GPIO_TogglePin  stm32f4xx_hal_gpio.o
    0x08001ae8   0x08001ae8   0x0000000a   Code   RO          478    .text.HAL_GPIO_WritePin  stm32f4xx_hal_gpio.o
    0x08001af2   0x08001af2   0x00000002   PAD
    0x08001af4   0x08001af4   0x0000000c   Code   RO          710    .text.HAL_GetTick   stm32f4xx_hal.o
    0x08001b00   0x08001b00   0x0000018e   Code   RO          120    .text.HAL_I2C_Init  stm32f4xx_hal_i2c.o
    0x08001c8e   0x08001c8e   0x00000002   PAD
    0x08001c90   0x08001c90   0x00000074   Code   RO           94    .text.HAL_I2C_MspInit  stm32f4xx_hal_msp.o
    0x08001d04   0x08001d04   0x0000001a   Code   RO          708    .text.HAL_IncTick   stm32f4xx_hal.o
    0x08001d1e   0x08001d1e   0x00000002   PAD
    0x08001d20   0x08001d20   0x00000036   Code   RO          698    .text.HAL_Init      stm32f4xx_hal.o
    0x08001d56   0x08001d56   0x00000002   PAD
    0x08001d58   0x08001d58   0x00000050   Code   RO          700    .text.HAL_InitTick  stm32f4xx_hal.o
    0x08001da8   0x08001da8   0x00000038   Code   RO           92    .text.HAL_MspInit   stm32f4xx_hal_msp.o
    0x08001de0   0x08001de0   0x00000008   Code   RO          632    .text.HAL_NVIC_EnableIRQ  stm32f4xx_hal_cortex.o
    0x08001de8   0x08001de8   0x0000001e   Code   RO          624    .text.HAL_NVIC_SetPriority  stm32f4xx_hal_cortex.o
    0x08001e06   0x08001e06   0x00000002   PAD
    0x08001e08   0x08001e08   0x00000008   Code   RO          620    .text.HAL_NVIC_SetPriorityGrouping  stm32f4xx_hal_cortex.o
    0x08001e10   0x08001e10   0x00000160   Code   RO          308    .text.HAL_RCC_ClockConfig  stm32f4xx_hal_rcc.o
    0x08001f70   0x08001f70   0x0000000c   Code   RO          318    .text.HAL_RCC_GetHCLKFreq  stm32f4xx_hal_rcc.o
    0x08001f7c   0x08001f7c   0x00000022   Code   RO          320    .text.HAL_RCC_GetPCLK1Freq  stm32f4xx_hal_rcc.o
    0x08001f9e   0x08001f9e   0x00000002   PAD
    0x08001fa0   0x08001fa0   0x00000022   Code   RO          322    .text.HAL_RCC_GetPCLK2Freq  stm32f4xx_hal_rcc.o
    0x08001fc2   0x08001fc2   0x00000002   PAD
    0x08001fc4   0x08001fc4   0x00000068   Code   RO          310    .text.HAL_RCC_GetSysClockFreq  stm32f4xx_hal_rcc.o
    0x0800202c   0x0800202c   0x00000344   Code   RO          306    .text.HAL_RCC_OscConfig  stm32f4xx_hal_rcc.o
    0x08002370   0x08002370   0x00000008   Code   RO          644    .text.HAL_SYSTICK_Config  stm32f4xx_hal_cortex.o
    0x08002378   0x08002378   0x00000002   Code   RO         1113    .text.HAL_TIMEx_BreakCallback  stm32f4xx_hal_tim_ex.o
    0x0800237a   0x0800237a   0x00000002   PAD
    0x0800237c   0x0800237c   0x00000002   Code   RO         1109    .text.HAL_TIMEx_CommutCallback  stm32f4xx_hal_tim_ex.o
    0x0800237e   0x0800237e   0x00000002   PAD
    0x08002380   0x08002380   0x00000094   Code   RO         1103    .text.HAL_TIMEx_MasterConfigSynchronization  stm32f4xx_hal_tim_ex.o
    0x08002414   0x08002414   0x0000005a   Code   RO          789    .text.HAL_TIM_Base_Init  stm32f4xx_hal_tim.o
    0x0800246e   0x0800246e   0x00000002   PAD
    0x08002470   0x08002470   0x00000070   Code   RO           98    .text.HAL_TIM_Base_MspInit  stm32f4xx_hal_msp.o
    0x080024e0   0x080024e0   0x00000084   Code   RO          803    .text.HAL_TIM_Base_Start_IT  stm32f4xx_hal_tim.o
    0x08002564   0x08002564   0x000000de   Code   RO          981    .text.HAL_TIM_ConfigClockSource  stm32f4xx_hal_tim.o
    0x08002642   0x08002642   0x00000002   PAD
    0x08002644   0x08002644   0x000000b2   Code   RO          903    .text.HAL_TIM_Encoder_Init  stm32f4xx_hal_tim.o
    0x080026f6   0x080026f6   0x00000002   PAD
    0x080026f8   0x080026f8   0x000000ba   Code   RO          100    .text.HAL_TIM_Encoder_MspInit  stm32f4xx_hal_msp.o
    0x080027b2   0x080027b2   0x00000002   PAD
    0x080027b4   0x080027b4   0x000000a4   Code   RO          911    .text.HAL_TIM_Encoder_Start  stm32f4xx_hal_tim.o
    0x08002858   0x08002858   0x000000d2   Code   RO          915    .text.HAL_TIM_Encoder_Start_IT  stm32f4xx_hal_tim.o
    0x0800292a   0x0800292a   0x00000002   PAD
    0x0800292c   0x0800292c   0x00000002   Code   RO          925    .text.HAL_TIM_IC_CaptureCallback  stm32f4xx_hal_tim.o
    0x0800292e   0x0800292e   0x00000002   PAD
    0x08002930   0x08002930   0x00000134   Code   RO          923    .text.HAL_TIM_IRQHandler  stm32f4xx_hal_tim.o
    0x08002a64   0x08002a64   0x0000005a   Code   RO          102    .text.HAL_TIM_MspPostInit  stm32f4xx_hal_msp.o
    0x08002abe   0x08002abe   0x00000002   PAD
    0x08002ac0   0x08002ac0   0x00000002   Code   RO          927    .text.HAL_TIM_OC_DelayElapsedCallback  stm32f4xx_hal_tim.o
    0x08002ac2   0x08002ac2   0x00000002   PAD
    0x08002ac4   0x08002ac4   0x00000098   Code   RO          955    .text.HAL_TIM_PWM_ConfigChannel  stm32f4xx_hal_tim.o
    0x08002b5c   0x08002b5c   0x0000005a   Code   RO          843    .text.HAL_TIM_PWM_Init  stm32f4xx_hal_tim.o
    0x08002bb6   0x08002bb6   0x00000002   PAD
    0x08002bb8   0x08002bb8   0x00000002   Code   RO          845    .text.HAL_TIM_PWM_MspInit  stm32f4xx_hal_tim.o
    0x08002bba   0x08002bba   0x00000002   PAD
    0x08002bbc   0x08002bbc   0x00000002   Code   RO          929    .text.HAL_TIM_PWM_PulseFinishedCallback  stm32f4xx_hal_tim.o
    0x08002bbe   0x08002bbe   0x00000002   PAD
    0x08002bc0   0x08002bc0   0x000000d4   Code   RO          851    .text.HAL_TIM_PWM_Start  stm32f4xx_hal_tim.o
    0x08002c94   0x08002c94   0x00000052   Code   RO           33    .text.HAL_TIM_PeriodElapsedCallback  main.o
    0x08002ce6   0x08002ce6   0x00000002   PAD
    0x08002ce8   0x08002ce8   0x00000002   Code   RO          933    .text.HAL_TIM_TriggerCallback  stm32f4xx_hal_tim.o
    0x08002cea   0x08002cea   0x00000002   PAD
    0x08002cec   0x08002cec   0x00000002   Code   RO         1219    .text.HAL_UARTEx_RxEventCallback  stm32f4xx_hal_uart.o
    0x08002cee   0x08002cee   0x00000002   PAD
    0x08002cf0   0x08002cf0   0x00000002   Code   RO         1217    .text.HAL_UART_ErrorCallback  stm32f4xx_hal_uart.o
    0x08002cf2   0x08002cf2   0x00000002   PAD
    0x08002cf4   0x08002cf4   0x0000026a   Code   RO         1211    .text.HAL_UART_IRQHandler  stm32f4xx_hal_uart.o
    0x08002f5e   0x08002f5e   0x00000002   PAD
    0x08002f60   0x08002f60   0x00000060   Code   RO         1127    .text.HAL_UART_Init  stm32f4xx_hal_uart.o
    0x08002fc0   0x08002fc0   0x00000082   Code   RO          108    .text.HAL_UART_MspInit  stm32f4xx_hal_msp.o
    0x08003042   0x08003042   0x00000002   PAD
    0x08003044   0x08003044   0x0000002a   Code   RO         1151    .text.HAL_UART_Receive_IT  stm32f4xx_hal_uart.o
    0x0800306e   0x0800306e   0x00000002   PAD
    0x08003070   0x08003070   0x0000012a   Code   RO           11    .text.HAL_UART_RxCpltCallback  main.o
    0x0800319a   0x0800319a   0x00000002   PAD
    0x0800319c   0x0800319c   0x000000b4   Code   RO         1143    .text.HAL_UART_Transmit  stm32f4xx_hal_uart.o
    0x08003250   0x08003250   0x00000002   Code   RO         1225    .text.HAL_UART_TxCpltCallback  stm32f4xx_hal_uart.o
    0x08003252   0x08003252   0x00000002   PAD
    0x08003254   0x08003254   0x00000002   Code   RO           65    .text.HardFault_Handler  stm32f4xx_it.o
    0x08003256   0x08003256   0x00000002   PAD
    0x08003258   0x08003258   0x00000082   Code   RO           17    .text.MX_GPIO_Init  main.o
    0x080032da   0x080032da   0x00000002   PAD
    0x080032dc   0x080032dc   0x0000003e   Code   RO           29    .text.MX_I2C1_Init  main.o
    0x0800331a   0x0800331a   0x00000002   PAD
    0x0800331c   0x0800331c   0x00000070   Code   RO           27    .text.MX_TIM1_Init  main.o
    0x0800338c   0x0800338c   0x0000006c   Code   RO           19    .text.MX_TIM2_Init  main.o
    0x080033f8   0x080033f8   0x000000c4   Code   RO           21    .text.MX_TIM3_Init  main.o
    0x080034bc   0x080034bc   0x00000070   Code   RO           23    .text.MX_TIM4_Init  main.o
    0x0800352c   0x0800352c   0x00000038   Code   RO           25    .text.MX_USART2_UART_Init  main.o
    0x08003564   0x08003564   0x00000002   Code   RO           67    .text.MemManage_Handler  stm32f4xx_it.o
    0x08003566   0x08003566   0x00000002   PAD
    0x08003568   0x08003568   0x00000080   Code   RO         1276    .text.Motor_GetSpeed  motor.o
    0x080035e8   0x080035e8   0x0000004a   Code   RO         1274    .text.Motor_Init    motor.o
    0x08003632   0x08003632   0x00000006   PAD
    0x08003638   0x08003638   0x00000170   Code   RO         1278    .text.Motor_SetPwm  motor.o
    0x080037a8   0x080037a8   0x00000006   Code   RO         1280    .text.Motor_SetTarget  motor.o
    0x080037ae   0x080037ae   0x00000002   PAD
    0x080037b0   0x080037b0   0x00000002   Code   RO           63    .text.NMI_Handler   stm32f4xx_it.o
    0x080037b2   0x080037b2   0x00000002   PAD
    0x080037b4   0x080037b4   0x0000002c   Code   RO          630    .text.NVIC_EncodePriority  stm32f4xx_hal_cortex.o
    0x080037e0   0x080037e0   0x00000088   Code   RO         1299    .text.PID           pid.o
    0x08003868   0x08003868   0x000001b0   Code   RO         1309    .text.PID_Compute   pid.o
    0x08003a18   0x08003a18   0x0000005a   Code   RO         1297    .text.PID_Init      pid.o
    0x08003a72   0x08003a72   0x00000006   PAD
    0x08003a78   0x08003a78   0x00000078   Code   RO         1303    .text.PID_SetControllerDirection  pid.o
    0x08003af0   0x08003af0   0x00000022   Code   RO         1311    .text.PID_SetMode   pid.o
    0x08003b12   0x08003b12   0x00000002   PAD
    0x08003b14   0x08003b14   0x000000be   Code   RO         1301    .text.PID_SetOutputLimits  pid.o
    0x08003bd2   0x08003bd2   0x00000002   PAD
    0x08003bd4   0x08003bd4   0x00000068   Code   RO         1319    .text.PID_SetSampleTime  pid.o
    0x08003c3c   0x08003c3c   0x00000004   PAD
    0x08003c40   0x08003c40   0x00000138   Code   RO         1305    .text.PID_SetTunings2  pid.o
    0x08003d78   0x08003d78   0x00000002   Code   RO           77    .text.PendSV_Handler  stm32f4xx_it.o
    0x08003d7a   0x08003d7a   0x00000002   PAD
    0x08003d7c   0x08003d7c   0x00000002   Code   RO           73    .text.SVC_Handler   stm32f4xx_it.o
    0x08003d7e   0x08003d7e   0x00000002   PAD
    0x08003d80   0x08003d80   0x0000002e   Code   RO          646    .text.SysTick_Config  stm32f4xx_hal_cortex.o
    0x08003dae   0x08003dae   0x00000002   PAD
    0x08003db0   0x08003db0   0x00000008   Code   RO           79    .text.SysTick_Handler  stm32f4xx_it.o
    0x08003db8   0x08003db8   0x0000009c   Code   RO           15    .text.SystemClock_Config  main.o
    0x08003e54   0x08003e54   0x00000012   Code   RO         1259    .text.SystemInit    system_stm32f4xx.o
    0x08003e66   0x08003e66   0x00000002   PAD
    0x08003e68   0x08003e68   0x00000010   Code   RO           81    .text.TIM1_UP_TIM10_IRQHandler  stm32f4xx_it.o
    0x08003e78   0x08003e78   0x000000e2   Code   RO          793    .text.TIM_Base_SetConfig  stm32f4xx_hal_tim.o
    0x08003f5a   0x08003f5a   0x00000002   PAD
    0x08003f5c   0x08003f5c   0x00000024   Code   RO          827    .text.TIM_CCxChannelCmd  stm32f4xx_hal_tim.o
    0x08003f80   0x08003f80   0x00000016   Code   RO          979    .text.TIM_ETR_SetConfig  stm32f4xx_hal_tim.o
    0x08003f96   0x08003f96   0x00000002   PAD
    0x08003f98   0x08003f98   0x00000010   Code   RO          985    .text.TIM_ITRx_SetConfig  stm32f4xx_hal_tim.o
    0x08003fa8   0x08003fa8   0x00000060   Code   RO          937    .text.TIM_OC1_SetConfig  stm32f4xx_hal_tim.o
    0x08004008   0x08004008   0x00000068   Code   RO          939    .text.TIM_OC2_SetConfig  stm32f4xx_hal_tim.o
    0x08004070   0x08004070   0x00000068   Code   RO          941    .text.TIM_OC3_SetConfig  stm32f4xx_hal_tim.o
    0x080040d8   0x080040d8   0x00000048   Code   RO          943    .text.TIM_OC4_SetConfig  stm32f4xx_hal_tim.o
    0x08004120   0x08004120   0x00000022   Code   RO          983    .text.TIM_TI1_ConfigInputStage  stm32f4xx_hal_tim.o
    0x08004142   0x08004142   0x00000002   PAD
    0x08004144   0x08004144   0x00000024   Code   RO          987    .text.TIM_TI2_ConfigInputStage  stm32f4xx_hal_tim.o
    0x08004168   0x08004168   0x0000000e   Code   RO         1215    .text.UART_DMAAbortOnError  stm32f4xx_hal_uart.o
    0x08004176   0x08004176   0x00000002   PAD
    0x08004178   0x08004178   0x00000050   Code   RO         1175    .text.UART_EndRxTransfer  stm32f4xx_hal_uart.o
    0x080041c8   0x080041c8   0x00000018   Code   RO         1223    .text.UART_EndTransmit_IT  stm32f4xx_hal_uart.o
    0x080041e0   0x080041e0   0x000000c8   Code   RO         1213    .text.UART_Receive_IT  stm32f4xx_hal_uart.o
    0x080042a8   0x080042a8   0x000000dc   Code   RO         1131    .text.UART_SetConfig  stm32f4xx_hal_uart.o
    0x08004384   0x08004384   0x00000034   Code   RO         1153    .text.UART_Start_Receive_IT  stm32f4xx_hal_uart.o
    0x080043b8   0x080043b8   0x00000052   Code   RO         1221    .text.UART_Transmit_IT  stm32f4xx_hal_uart.o
    0x0800440a   0x0800440a   0x00000002   PAD
    0x0800440c   0x0800440c   0x00000088   Code   RO         1145    .text.UART_WaitOnFlagUntilTimeout  stm32f4xx_hal_uart.o
    0x08004494   0x08004494   0x00000010   Code   RO           83    .text.USART2_IRQHandler  stm32f4xx_it.o
    0x080044a4   0x080044a4   0x00000002   Code   RO           71    .text.UsageFault_Handler  stm32f4xx_it.o
    0x080044a6   0x080044a6   0x00000002   PAD
    0x080044a8   0x080044a8   0x00000020   Code   RO          634    .text.__NVIC_EnableIRQ  stm32f4xx_hal_cortex.o
    0x080044c8   0x080044c8   0x00000010   Code   RO          626    .text.__NVIC_GetPriorityGrouping  stm32f4xx_hal_cortex.o
    0x080044d8   0x080044d8   0x00000022   Code   RO          628    .text.__NVIC_SetPriority  stm32f4xx_hal_cortex.o
    0x080044fa   0x080044fa   0x00000002   PAD
    0x080044fc   0x080044fc   0x00000020   Code   RO          622    .text.__NVIC_SetPriorityGrouping  stm32f4xx_hal_cortex.o
    0x0800451c   0x0800451c   0x00000004   PAD
    0x08004520   0x08004520   0x000002b0   Code   RO           13    .text.main          main.o
    0x080047d0   0x080047d0   0x0000003e   Code   RO         1513    CL$$btod_d2e        c_w.l(btod.o)
    0x0800480e   0x0800480e   0x00000046   Code   RO         1515    CL$$btod_d2e_denorm_low  c_w.l(btod.o)
    0x08004854   0x08004854   0x00000060   Code   RO         1514    CL$$btod_d2e_norm_op1  c_w.l(btod.o)
    0x080048b4   0x080048b4   0x00000338   Code   RO         1523    CL$$btod_div_common  c_w.l(btod.o)
    0x08004bec   0x08004bec   0x00000084   Code   RO         1521    CL$$btod_e2d        c_w.l(btod.o)
    0x08004c70   0x08004c70   0x000000dc   Code   RO         1520    CL$$btod_e2e        c_w.l(btod.o)
    0x08004d4c   0x08004d4c   0x0000002a   Code   RO         1517    CL$$btod_ediv       c_w.l(btod.o)
    0x08004d76   0x08004d76   0x0000002a   Code   RO         1519    CL$$btod_edivd      c_w.l(btod.o)
    0x08004da0   0x08004da0   0x0000002a   Code   RO         1516    CL$$btod_emul       c_w.l(btod.o)
    0x08004dca   0x08004dca   0x0000002a   Code   RO         1518    CL$$btod_emuld      c_w.l(btod.o)
    0x08004df4   0x08004df4   0x00000244   Code   RO         1522    CL$$btod_mult_common  c_w.l(btod.o)
    0x08005038   0x08005038   0x00000030   Code   RO         1546    i.__ARM_fpclassify  m_wm.l(fpclassify.o)
    0x08005068   0x08005068   0x000000f8   Code   RO         1651    i.__hardfp___mathlib_tofloat  m_wm.l(narrow.o)
    0x08005160   0x08005160   0x00000038   Code   RO         1425    i.__hardfp_atof     m_wm.l(atof.o)
    0x08005198   0x08005198   0x000000d0   Code   RO         1712    i.__hardfp_ldexp    m_wm.l(ldexp.o)
    0x08005268   0x08005268   0x00000020   Code   RO         1766    i.__mathlib_dbl_overflow  m_wm.l(dunder.o)
    0x08005288   0x08005288   0x00000020   Code   RO         1768    i.__mathlib_dbl_underflow  m_wm.l(dunder.o)
    0x080052a8   0x080052a8   0x00000012   Code   RO         1652    i.__mathlib_narrow  m_wm.l(narrow.o)
    0x080052ba   0x080052ba   0x00000014   Code   RO         1714    i.__support_ldexp   m_wm.l(ldexp.o)
    0x080052ce   0x080052ce   0x0000000e   Code   RO         1373    i._is_digit         c_w.l(__printf_wp.o)
    0x080052dc   0x080052dc   0x00000004   PAD
    0x080052e0   0x080052e0   0x0000008c   Code   RO         1686    i.frexp             m_wm.l(frexp.o)
    0x0800536c   0x0800536c   0x0000002c   Code   RO         1538    locale$$code        c_w.l(lc_numeric_c.o)
    0x08005398   0x08005398   0x0000002c   Code   RO         1559    locale$$code        c_w.l(lc_ctype_c.o)
    0x080053c4   0x080053c4   0x00000062   Code   RO         1395    x$fpl$d2f           fz_wm.l(d2f.o)
    0x08005426   0x08005426   0x00000002   PAD
    0x08005428   0x08005428   0x00000150   Code   RO         1397    x$fpl$dadd          fz_wm.l(daddsub_clz.o)
    0x08005578   0x08005578   0x00000010   Code   RO         1777    x$fpl$dcheck1       fz_wm.l(dcheck1.o)
    0x08005588   0x08005588   0x00000018   Code   RO         1540    x$fpl$dcmpinf       fz_wm.l(dcmpi.o)
    0x080055a0   0x080055a0   0x000002b0   Code   RO         1406    x$fpl$ddiv          fz_wm.l(ddiv.o)
    0x08005850   0x08005850   0x00000078   Code   RO         1456    x$fpl$deqf          fz_wm.l(deqf.o)
    0x080058c8   0x080058c8   0x0000005a   Code   RO         1409    x$fpl$dfixu         fz_wm.l(dfixu.o)
    0x08005922   0x08005922   0x0000002e   Code   RO         1414    x$fpl$dflt          fz_wm.l(dflt_clz.o)
    0x08005950   0x08005950   0x00000026   Code   RO         1413    x$fpl$dfltu         fz_wm.l(dflt_clz.o)
    0x08005976   0x08005976   0x00000002   PAD
    0x08005978   0x08005978   0x00000078   Code   RO         1458    x$fpl$dgeqf         fz_wm.l(dgeqf.o)
    0x080059f0   0x080059f0   0x00000078   Code   RO         1460    x$fpl$dleqf         fz_wm.l(dleqf.o)
    0x08005a68   0x08005a68   0x00000154   Code   RO         1419    x$fpl$dmul          fz_wm.l(dmul.o)
    0x08005bbc   0x08005bbc   0x0000009c   Code   RO         1462    x$fpl$dnaninf       fz_wm.l(dnaninf.o)
    0x08005c58   0x08005c58   0x0000000c   Code   RO         1464    x$fpl$dretinf       fz_wm.l(dretinf.o)
    0x08005c64   0x08005c64   0x0000006c   Code   RO         1682    x$fpl$drleqf        fz_wm.l(drleqf.o)
    0x08005cd0   0x08005cd0   0x000001d4   Code   RO         1399    x$fpl$dsub          fz_wm.l(daddsub_clz.o)
    0x08005ea4   0x08005ea4   0x00000056   Code   RO         1421    x$fpl$f2d           fz_wm.l(f2d.o)
    0x08005efa   0x08005efa   0x00000054   Code   RO         1403    x$fpl$fcmp          fz_wm.l(dcmp.o)
    0x08005f4e   0x08005f4e   0x0000008c   Code   RO         1466    x$fpl$fnaninf       fz_wm.l(fnaninf.o)
    0x08005fda   0x08005fda   0x0000001a   Code   RO         1643    x$fpl$fpinit        fz_wm.l(fpinit.o)
    0x08005ff4   0x08005ff4   0x0000000a   Code   RO         1468    x$fpl$fretinf       fz_wm.l(fretinf.o)
    0x08005ffe   0x08005ffe   0x00000006   Code   RO         1542    x$fpl$ieeestatus    fz_wm.l(istatus.o)
    0x08006004   0x08006004   0x00000004   Code   RO         1423    x$fpl$printf1       fz_wm.l(printf1.o)
    0x08006008   0x08006008   0x00000064   Code   RO         1779    x$fpl$retnan        fz_wm.l(retnan.o)
    0x0800606c   0x0800606c   0x0000005c   Code   RO         1760    x$fpl$scalbn        fz_wm.l(scalbn.o)
    0x080060c8   0x080060c8   0x00000004   Code   RO         1544    x$fpl$scanf1        fz_wm.l(scanf1.o)
    0x080060cc   0x080060cc   0x00000008   Code   RO         1645    x$fpl$scanf2        fz_wm.l(scanf2.o)
    0x080060d4   0x080060d4   0x00000030   Code   RO         1781    x$fpl$trapveneer    fz_wm.l(trapv.o)
    0x08006104   0x08006104   0x00000000   Code   RO         1470    x$fpl$usenofp       fz_wm.l(usenofp.o)
    0x08006104   0x08006104   0x00000094   Data   RO         1511    .constdata          c_w.l(bigflt0.o)
    0x08006198   0x08006198   0x00000010   Data   RO         1264    .rodata.AHBPrescTable  system_stm32f4xx.o
    0x080061a8   0x080061a8   0x00000008   Data   RO         1265    .rodata.APBPrescTable  system_stm32f4xx.o
    0x080061b0   0x080061b0   0x00000020   Data   RO         1784    Region$$Table       anon$$obj.o
    0x080061d0   0x080061d0   0x00000008   Data   RO         1639    c$$dinf             fz_wm.l(fpconst.o)
    0x080061d8   0x080061d8   0x00000008   Data   RO         1642    c$$dmax             fz_wm.l(fpconst.o)
    0x080061e0   0x080061e0   0x0000001c   Data   RO         1537    locale$$data        c_w.l(lc_numeric_c.o)
    0x080061fc   0x080061fc   0x00000110   Data   RO         1558    locale$$data        c_w.l(lc_ctype_c.o)


    Execution Region RW_IRAM1 (Exec base: 0x20000000, Load base: 0x08006310, Size: 0x000009d8, Max: 0x00020000, ABSOLUTE)

    Exec Addr    Load Addr    Size         Type   Attr      Idx    E Section Name        Object

    0x20000000   0x08006310   0x00000004   Data   RW         1263    .data.SystemCoreClock  system_stm32f4xx.o
    0x20000004   0x08006314   0x00000004   Data   RW           38    .data.pLeft         main.o
    0x20000008   0x08006318   0x00000004   Data   RW           40    .data.pRight        main.o
    0x2000000c   0x0800631c   0x00000001   Data   RW          753    .data.uwTickFreq    stm32f4xx_hal.o
    0x2000000d   0x0800631d   0x00000003   PAD
    0x20000010   0x08006320   0x00000004   Data   RW          752    .data.uwTickPrio    stm32f4xx_hal.o
    0x20000014   0x08006324   0x00000004   PAD
    0x20000018        -       0x00000060   Zero   RW         1472    .bss                c_w.l(libspace.o)
    0x20000078        -       0x00000070   Zero   RW           51    .bss.LPID           main.o
    0x200000e8        -       0x00000050   Zero   RW           37    .bss.Left_motor     main.o
    0x20000138        -       0x00000070   Zero   RW           52    .bss.RPID           main.o
    0x200001a8        -       0x00000050   Zero   RW           39    .bss.Right_motor    main.o
    0x200001f8        -       0x00000054   Zero   RW           53    .bss.hi2c1          main.o
    0x2000024c        -       0x00000048   Zero   RW           47    .bss.htim1          main.o
    0x20000294        -       0x00000048   Zero   RW           48    .bss.htim2          main.o
    0x200002dc        -       0x00000048   Zero   RW           50    .bss.htim3          main.o
    0x20000324        -       0x00000048   Zero   RW           49    .bss.htim4          main.o
    0x2000036c        -       0x00000048   Zero   RW           46    .bss.huart2         main.o
    0x200003b4        -       0x00000014   Zero   RW           45    .bss.rx_buffer      main.o
    0x200003c8        -       0x00000001   Zero   RW           44    .bss.rx_data        main.o
    0x200003c9   0x08006324   0x00000003   PAD
    0x200003cc        -       0x00000004   Zero   RW           35    .bss.rx_index       main.o
    0x200003d0        -       0x00000004   Zero   RW          754    .bss.uwTick         stm32f4xx_hal.o
    0x200003d4   0x08006324   0x00000004   PAD
    0x200003d8        -       0x00000200   Zero   RW            2    HEAP                startup_stm32f411xe.o
    0x200005d8        -       0x00000400   Zero   RW            1    STACK               startup_stm32f411xe.o


==============================================================================

Image component sizes


      Code (inc. data)   RO Data    RW Data    ZI Data      Debug   Object Name

      2006         64          0          8        853      14706   main.o
       576         48          0          0          0       6556   motor.o
      1418         56          0          0          0       5991   pid.o
        64         26        408          0       1536        824   startup_stm32f411xe.o
       212          0          0          5          4       6857   stm32f4xx_hal.o
       258          0          0          0          0      10112   stm32f4xx_hal_cortex.o
       164          0          0          0          0       8876   stm32f4xx_hal_dma.o
       436          0          0          0          0       5139   stm32f4xx_hal_gpio.o
       398          0          0          0          0      39524   stm32f4xx_hal_i2c.o
       690          0          0          0          0      10760   stm32f4xx_hal_msp.o
      1372          0          0          0          0       7329   stm32f4xx_hal_rcc.o
      2514          4          0          0          0      42545   stm32f4xx_hal_tim.o
       152          0          0          0          0      18266   stm32f4xx_hal_tim_ex.o
      1750          0          0          0          0      24301   stm32f4xx_hal_uart.o
        56          0          0          0          0       1202   stm32f4xx_it.o
        18          0         24          4          0       2624   system_stm32f4xx.o

    ----------------------------------------------------------------------
     12208        198        464         20       2404     205612   Object Totals
         0          0         32          0          0          0   (incl. Generated)
       124          0          0          3         11          0   (incl. Padding)

    ----------------------------------------------------------------------

      Code (inc. data)   RO Data    RW Data    ZI Data      Debug   Library Member Name

        44          6          0          0          0         84   __2sprintf.o
         8          0          0          0          0         68   __main.o
       284          0          0          0          0        156   __printf_wp.o
         0          0          0          0          0          0   __rtentry.o
        12          0          0          0          0          0   __rtentry2.o
         6          0          0          0          0          0   __rtentry4.o
        52          8          0          0          0          0   __scatter.o
        26          0          0          0          0          0   __scatter_copy.o
        28          0          0          0          0          0   __scatter_zi.o
        28          0          0          0          0         68   _chval.o
        48          6          0          0          0         96   _printf_char_common.o
         6          0          0          0          0          0   _printf_f.o
      1052          0          0          0          0        148   _printf_fp_dec.o
       128         16          0          0          0         84   _printf_fp_infnan.o
         0          0          0          0          0          0   _printf_percent.o
         4          0          0          0          0          0   _printf_percent_end.o
        22          0          0          0          0        100   _rserrno.o
        64          0          0          0          0         84   _sgetc.o
        10          0          0          0          0         68   _sputc.o
       158          0          0          0          0         92   _strtoul.o
        26          0          0          0          0         80   atoi.o
       228          4        148          0          0         96   bigflt0.o
      2152        136          0          0          0        960   btod.o
        18          0          0          0          0         80   exit.o
         6          0          0          0          0        152   heapauxi.o
         0          0          0          0          0          0   indicate_semi.o
        18          0          0          0          0         76   isspace.o
        44         10        272          0          0         76   lc_ctype_c.o
        44         10         28          0          0         76   lc_numeric_c.o
         2          0          0          0          0          0   libinit.o
        34          0          0          0          0          0   libinit2.o
         2          0          0          0          0          0   libshutdown.o
         2          0          0          0          0          0   libshutdown2.o
         8          4          0          0         96         68   libspace.o
        38          0          0          0          0         68   llshl.o
       138          0          0          0          0         80   lludiv10.o
       240          0          0          0          0        100   lludivv7m.o
        16          4          0          0          0         76   rt_ctype_table.o
         8          4          0          0          0         68   rt_errno_addr_intlibspace.o
         8          4          0          0          0         68   rt_locale_intlibspace.o
        78          0          0          0          0         80   rt_memclr_w.o
         2          0          0          0          0          0   rtexit.o
        10          0          0          0          0          0   rtexit2.o
      1272         16          0          0          0        168   scanf_fp.o
       800         14          0          0          0        100   scanf_hexfp.o
       308         16          0          0          0        100   scanf_infnan.o
        20          0          0          0          0         68   strchr.o
       124          0          0          0          0         88   strcmpv7em.o
       176         14          0          0          0        124   strtod.o
       112          0          0          0          0         88   strtol.o
        12          4          0          0          0         68   sys_exit.o
        74          0          0          0          0         80   sys_stackheap_outer.o
         2          0          0          0          0         68   use_no_semi.o
        98          4          0          0          0        140   d2f.o
       804         16          0          0          0        376   daddsub_clz.o
        16          4          0          0          0        116   dcheck1.o
        84          0          0          0          0        244   dcmp.o
        24          0          0          0          0        116   dcmpi.o
       688        140          0          0          0        264   ddiv.o
       120          4          0          0          0        140   deqf.o
        90          4          0          0          0        140   dfixu.o
        84          0          0          0          0        232   dflt_clz.o
       120          4          0          0          0        140   dgeqf.o
       120          4          0          0          0        140   dleqf.o
       340         12          0          0          0        152   dmul.o
       156          4          0          0          0        140   dnaninf.o
        12          0          0          0          0        116   dretinf.o
       108          0          0          0          0        128   drleqf.o
        86          4          0          0          0        132   f2d.o
       140          4          0          0          0        132   fnaninf.o
         0          0         16          0          0          0   fpconst.o
        26          0          0          0          0        116   fpinit.o
        10          0          0          0          0        116   fretinf.o
         6          0          0          0          0        116   istatus.o
         4          0          0          0          0        116   printf1.o
       100          0          0          0          0        116   retnan.o
        92          0          0          0          0        116   scalbn.o
         4          0          0          0          0        116   scanf1.o
         8          0          0          0          0        132   scanf2.o
        48          0          0          0          0        116   trapv.o
         0          0          0          0          0          0   usenofp.o
        56         10          0          0          0        132   atof.o
        64         16          0          0          0        248   dunder.o
        48          0          0          0          0        124   fpclassify.o
       140         22          0          0          0        132   frexp.o
       228          8          0          0          0        308   ldexp.o
       266         16          0          0          0        308   narrow.o

    ----------------------------------------------------------------------
     12220        552        464          0         96       9364   Library Totals
        28          0          0          0          0          0   (incl. Padding)

    ----------------------------------------------------------------------

      Code (inc. data)   RO Data    RW Data    ZI Data      Debug   Library Name

      8002        276        448          0         96       4204   c_w.l
      3388        204         16          0          0       3908   fz_wm.l
       802         72          0          0          0       1252   m_wm.l

    ----------------------------------------------------------------------
     12220        552        464          0         96       9364   Library Totals

    ----------------------------------------------------------------------

==============================================================================


      Code (inc. data)   RO Data    RW Data    ZI Data      Debug   

     24428        750        928         20       2500     208964   Grand Totals
     24428        750        928         20       2500     208964   ELF Image Totals
     24428        750        928         20          0          0   ROM Totals

==============================================================================

    Total RO  Size (Code + RO Data)                25356 (  24.76kB)
    Total RW  Size (RW Data + ZI Data)              2520 (   2.46kB)
    Total ROM Size (Code + RO Data + RW Data)      25376 (  24.78kB)

==============================================================================

